<html>
<body>
<pre>
<h1>킮ision Build Log</h1>
<h2>Tool Versions:</h2>
IDE-Version: μVision V5.23.0.0
Copyright (C) 2017 ARM Ltd and ARM Germany GmbH. All rights reserved.
License Information: LX Semicon LX Semicon, LX Semicon Co., Ltd., LIC=8WSNR-KWL6M-MWI2L-YV1JX-47UGM-XLR9Z
 
Tool Versions:
Toolchain:       MDK-ARM Standard Cortex-M only  Version: 5.23
Toolchain Path:  C:\Keil_v5\ARM\ARMCC\Bin
C Compiler:      Armcc.exe V5.06 update 4 (build 422)
Assembler:       Armasm.exe V5.06 update 4 (build 422)
Linker/Locator:  ArmLink.exe V5.06 update 4 (build 422)
Library Manager: ArmAr.exe V5.06 update 4 (build 422)
Hex Converter:   FromElf.exe V5.06 update 4 (build 422)
CPU DLL:         SARMCM3.DLL V5.23
Dialog DLL:      DCM.DLL V1.15.0.0
Target DLL:      UL2CM3.DLL V1.159.7.0
Dialog DLL:      TCM.DLL V1.27.0.0
 
<h2>Project:</h2>
C:\Users\heon2\Desktop\work\Touch Algorithm 공부 자료\FW\Conflict_Test_Monitor_SW47702_BOE_MNT_23.8_FHD_SW97500_Dell_AEGIS_USB_Finger\KeilProjects\APPLICATION_USED_BOOT_Trim\APPLICATION_USED_BOOT_Trim.uvprojx
Project File Date:  09/02/2022

<h2>Output:</h2>
*** Using Compiler 'V5.06 update 4 (build 422)', folder: 'C:\Keil_v5\ARM\ARMCC\Bin'
Build Project 'APPLICATION_USED_BOOT_Trim' - Target 'MFTP FPGA'
compiling app_info.c...
compiling algorithm_conf.c...
compiling app.c...
compiling app_main.c...
compiling app_tuning_process.c...
compiling app_conf.c...
compiling app_normal.c...
compiling app_dfup.c...
compiling algorithm_baseline.c...
compiling app_diag.c...
compiling algorithm.c...
compiling memory_pool.c...
compiling memory_pool_local.c...
compiling hal_fnc.c...
compiling hal_conf.c...
compiling interrupt.c...
compiling algorithm_noise.c...
compiling hal.c...
compiling algorithm_label.c...
C:\Users\heon2\Desktop\work\Touch Algorithm 공부 자료\FW\Conflict_Test_Monitor_SW47702_BOE_MNT_23.8_FHD_SW97500_Dell_AEGIS_USB_Finger\App\Algorithm\Label\algorithm_label.c(462): warning:  #550-D: variable "PalmTouchDownFlag"  was set but never used
  	uint8_t PalmDetectingFlag = 0,PalmTouchDownFlag = 0, SavePalmRegion = 0, PalmCnt = 0;
C:\Users\heon2\Desktop\work\Touch Algorithm 공부 자료\FW\Conflict_Test_Monitor_SW47702_BOE_MNT_23.8_FHD_SW97500_Dell_AEGIS_USB_Finger\App\Algorithm\Label\algorithm_label.c(1293): warning:  #177-D: variable "neighbor_label_id"  was declared but never referenced
  	uint8_t neighbor_label_id;
C:\Users\heon2\Desktop\work\Touch Algorithm 공부 자료\FW\Conflict_Test_Monitor_SW47702_BOE_MNT_23.8_FHD_SW97500_Dell_AEGIS_USB_Finger\App\Algorithm\Label\algorithm_label.c(1439): warning:  #550-D: variable "DiagonalFlag"  was set but never used
    uint8_t rLabel_val, DiagonalFlag = 0;
..\..\App\Algorithm\Label\algorithm_label.c: 3 warnings, 0 errors
compiling i2c.c...
compiling i2cm.c...
compiling gpio.c...
compiling wdgt.c...
compiling pwmdrv.c...
compiling DSP_B.c...
compiling mspi.c...
compiling algorithm_coord.c...
compiling DSP_B_code.c...
compiling timer.c...
compiling scrb.c...
compiling dspA.c...
compiling Pe_my_usbtable.c...
compiling timer_tick.c...
compiling flitf.c...
compiling module_conf.c...
compiling sric.c...
compiling roic_ctrl_sw92502.c...
compiling roic_ctrl_swl92406.c...
compiling Pe_usb.c...
compiling roic_ctrl_sw92503.c...
compiling module.c...
compiling roic_ctrl_sw97500.c...
compiling roic_ctrl_sw98500.c...
compiling roic_ctrl_sw92503s.c...
compiling roic_ctrl_swl92407.c...
compiling protocol.c...
compiling protocol_conf.c...
compiling protocol_log.c...
compiling roic_ctrl_sw92503B.c...
compiling param.c...
compiling protocol_swip.c...
compiling param_config_fixed.c...
compiling param_config_preset.c...
linking...
C:\Users\heon2\Desktop\work\Touch Algorithm 공부 자료\FW\Conflict_Test_Monitor_SW47702_BOE_MNT_23.8_FHD_SW97500_Dell_AEGIS_USB_Finger\KeilProjects\APPLICATION_USED_BOOT_Trim\MFTP_SiW_APP.scat(51): warning: L6329W: Pattern memory_pool_local.o(RW) only matches removed unused sections.
C:\Users\heon2\Desktop\work\Touch Algorithm 공부 자료\FW\Conflict_Test_Monitor_SW47702_BOE_MNT_23.8_FHD_SW97500_Dell_AEGIS_USB_Finger\KeilProjects\APPLICATION_USED_BOOT_Trim\MFTP_SiW_APP.scat(51): warning: L6329W: Pattern memory_pool_local.o(ZI) only matches removed unused sections.
Program Size: Code=67628 RO-data=11444 RW-data=6812 ZI-data=86876  
Finished: 0 information, 2 warning and 0 error messages.
FromELF: creating hex file...
After Build - User command #1: app_Build_post_process.bat
C:\Users\heon2\Desktop\work\Touch Algorithm 공부 자료\FW\Conflict_Test_Monitor_SW47702_BOE_MNT_23.8_FHD_SW97500_Dell_AEGIS_USB_Finger\KeilProjects\APPLICATION_USED_BOOT_Trim>癤?
'癤?'은(는) 내부 또는 외부 명령, 실행할 수 있는 프로그램, 또는
배치 파일이 아닙니다.
C:\Users\heon2\Desktop\work\Touch Algorithm 공부 자료\FW\Conflict_Test_Monitor_SW47702_BOE_MNT_23.8_FHD_SW97500_Dell_AEGIS_USB_Finger\KeilProjects\APPLICATION_USED_BOOT_Trim>fromelf.exe --bin "bin\MFTP.axf" -o "bin\Binary\APP.bin" 
C:\Users\heon2\Desktop\work\Touch Algorithm 공부 자료\FW\Conflict_Test_Monitor_SW47702_BOE_MNT_23.8_FHD_SW97500_Dell_AEGIS_USB_Finger\KeilProjects\APPLICATION_USED_BOOT_Trim>copy "bin\MFTP.axf" "bin\Binary\APP.axf" 
        1개 파일이 복사되었습니다.
C:\Users\heon2\Desktop\work\Touch Algorithm 공부 자료\FW\Conflict_Test_Monitor_SW47702_BOE_MNT_23.8_FHD_SW97500_Dell_AEGIS_USB_Finger\KeilProjects\APPLICATION_USED_BOOT_Trim>copy "bin\MFTP.hex" "bin\Binary\APP.hex" 
        1개 파일이 복사되었습니다.
C:\Users\heon2\Desktop\work\Touch Algorithm 공부 자료\FW\Conflict_Test_Monitor_SW47702_BOE_MNT_23.8_FHD_SW97500_Dell_AEGIS_USB_Finger\KeilProjects\APPLICATION_USED_BOOT_Trim>copy "list\MFTP.map" "bin\Binary\APP.map" 
        1개 파일이 복사되었습니다.
C:\Users\heon2\Desktop\work\Touch Algorithm 공부 자료\FW\Conflict_Test_Monitor_SW47702_BOE_MNT_23.8_FHD_SW97500_Dell_AEGIS_USB_Finger\KeilProjects\APPLICATION_USED_BOOT_Trim>fromelf -c -d -o "bin\Binary\APP.lst" "bin\Binary\APP.axf" 
C:\Users\heon2\Desktop\work\Touch Algorithm 공부 자료\FW\Conflict_Test_Monitor_SW47702_BOE_MNT_23.8_FHD_SW97500_Dell_AEGIS_USB_Finger\KeilProjects\APPLICATION_USED_BOOT_Trim>..\tool\arm-none-eabi-objcopy -I elf32-little -O binary "bin\app_info.o" "bin\Binary\APP_INFO.bin" 
C:\Users\heon2\Desktop\work\Touch Algorithm 공부 자료\FW\Conflict_Test_Monitor_SW47702_BOE_MNT_23.8_FHD_SW97500_Dell_AEGIS_USB_Finger\KeilProjects\APPLICATION_USED_BOOT_Trim>..\tool\bin_tool.exe -fullsbtotal "bin\Binary\APP_FULLMEM.img" "bin\Binary\TOTAL_FULLMEM.img" "..\ref\BOOT_Trim_702_v01.03.img" "bin\Binary\APP.bin" "..\ref\APP_SIMPLE_BOOT.bin" 
=========================================================
================ Binary Convert Start  ==================
<< SW4770X Firmware Tool version 00.03 >>
Bootloader        Code Size : 00003000(12288)byte
Application       Code Size : 00013928(80168)byte
SimpleBoot        Code Size : 00000808(2056)byte
Bootloader        Version   : 01.03
Application       Version   : 00.01
Bootloader        CRC       : BD524C92
Application       CRC       : E96ADF86
Bootloader        VID       : 0x5369
Bootloader        PID       : 0x7702
Application       VID       : 0x29BD
Application       PID       : 0x9302
===============  Binary Convert Success!!  ==============
=========================================================
".\bin\MFTP.axf" - 0 Error(s), 5 Warning(s).

<h2>Collection of Component include folders:</h2>
  .\RTE\_MFTP_FPGA
  C:\Keil_v5\ARM\PACK\ARM\CMSIS\5.0.1\Device\ARM\ARMCM3\Include

<h2>Collection of Component Files used:</h2>
Build Time Elapsed:  00:00:06
</pre>
</body>
</html>
