Component: ARM Compiler 5.06 update 4 (build 422) Tool: armlink [4d35d2]

==============================================================================

Section Cross References

    app.o(APP) refers to hal_fnc.o(.data_head) for Fncp_PendSV_IRQHandler
    app.o(i.main) refers to gpio.o(i.GPIO_Init) for GPIO_Init
    app.o(i.main) refers to timer.o(i.medium_delay) for medium_delay
    app.o(i.main) refers to app_main.o(i.app_MainProc) for app_MainProc
    app.o(i.main) refers to app.o(.data) for .data
    app_conf.o(i.app_GetCommonConfig) refers to app_conf.o(.data) for .data
    app_conf.o(i.app_GetInfo) refers to app_conf.o(.data) for .data
    app_conf.o(i.app_SetCommonConfig) refers to app_conf.o(.data) for .data
    app_conf.o(.data) refers to app_conf.o(.data) for <Data1>
    app_dfup.o(i.app_dfup_oper_handler) refers to protocol_swip.o(i.protocol_swip_GetDFUP_Ready) for protocol_swip_GetDFUP_Ready
    app_dfup.o(i.app_dfup_oper_handler) refers to scrb.o(i.SCRB_USB_Reset) for SCRB_USB_Reset
    app_dfup.o(i.app_dfup_oper_handler) refers to rt_memclr_w.o(.text) for __aeabi_memclr4
    app_dfup.o(i.app_dfup_oper_handler) refers to scrb.o(i.SCRB_Remap_And_Reset) for SCRB_Remap_And_Reset
    app_diag.o(i.app_diag_Init) refers to algorithm_conf.o(i.algorithm_GetInfo) for algorithm_GetInfo
    app_diag.o(i.app_diag_Init) refers to app_diag.o(.data) for .data
    app_diag.o(i.app_diag_oper_handler) refers to algorithm_conf.o(i.algorithm_GetInfo) for algorithm_GetInfo
    app_diag.o(i.app_diag_oper_handler) refers to protocol_swip.o(i.protocol_swip_PendReadyStatus) for protocol_swip_PendReadyStatus
    app_diag.o(i.app_diag_oper_handler) refers to module_conf.o(i.module_GetCommonConfig) for module_GetCommonConfig
    app_diag.o(i.app_diag_oper_handler) refers to algorithm_conf.o(i.algorithm_GetModeConfig) for algorithm_GetModeConfig
    app_diag.o(i.app_diag_oper_handler) refers to protocol_swip.o(i.protocol_swip_GetTestType) for protocol_swip_GetTestType
    app_diag.o(i.app_diag_oper_handler) refers to rt_memclr_w.o(.text) for __aeabi_memclr4
    app_diag.o(i.app_diag_oper_handler) refers to module.o(i.module_wait_full_sample_done) for module_wait_full_sample_done
    app_diag.o(i.app_diag_oper_handler) refers to protocol_swip.o(i.protocol_swip_GetABSAvrCount) for protocol_swip_GetABSAvrCount
    app_diag.o(i.app_diag_oper_handler) refers to algorithm.o(i.alogorithm_linefilter_2) for alogorithm_linefilter_2
    app_diag.o(i.app_diag_oper_handler) refers to hal.o(i.HAL_SetDiagTestSensingChangeMode) for HAL_SetDiagTestSensingChangeMode
    app_diag.o(i.app_diag_oper_handler) refers to app_diag.o(.data) for .data
    app_diag.o(i.app_diag_oper_handler) refers to memory_pool.o(.bss) for FullSharedBuff
    app_diag.o(i.app_diag_oper_handler) refers to app_diag.o(.constdata) for .constdata
    app_diag.o(i.app_diag_oper_handler) refers to protocol_swip.o(i.protocol_swip_PendTestResult) for protocol_swip_PendTestResult
    app_diag.o(i.app_diag_oper_handler) refers to protocol_swip.o(i.protocol_swip_GetMode) for protocol_swip_GetMode
    app_diag.o(i.app_diag_oper_handler) refers to module_conf.o(i.module_GetModeConfig) for module_GetModeConfig
    app_diag.o(i.app_diag_oper_handler) refers to rt_memclr.o(.text) for __aeabi_memclr
    app_diag.o(i.app_diag_oper_handler) refers to module.o(i.module_Stop) for module_Stop
    app_diag.o(i.app_diag_oper_handler) refers to algorithm_baseline.o(.data) for g_pFingerBaseImage
    app_main.o(i.app_MainProc) refers to module.o(i.module_HW_Init) for module_HW_Init
    app_main.o(i.app_MainProc) refers to param.o(i.PARAM_Initialize) for PARAM_Initialize
    app_main.o(i.app_MainProc) refers to hal.o(i.HAL_Initialize) for HAL_Initialize
    app_main.o(i.app_MainProc) refers to module.o(i.module_Watch_Enable) for module_Watch_Enable
    app_main.o(i.app_MainProc) refers to app_normal.o(i.app_normal_oper_handler) for app_normal_oper_handler
    app_main.o(i.app_MainProc) refers to app_diag.o(i.app_diag_oper_handler) for app_diag_oper_handler
    app_main.o(i.app_MainProc) refers to app_dfup.o(i.app_dfup_oper_handler) for app_dfup_oper_handler
    app_normal.o(i.app_normal_Init) refers to algorithm_conf.o(i.algorithm_GetInfo) for algorithm_GetInfo
    app_normal.o(i.app_normal_Init) refers to app_conf.o(i.app_GetCommonConfig) for app_GetCommonConfig
    app_normal.o(i.app_normal_Init) refers to app_normal.o(.data) for .data
    app_normal.o(i.app_normal_oper_handler) refers to algorithm_conf.o(i.algorithm_GetInfo) for algorithm_GetInfo
    app_normal.o(i.app_normal_oper_handler) refers to app_conf.o(i.app_GetCommonConfig) for app_GetCommonConfig
    app_normal.o(i.app_normal_oper_handler) refers to module.o(i.module_Check_SMT_Mode) for module_Check_SMT_Mode
    app_normal.o(i.app_normal_oper_handler) refers to module.o(i.module_Enter_SMT_Mode) for module_Enter_SMT_Mode
    app_normal.o(i.app_normal_oper_handler) refers to gpio.o(i.GPIO_Initialize) for GPIO_Initialize
[...]
    SRIC_Reset                               0x00005699   Thumb Code     6  sric.o(i.SRIC_Reset)
    SRIC_Run                                 0x000056a5   Thumb Code     6  sric.o(i.SRIC_Run)
    SRIC_SetDiagTestOperationMode            0x000056b1   Thumb Code    34  sric.o(i.SRIC_SetDiagTestOperationMode)
    SRIC_SetRuntimeChangeRegister            0x000056d9   Thumb Code    28  sric.o(i.SRIC_SetRuntimeChangeRegister)
    SW97500_Initialize                       0x000056f9   Thumb Code    12  roic_ctrl_sw97500.o(i.SW97500_Initialize)
    SW97500_RawDataLocalRuntimeCalibration   0x00005709   Thumb Code   828  roic_ctrl_sw97500.o(i.SW97500_RawDataLocalRuntimeCalibration)
    SW97500_RegisterInit                     0x00005e49   Thumb Code   320  roic_ctrl_sw97500.o(i.SW97500_RegisterInit)
    SW97500_RegisterSingleWrite              0x00005f91   Thumb Code   152  roic_ctrl_sw97500.o(i.SW97500_RegisterSingleWrite)
    SW97500_Reset                            0x000060c9   Thumb Code    86  roic_ctrl_sw97500.o(i.SW97500_Reset)
    SW97500_Run                              0x00006121   Thumb Code   104  roic_ctrl_sw97500.o(i.SW97500_Run)
    SW97500_SetActiveOperationMode           0x0000618d   Thumb Code   308  roic_ctrl_sw97500.o(i.SW97500_SetActiveOperationMode)
    SW97500_SetDiagTestOperationMode         0x000062c5   Thumb Code  1196  roic_ctrl_sw97500.o(i.SW97500_SetDiagTestOperationMode)
    SW97500_SetIdleOperationMode             0x00006779   Thumb Code   338  roic_ctrl_sw97500.o(i.SW97500_SetIdleOperationMode)
    SW97500_SetRuntimeChangeRegister         0x000068cb   Thumb Code    48  roic_ctrl_sw97500.o(i.SW97500_SetRuntimeChangeRegister)
    SW97500_SetS3OperationMode               0x000068fd   Thumb Code   474  roic_ctrl_sw97500.o(i.SW97500_SetS3OperationMode)
    SendCustomData_I2C                       0x00006add   Thumb Code    48  i2c.o(i.SendCustomData_I2C)
    SendTouchData                            0x00006b11   Thumb Code   528  pe_usb.o(i.SendTouchData)
    SendTouchData_USB                        0x00006d31   Thumb Code   130  pe_usb.o(i.SendTouchData_USB)
    SensingBufferInit                        0x00006dbd   Thumb Code    42  interrupt.o(i.SensingBufferInit)
    StaticQueue_CheckFull                    0x00006df1   Thumb Code    26  pe_usb.o(i.StaticQueue_CheckFull)
    StaticQueue_CheckInit                    0x00006e11   Thumb Code    38  pe_usb.o(i.StaticQueue_CheckInit)
    StaticQueue_Init                         0x00006e39   Thumb Code    46  pe_usb.o(i.StaticQueue_Init)
    StaticQueue_Push                         0x00006e71   Thumb Code    90  pe_usb.o(i.StaticQueue_Push)
    TIMER_Initialize                         0x00006ecd   Thumb Code   116  timer.o(i.TIMER_Initialize)
    TIMER_InterruptHandler                   0x00006f49   Thumb Code   114  timer.o(i.TIMER_InterruptHandler)
    TIMER_SetPeriodicMode                    0x00006fc5   Thumb Code   198  timer.o(i.TIMER_SetPeriodicMode)
    TIMER_StartTimer                         0x00007091   Thumb Code   152  timer.o(i.TIMER_StartTimer)
    TimerTick_Initialize                     0x00007131   Thumb Code    42  timer_tick.o(i.TimerTick_Initialize)
    TimerTick_InterruptHandler               0x00007169   Thumb Code    22  timer_tick.o(i.TimerTick_InterruptHandler)
    USB_DevInit                              0x00007185   Thumb Code   224  pe_usb.o(i.USB_DevInit)
    USB_InterruptHandler                     0x00007279   Thumb Code  1108  pe_usb.o(i.USB_InterruptHandler)
    USB_ResetResume                          0x000076d1   Thumb Code   174  pe_usb.o(i.USB_ResetResume)
    WDGT_InterruptHandler                    0x0000778d   Thumb Code    60  wdgt.o(i.WDGT_InterruptHandler)
    __ARM_common_memclr4_10                  0x000077d5   Thumb Code    10  algorithm.o(i.__ARM_common_memclr4_10)
    __ARM_common_memclr4_8                   0x000077df   Thumb Code     8  pe_usb.o(i.__ARM_common_memclr4_8)
    algorithm_Check_FreqHopping              0x000077e9   Thumb Code   188  algorithm_noise.o(i.algorithm_Check_FreqHopping)
    algorithm_GetCommonConfig                0x000078a9   Thumb Code     6  algorithm_conf.o(i.algorithm_GetCommonConfig)
    algorithm_GetInfo                        0x000078b5   Thumb Code     6  algorithm_conf.o(i.algorithm_GetInfo)
    algorithm_GetModeConfig                  0x000078c1   Thumb Code     6  algorithm_conf.o(i.algorithm_GetModeConfig)
    algorithm_PendTouchEvent                 0x000078cd   Thumb Code   890  algorithm.o(i.algorithm_PendTouchEvent)
    algorithm_SetCommonConfig                0x00007c6d   Thumb Code     6  algorithm_conf.o(i.algorithm_SetCommonConfig)
    algorithm_SetModeConfig                  0x00007c79   Thumb Code     6  algorithm_conf.o(i.algorithm_SetModeConfig)
    algorithm_baseline_calculate_delta       0x00007c85   Thumb Code   510  algorithm_baseline.o(i.algorithm_baseline_calculate_delta)
    algorithm_baseline_calculate_delta_S3    0x00007e95   Thumb Code   306  algorithm_baseline.o(i.algorithm_baseline_calculate_delta_S3)
    algorithm_baseline_init                  0x00007fd1   Thumb Code    46  algorithm_baseline.o(i.algorithm_baseline_init)
    algorithm_baseline_init_param            0x0000800d   Thumb Code    18  algorithm_baseline.o(i.algorithm_baseline_init_param)
    algorithm_baseline_tracking_continuous   0x00008025   Thumb Code   224  algorithm_baseline.o(i.algorithm_baseline_tracking_continuous)
    algorithm_baseline_tracking_continuous_S3 0x00008121   Thumb Code   106  algorithm_baseline.o(i.algorithm_baseline_tracking_continuous_S3)
    algorithm_baseline_tracking_initial      0x000081a1   Thumb Code   168  algorithm_baseline.o(i.algorithm_baseline_tracking_initial)
    algorithm_baseline_tracking_initial_S3   0x00008251   Thumb Code   168  algorithm_baseline.o(i.algorithm_baseline_tracking_initial_S3)
    algorithm_calc_sqrt                      0x00008301   Thumb Code   124  algorithm.o(i.algorithm_calc_sqrt)
    algorithm_coord_IsEdgeArea               0x0000837d   Thumb Code    84  algorithm_coord.o(i.algorithm_coord_IsEdgeArea)
    algorithm_coord_OutInDrawing             0x000083d5   Thumb Code   574  algorithm_coord.o(i.algorithm_coord_OutInDrawing)
    algorithm_coord_PostProcess_1            0x00008619   Thumb Code  1440  algorithm_coord.o(i.algorithm_coord_PostProcess_1)
    algorithm_coord_UpdatePosHistoryInfo     0x00008bb9   Thumb Code   508  algorithm_coord.o(i.algorithm_coord_UpdatePosHistoryInfo)
    algorithm_coord_calc_distance            0x00008db9   Thumb Code    16  algorithm_coord.o(i.algorithm_coord_calc_distance)
    algorithm_coord_calc_pos                 0x00008dc9   Thumb Code  2848  algorithm_coord.o(i.algorithm_coord_calc_pos)
    algorithm_coord_drawing_assistance       0x000098e9   Thumb Code   990  algorithm_coord.o(i.algorithm_coord_drawing_assistance)
    algorithm_coord_init                     0x00009ccd   Thumb Code   344  algorithm_coord.o(i.algorithm_coord_init)
    algorithm_coord_init_param               0x00009e29   Thumb Code    12  algorithm_coord.o(i.algorithm_coord_init_param)
    algorithm_coord_initialise_pos_buffer    0x00009e39   Thumb Code   198  algorithm_coord.o(i.algorithm_coord_initialise_pos_buffer)
    algorithm_coord_interpolation            0x00009f05   Thumb Code   306  algorithm_coord.o(i.algorithm_coord_interpolation)
    algorithm_coord_interpolation_v02        0x0000a03d   Thumb Code   438  algorithm_coord.o(i.algorithm_coord_interpolation_v02)
    algorithm_coord_process                  0x0000a1f9   Thumb Code    66  algorithm_coord.o(i.algorithm_coord_process)
    algorithm_coord_smoothing_pos            0x0000a241   Thumb Code  1574  algorithm_coord.o(i.algorithm_coord_smoothing_pos)
    algorithm_coord_tracking_pos             0x0000a875   Thumb Code  2770  algorithm_coord.o(i.algorithm_coord_tracking_pos)
    algorithm_init                           0x0000b349   Thumb Code   100  algorithm.o(i.algorithm_init)
    algorithm_label_Add_NewNode_to_LabelRecord 0x0000b3b1   Thumb Code   150  algorithm_label.o(i.algorithm_label_Add_NewNode_to_LabelRecord)
    algorithm_label_EdgeExpand_Finger        0x0000b44d   Thumb Code   878  algorithm_coord.o(i.algorithm_label_EdgeExpand_Finger)
    algorithm_label_GetConflictInfo          0x0000b7c5   Thumb Code   418  algorithm_label.o(i.algorithm_label_GetConflictInfo)
    algorithm_label_Insert_NewRecord_to_LabelTable 0x0000b979   Thumb Code   116  algorithm_label.o(i.algorithm_label_Insert_NewRecord_to_LabelTable)
    algorithm_label_MarkBoundary             0x0000b9f5   Thumb Code   340  algorithm_label.o(i.algorithm_label_MarkBoundary)
    algorithm_label_Merge                    0x0000bb51   Thumb Code  1120  algorithm_label.o(i.algorithm_label_Merge)
    algorithm_label_Merge_PostProcess        0x0000bfb1   Thumb Code   578  algorithm_label.o(i.algorithm_label_Merge_PostProcess)
    algorithm_label_SearchValidArea          0x0000c1fd   Thumb Code   848  algorithm_label.o(i.algorithm_label_SearchValidArea)
    algorithm_label_Split                    0x0000c555   Thumb Code   628  algorithm_label.o(i.algorithm_label_Split)
    algorithm_label_SplitNMerge_process      0x0000c7d1   Thumb Code   222  algorithm_label.o(i.algorithm_label_SplitNMerge_process)
    algorithm_label_Split_PostProcess        0x0000c8b5   Thumb Code   470  algorithm_label.o(i.algorithm_label_Split_PostProcess)
    algorithm_label_init                     0x0000ca99   Thumb Code    40  algorithm_label.o(i.algorithm_label_init)
    algorithm_label_init_param               0x0000cacd   Thumb Code    12  algorithm_label.o(i.algorithm_label_init_param)
    algorithm_label_palm_rejection           0x0000cadd   Thumb Code  1588  algorithm_label.o(i.algorithm_label_palm_rejection)
    algorithm_label_process                  0x0000d119   Thumb Code   128  algorithm_label.o(i.algorithm_label_process)
    algorithm_noise_detection                0x0000d1a5   Thumb Code   488  algorithm_noise.o(i.algorithm_noise_detection)
    algorithm_noise_detection_v2             0x0000d399   Thumb Code   546  algorithm_noise.o(i.algorithm_noise_detection_v2)
    algorithm_noise_init                     0x0000d5c1   Thumb Code    24  algorithm_noise.o(i.algorithm_noise_init)
    algorithm_noise_initialize               0x0000d5dd   Thumb Code    80  algorithm_noise.o(i.algorithm_noise_initialize)
    algorithm_noise_process                  0x0000d631   Thumb Code    26  algorithm_noise.o(i.algorithm_noise_process)
    algorithm_process                        0x0000d651   Thumb Code   758  algorithm.o(i.algorithm_process)
    algorithm_process_S3                     0x0000d965   Thumb Code   310  algorithm.o(i.algorithm_process_S3)
    alogorithm_coord_modify_pos              0x0000dab5   Thumb Code   498  algorithm_coord.o(i.alogorithm_coord_modify_pos)
    alogorithm_linefilter                    0x0000dcad   Thumb Code   430  algorithm.o(i.alogorithm_linefilter)
    alogorithm_linefilter_2                  0x0000de6d   Thumb Code   260  algorithm.o(i.alogorithm_linefilter_2)
    alogorithm_linefilter_simple             0x0000dfb1   Thumb Code   196  algorithm.o(i.alogorithm_linefilter_simple)
    alogorithm_vertical_linefilter_simple    0x0000e085   Thumb Code   184  algorithm.o(i.alogorithm_vertical_linefilter_simple)
    app_GetCommonConfig                      0x0000e149   Thumb Code     6  app_conf.o(i.app_GetCommonConfig)
    app_GetInfo                              0x0000e155   Thumb Code     6  app_conf.o(i.app_GetInfo)
    app_MainProc                             0x0000e161   Thumb Code    58  app_main.o(i.app_MainProc)
    app_SetCommonConfig                      0x0000e19d   Thumb Code     6  app_conf.o(i.app_SetCommonConfig)
    app_dfup_oper_handler                    0x0000e1a9   Thumb Code   144  app_dfup.o(i.app_dfup_oper_handler)
    app_diag_oper_handler                    0x0000e239   Thumb Code  2228  app_diag.o(i.app_diag_oper_handler)
    app_normal_oper_handler                  0x0000eb05   Thumb Code   998  app_normal.o(i.app_normal_oper_handler)
    delay_ms                                 0x0000ef05   Thumb Code   132  timer_tick.o(i.delay_ms)
    delay_us                                 0x0000ef8d   Thumb Code   122  timer_tick.o(i.delay_us)
    getElapsedLongSYSTICK                    0x0000f00d   Thumb Code    58  timer_tick.o(i.getElapsedLongSYSTICK)
    hal_GetInfo                              0x0000f04d   Thumb Code     6  hal_conf.o(i.hal_GetInfo)
    hal_Info_GetControlActivePenOPType       0x0000f059   Thumb Code    10  hal_conf.o(i.hal_Info_GetControlActivePenOPType)
    hal_Info_GetControlActivePenSettingType  0x0000f069   Thumb Code    10  hal_conf.o(i.hal_Info_GetControlActivePenSettingType)
    hal_Info_GetControlLocalFingerOPType     0x0000f079   Thumb Code    10  hal_conf.o(i.hal_Info_GetControlLocalFingerOPType)
    hal_Info_GetPenDectionEnable             0x0000f089   Thumb Code    10  hal_conf.o(i.hal_Info_GetPenDectionEnable)
    hal_SetCommonConfig                      0x0000f099   Thumb Code     6  hal_conf.o(i.hal_SetCommonConfig)
    hal_clear_overlap_pen                    0x0000f0a5   Thumb Code     8  module.o(i.hal_clear_overlap_pen)
    hal_mspi_GetCommonConfig                 0x0000f0b1   Thumb Code     6  hal_conf.o(i.hal_mspi_GetCommonConfig)
    hal_mspi_GetControlConfig                0x0000f0bd   Thumb Code    20  hal_conf.o(i.hal_mspi_GetControlConfig)
    hal_pwmdrv_GetCommonConfig               0x0000f0d5   Thumb Code     8  hal_conf.o(i.hal_pwmdrv_GetCommonConfig)
    hal_pwmdrv_GetControlConfig              0x0000f0e1   Thumb Code    26  hal_conf.o(i.hal_pwmdrv_GetControlConfig)
    hal_set_irq_flag                         0x0000f101   Thumb Code     8  module.o(i.hal_set_irq_flag)
    hal_set_overlap_pen                      0x0000f10d   Thumb Code     8  module.o(i.hal_set_overlap_pen)
    heon_algorithm                           0x0000f119   Thumb Code   170  algorithm_label.o(i.heon_algorithm)
    initBoardGPIO                            0x0000f1d1   Thumb Code    30  hal.o(i.initBoardGPIO)
    initECLK                                 0x0000f1f1   Thumb Code    60  hal.o(i.initECLK)
    initMNT_S3_MODE_GPIO                     0x0000f231   Thumb Code    30  hal.o(i.initMNT_S3_MODE_GPIO)
    init_DSP_B                               0x0000f251   Thumb Code    28  dsp_b.o(i.init_DSP_B)
    main                                     0x0000f279   Thumb Code   132  app.o(i.main)
    medium_delay                             0x0000f315   Thumb Code    54  timer.o(i.medium_delay)
    module_Check_SMT_Mode                    0x0000f351   Thumb Code    28  module.o(i.module_Check_SMT_Mode)
    module_Enter_SMT_Mode                    0x0000f36d   Thumb Code    82  module.o(i.module_Enter_SMT_Mode)
    module_Exit_SMT_Mode                     0x0000f3bf   Thumb Code     4  module.o(i.module_Exit_SMT_Mode)
    module_GetCommonConfig                   0x0000f3c5   Thumb Code     6  module_conf.o(i.module_GetCommonConfig)
    module_GetFixedConfig                    0x0000f3d1   Thumb Code     6  module_conf.o(i.module_GetFixedConfig)
    module_GetModeConfig                     0x0000f3dd   Thumb Code     6  module_conf.o(i.module_GetModeConfig)
    module_HW_Init                           0x0000f3e9   Thumb Code   140  module.o(i.module_HW_Init)
    module_Init_Signal                       0x0000f489   Thumb Code   112  module.o(i.module_Init_Signal)
    module_Protocol_Init                     0x0000f4fd   Thumb Code    70  module.o(i.module_Protocol_Init)
    module_S3_PGAMMA_I2C_SW_Disable          0x0000f54d   Thumb Code   976  module.o(i.module_S3_PGAMMA_I2C_SW_Disable)
    module_S3_PGAMMA_I2C_SW_Enable           0x0000f91d   Thumb Code   992  module.o(i.module_S3_PGAMMA_I2C_SW_Enable)
    module_SRIC_GetCommonConfig              0x0000fcfd   Thumb Code     6  module_conf.o(i.module_SRIC_GetCommonConfig)
    module_SetCommonConfig                   0x0000fd09   Thumb Code     6  module_conf.o(i.module_SetCommonConfig)
    module_SetFixedConfig                    0x0000fd15   Thumb Code     6  module_conf.o(i.module_SetFixedConfig)
    module_SetModeConfig                     0x0000fd21   Thumb Code     6  module_conf.o(i.module_SetModeConfig)
    module_SignalOut_SMT_Mode                0x0000fd2d   Thumb Code    26  module.o(i.module_SignalOut_SMT_Mode)
    module_Skip_Event                        0x0000fd47   Thumb Code    16  module.o(i.module_Skip_Event)
    module_Start                             0x0000fd57   Thumb Code     6  module.o(i.module_Start)
    module_Stop                              0x0000fd5d   Thumb Code   114  module.o(i.module_Stop)
    module_Switch_Freq                       0x0000fdd5   Thumb Code    72  module.o(i.module_Switch_Freq)
    module_Watch_Disable                     0x0000fe21   Thumb Code    14  module.o(i.module_Watch_Disable)
    module_Watch_Enable                      0x0000fe35   Thumb Code     4  module.o(i.module_Watch_Enable)
    module_start_delay                       0x0000fe39   Thumb Code    44  module.o(i.module_start_delay)
    module_wait_S3_sample_done               0x0000fe65   Thumb Code   156  module.o(i.module_wait_S3_sample_done)
    module_wait_full_sample_done             0x0000ff11   Thumb Code   152  module.o(i.module_wait_full_sample_done)
    protocol_GetCommonConfig                 0x0000ffb9   Thumb Code     6  protocol_conf.o(i.protocol_GetCommonConfig)
    protocol_GetInfo                         0x0000ffc5   Thumb Code     6  protocol_conf.o(i.protocol_GetInfo)
    protocol_Log                             0x0000ffd1   Thumb Code   106  protocol_log.o(i.protocol_Log)
    protocol_SetCommonConfig                 0x00010049   Thumb Code     6  protocol_conf.o(i.protocol_SetCommonConfig)
    protocol_hid_PushTouchEvent              0x00010055   Thumb Code    84  pe_usb.o(i.protocol_hid_PushTouchEvent)
    protocol_hid_mapping_emul_handler        0x000100b5   Thumb Code   140  pe_usb.o(i.protocol_hid_mapping_emul_handler)
    protocol_init                            0x0001014d   Thumb Code    18  protocol.o(i.protocol_init)
    protocol_swip_ClearInterrupt             0x00010171   Thumb Code   160  protocol_swip.o(i.protocol_swip_ClearInterrupt)
    protocol_swip_GetABSAvrCount             0x0001021d   Thumb Code     8  protocol_swip.o(i.protocol_swip_GetABSAvrCount)
    protocol_swip_GetDFUP_Ready              0x00010229   Thumb Code     8  protocol_swip.o(i.protocol_swip_GetDFUP_Ready)
    protocol_swip_GetMappedPointer           0x00010235   Thumb Code   110  protocol_swip.o(i.protocol_swip_GetMappedPointer)
    protocol_swip_GetMode                    0x000102ad   Thumb Code     8  protocol_swip.o(i.protocol_swip_GetMode)
    protocol_swip_GetPacketFormatId          0x000102b9   Thumb Code     8  protocol_swip.o(i.protocol_swip_GetPacketFormatId)
    protocol_swip_GetTestType                0x000102c5   Thumb Code     8  protocol_swip.o(i.protocol_swip_GetTestType)
    protocol_swip_Init                       0x000102d1   Thumb Code   138  protocol_swip.o(i.protocol_swip_Init)
    protocol_swip_InitTouchEventBuffer       0x00010365   Thumb Code    12  protocol_swip.o(i.protocol_swip_InitTouchEventBuffer)
    protocol_swip_PendReadyStatus            0x00010375   Thumb Code    18  protocol_swip.o(i.protocol_swip_PendReadyStatus)
    protocol_swip_PendTestResult             0x0001038d   Thumb Code    44  protocol_swip.o(i.protocol_swip_PendTestResult)
    protocol_swip_PushTouchEvent             0x000103c5   Thumb Code   504  protocol_swip.o(i.protocol_swip_PushTouchEvent)
    protocol_swip_SendTouchEvent             0x000105cd   Thumb Code   382  protocol_swip.o(i.protocol_swip_SendTouchEvent)
    ktParamFixedMainConf                     0x00010874   Data        7200  param_config_fixed.o(.constdata)
    ktParamPresetMainConf                    0x00012494   Data        3706  param_config_preset.o(.constdata)
    Region$$Table$$Base                      0x00013310   Number         0  anon$$obj.o(Region$$Table)
    Region$$Table$$Limit                     0x00013340   Number         0  anon$$obj.o(Region$$Table)
    s_ptAlgorithmInfo                        0x20001184   Data           4  algorithm_conf.o(.data)
    Fncp_PendSV_IRQHandler                   0x20010000   Data           4  hal_fnc.o(.data_head)
    Fncp_Systick_IRQHandler                  0x20010004   Data           4  hal_fnc.o(.data_head)
    Fncp_WDGT_IRQHandler                     0x20010008   Data           4  hal_fnc.o(.data_head)
    Fncp_TIMER_IRQHandler                    0x2001000c   Data           4  hal_fnc.o(.data_head)
    Fncp_DBG_I2C_IRQHandler                  0x20010010   Data           4  hal_fnc.o(.data_head)
    Fncp_FLITF_IRQHandler                    0x20010014   Data           4  hal_fnc.o(.data_head)
    Fncp_DBG_SPI_IRQHandler                  0x20010018   Data           4  hal_fnc.o(.data_head)
    Fncp_AB_ACC_IRQHandler                   0x2001001c   Data           4  hal_fnc.o(.data_head)
    Fncp_GDMA_IRQHandler                     0x20010020   Data           4  hal_fnc.o(.data_head)
    Fncp_USER_IRQHandler                     0x20010024   Data           4  hal_fnc.o(.data_head)
    Fncp_GPIOA_IRQHandler                    0x20010028   Data           4  hal_fnc.o(.data_head)
    Fncp_GPIOM_IRQHandler                    0x2001002c   Data           4  hal_fnc.o(.data_head)
    Fncp_VSYNC_IN_IRQHandler                 0x20010030   Data           4  hal_fnc.o(.data_head)
    Fncp_TSYNC_IN_IRQHandler                 0x20010034   Data           4  hal_fnc.o(.data_head)
    Fncp_TSYNC_OUT_IRQHandler                0x20010038   Data           4  hal_fnc.o(.data_head)
    Fncp_PWMDRV_IRQHandler                   0x2001003c   Data           4  hal_fnc.o(.data_head)
    Fncp_DSP_A_IRQHandler                    0x20010040   Data           4  hal_fnc.o(.data_head)
    Fncp_DSP_B_IRQHandler                    0x20010044   Data           4  hal_fnc.o(.data_head)
    Fncp_USB_IRQHandler                      0x20010048   Data           4  hal_fnc.o(.data_head)
    Fncp_MSPI_IRQHandler                     0x2001004c   Data           4  hal_fnc.o(.data_head)
    Fncp_TLVDS_IRQHandler                    0x20010050   Data           4  hal_fnc.o(.data_head)
    Fncp_I2C_MST_IRQHandler                  0x20010054   Data           4  hal_fnc.o(.data_head)
    Fncp_I2C_MST_Sleep_IRQHandler            0x20010058   Data           4  hal_fnc.o(.data_head)
    Fncp_I2C_MST_Wakeup_IRQHandler           0x2001005c   Data           4  hal_fnc.o(.data_head)
    Fncp_I2C_SLV_IRQHandler                  0x20010060   Data           4  hal_fnc.o(.data_head)
    Fncp_I2C_SLV_Sleep_IRQHandler            0x20010064   Data           4  hal_fnc.o(.data_head)
    Fncp_I2C_SLV_Wakeup_IRQHandler           0x20010068   Data           4  hal_fnc.o(.data_head)
    PWMDRV_                                  0x2001006c   Data           4  app.o(.data)
    GPIO_                                    0x20010070   Data           4  app.o(.data)
    SCRB_                                    0x20010074   Data           4  app.o(.data)
    MSPI_                                    0x20010078   Data           4  app.o(.data)
    WDT_                                     0x2001007c   Data           4  app.o(.data)
    MSPIBUF_                                 0x20010080   Data           4  app.o(.data)
    I2CS_                                    0x20010084   Data           4  app.o(.data)
    s_ptAppInfo                              0x200100ac   Data           4  app_conf.o(.data)
    fw_crc_value                             0x200100b4   Data           4  app_diag.o(.data)
    ulFrame1Count                            0x200100b8   Data           4  app_diag.o(.data)
    ulFrame2Count                            0x200100bc   Data           4  app_diag.o(.data)
    currentColStart                          0x200100c0   Data           2  app_normal.o(.data)
    TEST_LOCAL_STATE                         0x200100d0   Data           4  app_normal.o(.data)
    DebugAlgorithmInfo                       0x200100e4   Data           4  algorithm.o(.data)
    tTempAlgorithmInfoDebug                  0x200100e8   Data           4  algorithm.o(.data)
    g_pFingerBaseImage                       0x20010108   Data           4  algorithm_baseline.o(.data)
    FixTouchNum                              0x2001010c   Data           1  algorithm_coord.o(.data)
    PrevMaxTouchNum                          0x2001010d   Data           1  algorithm_coord.o(.data)
    AddDistTh                                0x20010110   Data           2  algorithm_coord.o(.data)
    WrongSeparationCnt                       0x20010112   Data           2  algorithm_coord.o(.data)
    max_d                                    0x20010124   Data           4  algorithm_coord.o(.data)
    PalmRegionNum                            0x2001012c   Data           1  algorithm_label.o(.data)
    testConflictValue                        0x20010138   Data           4  algorithm_label.o(.data)
    testSum                                  0x2001013c   Data           4  algorithm_label.o(.data)
    testOldD                                 0x20010140   Data           4  algorithm_label.o(.data)
    testNewD                                 0x20010144   Data           4  algorithm_label.o(.data)
    testRealD                                0x20010148   Data           4  algorithm_label.o(.data)
    FreqChangeDelay                          0x20010218   Data           1  algorithm_noise.o(.data)
    CheckHoppingReliability                  0x20010219   Data           1  algorithm_noise.o(.data)
    HoppingThdCnt                            0x2001021a   Data           1  algorithm_noise.o(.data)
    add_hopping_thd                          0x20010228   Data           4  algorithm_noise.o(.data)
    RealDiffIIR                              0x2001022c   Data           4  algorithm_noise.o(.data)
    ptHalInfo                                0x20010230   Data           4  hal.o(.data)
    ulRetryCount                             0x20010234   Data           4  hal.o(.data)
    p_currentRowStart                        0x20010288   Data           2  interrupt.o(.data)
    sensingRowStart                          0x2001028a   Data           2  interrupt.o(.data)
    currentRowStart                          0x2001028c   Data           2  interrupt.o(.data)
    sensingRowStart_Tilt                     0x2001028e   Data           2  interrupt.o(.data)
    pFreqHoppingAndModeTest                  0x20010290   Data           4  interrupt.o(.data)
    g_Ready                                  0x20010298   Data           1  i2c.o(.data)
    g_Ready_Complete                         0x20010299   Data           1  i2c.o(.data)
    g_DelayCheck                             0x2001029a   Data           1  i2c.o(.data)
    g_ConnectedDevice                        0x2001029b   Data           1  i2c.o(.data)
    g_ConnectedDevice_FirstCheck             0x2001029c   Data           1  i2c.o(.data)
    g_bReset                                 0x2001029d   Data           1  i2c.o(.data)
    g_GpioDisable                            0x2001029e   Data           1  i2c.o(.data)
    g_CheckComplete_Common_I2C               0x2001029f   Data           1  i2c.o(.data)
    custom_tool                              0x200102a0   Data           1  i2c.o(.data)
    g_DelayTime                              0x200102a4   Data           4  i2c.o(.data)
    g_RxCommandIndex                         0x200102a8   Data           4  i2c.o(.data)
    g_TxPtr                                  0x200102ac   Data           4  i2c.o(.data)
    g_TxIndex                                0x200102b0   Data           4  i2c.o(.data)
    g_TxPtr_Common                           0x200102b4   Data           4  i2c.o(.data)
    g_TxIndex_Common                         0x200102b8   Data           4  i2c.o(.data)
    g_StartTime_I2C                          0x200102d0   Data           8  i2c.o(.data)
    g_tCP_S3_LHB_CONFIG11                    0x200102d8   Data           4  pwmdrv.o(.data)
    g_tCP_S3_LHB_CONFIG12                    0x200102dc   Data           4  pwmdrv.o(.data)
    g_tCP_S3_LHB_CONFIG13                    0x200102e0   Data           4  pwmdrv.o(.data)
    g_tCP_S3_LHB_CONFIG14                    0x200102e4   Data           4  pwmdrv.o(.data)
    wdt_init                                 0x200102ec   Data           1  wdgt.o(.data)
    ulTimerOneShotEn                         0x200102f4   Data           8  timer.o(.data)
    _timertick_high_rank_count_              0x200102fc   Data           4  timer_tick.o(.data)
    _timer_clock_                            0x20010300   Data           4  timer_tick.o(.data)
    vulTrimInfoAddr                          0x20010304   Data           8  flitf.o(.data)
    u8_FS_DeviceDesc                         0x2001030c   Data          18  pe_my_usbtable.o(.data)
    u8_FS_ConfigDesc                         0x2001031e   Data          82  pe_my_usbtable.o(.data)
    u8O_StrDesc_LangIDs                      0x20010370   Data           4  pe_my_usbtable.o(.data)
    u8O_StrDesc_Product                      0x20010374   Data          50  pe_my_usbtable.o(.data)
    u8O_StrDesc_Manufacturer                 0x200103a6   Data          26  pe_my_usbtable.o(.data)
    u8_HID_MultiTouch_Descriptor_Head        0x200103c0   Data           8  pe_my_usbtable.o(.data)
    u8_HID_MultiTouch_Descriptor_Main        0x200103c8   Data          64  pe_my_usbtable.o(.data)
    u8_HID_MultiTouch_Descriptor_Tail        0x20010408   Data          69  pe_my_usbtable.o(.data)
    u8_HID_Touch_Blob                        0x2001044d   Data         257  pe_my_usbtable.o(.data)
    u8_HID_Custom_Descriptor                 0x2001054e   Data          38  pe_my_usbtable.o(.data)
    g_Configuration                          0x20010578   Data           1  pe_usb.o(.data)
    g_HIDReady                               0x20010579   Data           1  pe_usb.o(.data)
    g_CXF_Done                               0x2001057a   Data           1  pe_usb.o(.data)
    g_RemoteWakeup                           0x2001057b   Data           1  pe_usb.o(.data)
    g_SuspendOn                              0x2001057c   Data           1  pe_usb.o(.data)
    g_EP0_Check                              0x2001057d   Data           1  pe_usb.o(.data)
    g_CheckVDMAComplete_Touch                0x2001057e   Data           1  pe_usb.o(.data)
    ResumeCnt                                0x2001057f   Data           1  pe_usb.o(.data)
    Recovery_ClearSus_Flag                   0x20010580   Data           1  pe_usb.o(.data)
    g_CheckVDMAComplete_Custom               0x20010581   Data           1  pe_usb.o(.data)
    g_PenEventNum                            0x20010582   Data           1  pe_usb.o(.data)
    g_EP0_BufferLength                       0x20010584   Data           2  pe_usb.o(.data)
    g_LatencyMode                            0x20010586   Data           2  pe_usb.o(.data)
    g_MaxTouchCount                          0x20010588   Data           2  pe_usb.o(.data)
    g_DeviceMode                             0x20010590   Data           3  pe_usb.o(.data)
    g_pSetupPacket                           0x20010594   Data           4  pe_usb.o(.data)
    g_EP0_BufferAddr                         0x20010598   Data           4  pe_usb.o(.data)
    g_EP0_Offset                             0x2001059c   Data           4  pe_usb.o(.data)
    g_EP0_Remain                             0x200105a0   Data           4  pe_usb.o(.data)
    g_IntGroup                               0x200105a4   Data           4  pe_usb.o(.data)
    g_IntControl                             0x200105a8   Data           4  pe_usb.o(.data)
    g_IntVDMA                                0x200105ac   Data           4  pe_usb.o(.data)
    g_IntEP0                                 0x200105b0   Data           4  pe_usb.o(.data)
    g_IntEP                                  0x200105b4   Data           4  pe_usb.o(.data)
    g_ScanTime                               0x200105b8   Data           4  pe_usb.o(.data)
    g_ScanTime_Recovery                      0x200105bc   Data           4  pe_usb.o(.data)
    g_ScanTime_Recovery_ClearSus             0x200105c0   Data           4  pe_usb.o(.data)
    HID_PEN_X                                0x200105c4   Data           4  pe_usb.o(.data)
    HID_PEN_Y                                0x200105c8   Data           4  pe_usb.o(.data)
    HID_PEN_STATUS                           0x200105cc   Data           4  pe_usb.o(.data)
    g_Full                                   0x200105d0   Data           4  pe_usb.o(.data)
    hid_index                                0x200105e0   Data           4  pe_usb.o(.data)
    g_EP0_Packet                             0x200105e4   Data           8  pe_usb.o(.data)
    g_StartTime                              0x200105f0   Data           8  pe_usb.o(.data)
    g_StartTime_Recovery                     0x200105f8   Data           8  pe_usb.o(.data)
    g_StartTime_Recovery_ClearSus            0x20010600   Data           8  pe_usb.o(.data)
    gucOverlapFPend                          0x20010608   Data           1  module.o(.data)
    gLocalTypeFlag                           0x20010609   Data           1  module.o(.data)
    _GPIO                                    0x20010618   Data           4  module.o(.data)
    Fncp_ROIC_Reset                          0x20010644   Data           4  sric.o(.data)
    Fncp_ROIC_RegisterInit                   0x20010648   Data           4  sric.o(.data)
    Fncp_ROIC_Run                            0x2001064c   Data           4  sric.o(.data)
    Fncp_ROIC_SetLocalIndex                  0x20010650   Data           4  sric.o(.data)
    Fncp_ROIC_S3Operation                    0x20010654   Data           4  sric.o(.data)
    Fncp_ROIC_IdleOperation                  0x20010658   Data           4  sric.o(.data)
    Fncp_ROIC_ActiveOperation                0x2001065c   Data           4  sric.o(.data)
    Fncp_ROIC_SetRuntimeChangeRegigster      0x20010660   Data           4  sric.o(.data)
    Fncp_ROIC_DiagTestOperation              0x20010664   Data           4  sric.o(.data)
    Fncp_ROIC_RawDataLocalRuntimeCalibration 0x20010668   Data           4  sric.o(.data)
    s_pktmoduleSRICCommonConf                0x2001066c   Data           4  roic_ctrl_sw97500.o(.data)
    ucColLineCRMSPIIdx                       0x20010670   Data           4  roic_ctrl_sw97500.o(.data)
    ucRowLineCRRegIdx                        0x20010674   Data           4  roic_ctrl_sw97500.o(.data)
    g_ptSRICConfig                           0x20010678   Data           4  roic_ctrl_sw97500.o(.data)
    g_pR0_CR_MUX_Tune                        0x2001067c   Data           4  roic_ctrl_sw97500.o(.data)
    g_pR1_CR_MUX_Tune                        0x20010680   Data           4  roic_ctrl_sw97500.o(.data)
    ulCRIndex                                0x20010684   Data          45  roic_ctrl_sw97500.o(.data)
    ucColLineCRRegIdx                        0x200106b1   Data          14  roic_ctrl_sw97500.o(.data)
    ulMSPIIndex                              0x200106bf   Data          80  roic_ctrl_sw97500.o(.data)
    ulROIC_gNum                              0x2001070f   Data          80  roic_ctrl_sw97500.o(.data)
    vtProtocolBufferPointers                 0x2001075f   Data           8  protocol.o(.data)
    ktProtocolGetter                         0x20010767   Data           2  protocol.o(.data)
    tProtocolCtrl                            0x20010769   Data           8  protocol.o(.data)
    protocol_Init                            0x20010774   Data           4  protocol.o(.data)
    protocol_GetMappedPointer                0x20010778   Data           4  protocol.o(.data)
    protocol_ClearInterrupt                  0x2001077c   Data           4  protocol.o(.data)
    tProtocolImage                           0x20010795   Data          20  protocol_log.o(.data)
    tProtocolLog                             0x200107a9   Data          12  protocol_log.o(.data)
    s_ptParamFixedMainSet                    0x20010924   Data           4  param.o(.data)
    s_ptParamPreMainSet                      0x20010928   Data           4  param.o(.data)
    sLFOffsetRow                             0x20010934   Data          90  algorithm.o(.bss)
    gvsPastCheckRawData_AFE_1                0x2001098e   Data         288  algorithm.o(.bss)
    gvsPastCheckRawData_AFE_2                0x20010aae   Data         288  algorithm.o(.bss)
    PendDebCnt                               0x20010c64   Data          10  algorithm.o(.bss)
    sLFOffsetCol                             0x20010c6e   Data         160  algorithm.o(.bss)
    FirstTouchEnable                         0x20010d0e   Data          16  algorithm_coord.o(.bss)
    ProjectionEnable                         0x20010d1e   Data          16  algorithm_coord.o(.bss)
    DrumStep                                 0x20010d2e   Data          16  algorithm_coord.o(.bss)
    TouchNumHisto                            0x20010d3e   Data          10  algorithm_coord.o(.bss)
    gReleaseCnt                              0x20010d48   Data          10  algorithm_coord.o(.bss)
    PalmRectEnable                           0x20010d54   Data          10  algorithm_label.o(.bss)
    testLabelSum                             0x20010d60   Data          40  algorithm_label.o(.bss)
    PalmRect                                 0x20010d88   Data          40  algorithm_label.o(.bss)
    testLabelArray                           0x20010db0   Data          16  algorithm_label.o(.bss)
    testLabelArray2                          0x20010dc0   Data          16  algorithm_label.o(.bss)
    tHalIntrHandle                           0x20010dd0   Data          48  hal.o(.bss)
    FullSharedBuff                           0x20010e00   Data       66180  memory_pool.o(.bss)
    g_RxCommand                              0x20021084   Data         100  i2c.o(.bss)
    g_Common_I2C                             0x200210e8   Data          66  i2c.o(.bss)
    g_CustomBuffer_I2C                       0x2002112a   Data          66  i2c.o(.bss)
    ulTimerIRQHandle                         0x2002116c   Data          32  timer.o(.bss)
    BOS_Descriptor                           0x2002118c   Data          12  pe_my_usbtable.o(.bss)
    MS_OS_Descriptor                         0x20021198   Data          18  pe_my_usbtable.o(.bss)
    MS_OS_Property                           0x200211aa   Data         492  pe_my_usbtable.o(.bss)
    g_Status                                 0x20021398   Data          18  pe_usb.o(.bss)
    g_IdleDuration                           0x200213aa   Data         255  pe_usb.o(.bss)
    g_HID_Descriptor                         0x200214a9   Data           9  pe_usb.o(.bss)
    g_Touch                                  0x200214b2   Data          66  pe_usb.o(.bss)
    g_TouchTip                               0x200214f4   Data          11  pe_usb.o(.bss)
    HID_id                                   0x20021500   Data          40  pe_usb.o(.bss)
    HID_x                                    0x20021528   Data          40  pe_usb.o(.bss)
    HID_y                                    0x20021550   Data          40  pe_usb.o(.bss)
    HID_status                               0x20021578   Data          40  pe_usb.o(.bss)
    g_Queue_Common                           0x200215a0   Data        1991  pe_usb.o(.bss)
    u8_HID_MultiTouchReportDesc_Temp         0x20021d67   Data         717  pe_usb.o(.bss)
    g_CustomBuffer                           0x20022034   Data          64  pe_usb.o(.bss)
    g_BulkCustomBuffer                       0x20022074   Data          66  pe_usb.o(.bss)
    gbIrqFlag                                0x200220b6   Data          10  module.o(.bss)
    tTestProductROICBuf                      0x200220c0   Data          16  roic_ctrl_sw97500.o(.bss)
    ulReadBuf                                0x200220d0   Data          16  roic_ctrl_sw97500.o(.bss)
    RawValue_Row_Line_Sum                    0x200220e0   Data         384  roic_ctrl_sw97500.o(.bss)
    RawValue_Row_Line_Cnt                    0x20022260   Data          96  roic_ctrl_sw97500.o(.bss)
    RawValue_Col_Line_Sum                    0x200222c0   Data         112  roic_ctrl_sw97500.o(.bss)
    RawValue_Col_Line_Cnt                    0x20022330   Data          28  roic_ctrl_sw97500.o(.bss)
    ktProtocolSetter                         0x2002234c   Data          20  protocol.o(.bss)
    ptPacketInfoQueue                        0x200223c2   Data         462  protocol_swip.o(.bss)
    __libspace_start                         0x2002502c   Data          96  libspace.o(.bss)
    __temporary_stack_top$libspace           0x2002508c   Data           0  libspace.o(.bss)



==============================================================================

Memory Map of the image

  Image Entry point : 0x0000031d

  Load Region LOAD_REGION (Base: 0x00000000, Size: 0x00014dfc, Max: 0x0001c400, ABSOLUTE, COMPRESSED[0x0001378c])

    Execution Region APP_CODE (Base: 0x00000000, Size: 0x0000031c, Max: 0x0001c400, ABSOLUTE)

    Base Addr    Size         Type   Attr      Idx    E Section Name        Object

    0x00000000   0x000000d8   Data   RO         1876    VECTOR              startup.o
    0x000000d8   0x00000040   Code   RO         1877    .text               startup.o
    0x00000118   0x00000204   Code   RO            4    APP                 app.o


    Execution Region APP_CODE2 (Base: 0x0000031c, Size: 0x00013024, Max: 0xffffffff, ABSOLUTE, FIXED)

    Base Addr    Size         Type   Attr      Idx    E Section Name        Object

    0x0000031c   0x00000008   Code   RO         4404  * !!!main             c_wu.l(__main.o)
    0x00000324   0x00000034   Code   RO         4658    !!!scatter          c_wu.l(__scatter.o)
    0x00000358   0x0000005a   Code   RO         4656    !!dczerorl2         c_wu.l(__dczerorl2.o)
    0x000003b2   0x00000002   PAD
    0x000003b4   0x0000001c   Code   RO         4660    !!handler_zi        c_wu.l(__scatter_zi.o)
    0x000003d0   0x00000002   Code   RO         4593    .ARM.Collect$$libinit$$00000000  c_wu.l(libinit.o)
    0x000003d2   0x00000000   Code   RO         4469    .ARM.Collect$$libinit$$00000002  c_wu.l(libinit2.o)
    0x000003d2   0x00000000   Code   RO         4471    .ARM.Collect$$libinit$$00000004  c_wu.l(libinit2.o)
    0x000003d2   0x00000008   Code   RO         4472    .ARM.Collect$$libinit$$00000005  c_wu.l(libinit2.o)
    0x000003da   0x00000000   Code   RO         4474    .ARM.Collect$$libinit$$0000000A  c_wu.l(libinit2.o)
    0x000003da   0x00000000   Code   RO         4476    .ARM.Collect$$libinit$$0000000C  c_wu.l(libinit2.o)
    0x000003da   0x00000000   Code   RO         4478    .ARM.Collect$$libinit$$0000000E  c_wu.l(libinit2.o)
    0x000003da   0x00000000   Code   RO         4481    .ARM.Collect$$libinit$$00000011  c_wu.l(libinit2.o)
    0x000003da   0x00000000   Code   RO         4483    .ARM.Collect$$libinit$$00000013  c_wu.l(libinit2.o)
    0x000003da   0x00000000   Code   RO         4485    .ARM.Collect$$libinit$$00000015  c_wu.l(libinit2.o)
    0x000003da   0x00000000   Code   RO         4487    .ARM.Collect$$libinit$$00000017  c_wu.l(libinit2.o)
    0x000003da   0x00000000   Code   RO         4489    .ARM.Collect$$libinit$$00000019  c_wu.l(libinit2.o)
    0x000003da   0x00000000   Code   RO         4491    .ARM.Collect$$libinit$$0000001B  c_wu.l(libinit2.o)
    0x000003da   0x00000000   Code   RO         4493    .ARM.Collect$$libinit$$0000001D  c_wu.l(libinit2.o)
    0x000003da   0x00000000   Code   RO         4495    .ARM.Collect$$libinit$$0000001F  c_wu.l(libinit2.o)
    0x000003da   0x00000000   Code   RO         4497    .ARM.Collect$$libinit$$00000021  c_wu.l(libinit2.o)
    0x000003da   0x00000000   Code   RO         4499    .ARM.Collect$$libinit$$00000023  c_wu.l(libinit2.o)
    0x000003da   0x00000000   Code   RO         4501    .ARM.Collect$$libinit$$00000025  c_wu.l(libinit2.o)
    0x000003da   0x00000000   Code   RO         4505    .ARM.Collect$$libinit$$0000002C  c_wu.l(libinit2.o)
    0x000003da   0x00000000   Code   RO         4507    .ARM.Collect$$libinit$$0000002E  c_wu.l(libinit2.o)
    0x000003da   0x00000000   Code   RO         4509    .ARM.Collect$$libinit$$00000030  c_wu.l(libinit2.o)
    0x000003da   0x00000000   Code   RO         4511    .ARM.Collect$$libinit$$00000032  c_wu.l(libinit2.o)
    0x000003da   0x00000002   Code   RO         4512    .ARM.Collect$$libinit$$00000033  c_wu.l(libinit2.o)
    0x000003dc   0x00000002   Code   RO         4653    .ARM.Collect$$libshutdown$$00000000  c_wu.l(libshutdown.o)
    0x000003de   0x00000000   Code   RO         4611    .ARM.Collect$$libshutdown$$00000002  c_wu.l(libshutdown2.o)
    0x000003de   0x00000000   Code   RO         4613    .ARM.Collect$$libshutdown$$00000004  c_wu.l(libshutdown2.o)
    0x000003de   0x00000000   Code   RO         4616    .ARM.Collect$$libshutdown$$00000007  c_wu.l(libshutdown2.o)
    0x000003de   0x00000000   Code   RO         4619    .ARM.Collect$$libshutdown$$0000000A  c_wu.l(libshutdown2.o)
    0x000003de   0x00000000   Code   RO         4621    .ARM.Collect$$libshutdown$$0000000C  c_wu.l(libshutdown2.o)
    0x000003de   0x00000000   Code   RO         4624    .ARM.Collect$$libshutdown$$0000000F  c_wu.l(libshutdown2.o)
    0x000003de   0x00000002   Code   RO         4625    .ARM.Collect$$libshutdown$$00000010  c_wu.l(libshutdown2.o)
    0x000003e0   0x00000000   Code   RO         4428    .ARM.Collect$$rtentry$$00000000  c_wu.l(__rtentry.o)
    0x000003e0   0x00000000   Code   RO         4528    .ARM.Collect$$rtentry$$00000002  c_wu.l(__rtentry2.o)
    0x000003e0   0x00000006   Code   RO         4540    .ARM.Collect$$rtentry$$00000004  c_wu.l(__rtentry4.o)
    0x000003e6   0x00000000   Code   RO         4530    .ARM.Collect$$rtentry$$00000009  c_wu.l(__rtentry2.o)
    0x000003e6   0x00000004   Code   RO         4531    .ARM.Collect$$rtentry$$0000000A  c_wu.l(__rtentry2.o)
    0x000003ea   0x00000000   Code   RO         4533    .ARM.Collect$$rtentry$$0000000C  c_wu.l(__rtentry2.o)
    0x000003ea   0x00000008   Code   RO         4534    .ARM.Collect$$rtentry$$0000000D  c_wu.l(__rtentry2.o)
    0x000003f2   0x00000002   Code   RO         4598    .ARM.Collect$$rtexit$$00000000  c_wu.l(rtexit.o)
    0x000003f4   0x00000000   Code   RO         4629    .ARM.Collect$$rtexit$$00000002  c_wu.l(rtexit2.o)
    0x000003f4   0x00000004   Code   RO         4630    .ARM.Collect$$rtexit$$00000003  c_wu.l(rtexit2.o)
    0x000003f8   0x00000006   Code   RO         4631    .ARM.Collect$$rtexit$$00000004  c_wu.l(rtexit2.o)
    0x000003fe   0x00000002   PAD
    0x00000400   0x00000000   Code   RO         4546    .emb_text           c_wu.l(maybetermalloc1.o)
    0x00000400   0x0000005e   Code   RO         4336    .text               c_wu.l(h1_alloc.o)
    0x0000045e   0x000000ee   Code   RO         4390    .text               c_wu.l(lludivv7m.o)
    0x0000054c   0x00000048   Code   RO         4392    .text               c_wu.l(llsdiv.o)
    0x00000594   0x0000008a   Code   RO         4394    .text               c_wu.l(rt_memcpy_v6.o)
    0x0000061e   0x00000010   Code   RO         4396    .text               c_wu.l(aeabi_memset.o)
    0x0000062e   0x00000044   Code   RO         4398    .text               c_wu.l(rt_memclr.o)
    0x00000672   0x0000004e   Code   RO         4400    .text               c_wu.l(rt_memclr_w.o)
    0x000006c0   0x00000006   Code   RO         4402    .text               c_wu.l(heapauxi.o)
    0x000006c6   0x00000002   PAD
    0x000006c8   0x00000008   Code   RO         4436    .text               c_wu.l(rt_heap_descriptor_intlibspace.o)
    0x000006d0   0x00000004   Code   RO         4438    .text               c_wu.l(hguard.o)
    0x000006d4   0x0000008a   Code   RO         4440    .text               c_wu.l(init_alloc.o)
    0x0000075e   0x0000000e   Code   RO         4446    .text               c_wu.l(h1_init.o)
    0x0000076c   0x0000004e   Code   RO         4448    .text               c_wu.l(h1_free.o)
    0x000007ba   0x00000064   Code   RO         4464    .text               c_wu.l(rt_memcpy_w.o)
    0x0000081e   0x00000002   PAD
    0x00000820   0x00000008   Code   RO         4524    .text               c_wu.l(libspace.o)
    0x00000828   0x00000034   Code   RO         4548    .text               c_wu.l(h1_extend.o)
    0x0000085c   0x0000000e   Code   RO         4552    .text               c_wu.l(defsig_rtmem_outer.o)
    0x0000086a   0x00000002   Code   RO         4565    .text               c_wu.l(use_no_semi.o)
    0x0000086c   0x00000000   Code   RO         4567    .text               c_wu.l(indicate_semi.o)
    0x0000086c   0x0000004a   Code   RO         4568    .text               c_wu.l(sys_stackheap_outer.o)
    0x000008b6   0x00000012   Code   RO         4574    .text               c_wu.l(exit.o)
    0x000008c8   0x0000000a   Code   RO         4576    .text               c_wu.l(defsig_exit.o)
    0x000008d2   0x00000002   PAD
    0x000008d4   0x00000050   Code   RO         4582    .text               c_wu.l(defsig_rtmem_inner.o)
    0x00000924   0x0000000c   Code   RO         4596    .text               c_wu.l(sys_exit.o)
    0x00000930   0x00000032   Code   RO         4606    .text               c_wu.l(defsig_general.o)
    0x00000962   0x0000000e   Code   RO         4626    .text               c_wu.l(sys_wrch.o)
    0x00000970   0x00000014   Code   RO         1984    i.CheckI2CReady     i2c.o
    0x00000984   0x0000003c   Code   RO         2394    i.DSPA_Initialize   dspa.o
    0x000009c0   0x00000030   Code   RO         2400    i.DSP_A_InterruptHandler  dspa.o
    0x000009f0   0x00000020   Code   RO         2587    i.DSP_B_InterruptHandler  dsp_b.o
    0x00000a10   0x00000476   Code   RO         2959    i.EP0_SetupPacket   pe_usb.o
    0x00000e86   0x00000002   PAD
    0x00000e88   0x0000026c   Code   RO         2960    i.EP0_SetupPacket_GetDescriptor  pe_usb.o
    0x000010f4   0x00000080   Code   RO         2961    i.EP0_TxRx_Proc     pe_usb.o
    0x00001174   0x000000cc   Code   RO         2876    i.FLITF_CheckTrimInfoSectionIntegrity  flitf.o
    0x00001240   0x0000001e   Code   RO         1884    i.GPIOA_InterruptHandler  gpio.o
    0x0000125e   0x0000001e   Code   RO         1885    i.GPIOM_InterruptHandler  gpio.o
    0x0000127c   0x0000035c   Code   RO         1886    i.GPIO_Get_IN       gpio.o
    0x000015d8   0x0000035c   Code   RO         1887    i.GPIO_Get_OUT      gpio.o
    0x00001934   0x0000002c   Code   RO         1888    i.GPIO_Init         gpio.o
    0x00001960   0x00000020   Code   RO         1889    i.GPIO_Initialize   gpio.o
    0x00001980   0x000003b2   Code   RO         1890    i.GPIO_Set_DATA     gpio.o
    0x00001d32   0x000003b6   Code   RO         1891    i.GPIO_Set_DS       gpio.o
    0x000020e8   0x000003b2   Code   RO         1892    i.GPIO_Set_Dir      gpio.o
    0x0000249a   0x000003b6   Code   RO         1894    i.GPIO_Set_Mode     gpio.o
    0x00002850   0x000003b6   Code   RO         1895    i.GPIO_Set_PE       gpio.o
    0x00002c06   0x0000001a   Code   RO         1896    i.GPIO_Toggle       gpio.o
    0x00002c20   0x00000060   Code   RO         2962    i.GetScanTime       pe_usb.o
    0x00002c80   0x0000005c   Code   RO         1370    i.HAL_Change_S3_VDD_OddEven_Stauts  hal.o
    0x00002cdc   0x000000f4   Code   RO         1374    i.HAL_CheckSensningModeChange  hal.o
    0x00002dd0   0x00000018   Code   RO         1375    i.HAL_ConfigInit    hal.o
    0x00002de8   0x00000014   Code   RO         1376    i.HAL_ECLK_Off      hal.o
    0x00002dfc   0x00000014   Code   RO         1377    i.HAL_ECLK_On       hal.o
    0x00002e10   0x00000050   Code   RO         1378    i.HAL_GetBaseImagePointer  hal.o
    0x00002e60   0x00000020   Code   RO         1380    i.HAL_GetECLKOnOffControl  hal.o
    0x00002e80   0x0000000c   Code   RO         1382    i.HAL_GetSensingChangeMode  hal.o
    0x00002e8c   0x0000000c   Code   RO         1383    i.HAL_GetSensingMode  hal.o
    0x00002e98   0x00000020   Code   RO         1384    i.HAL_GetTPICMuxEnControl  hal.o
    0x00002eb8   0x00000020   Code   RO         1385    i.HAL_GetTouchReportEnControl  hal.o
    0x00002ed8   0x00000010   Code   RO         1387    i.HAL_Initialize    hal.o
    0x00002ee8   0x0000001c   Code   RO         1761    i.HAL_PendSVHandlerInitialize  interrupt.o
    0x00002f04   0x00000030   Code   RO         1389    i.HAL_SetDiagTestSensingChangeMode  hal.o
    0x00002f34   0x00000030   Code   RO         1390    i.HAL_SetECLKOnOffControl  hal.o
    0x00002f64   0x00000030   Code   RO         1391    i.HAL_SetROICRegSetChangeMode  hal.o
    0x00002f94   0x0000002c   Code   RO         1392    i.HAL_SetSensingChangeMode  hal.o
    0x00002fc0   0x00000010   Code   RO         1393    i.HAL_SetSensingMode  hal.o
    0x00002fd0   0x00000038   Code   RO         1394    i.HAL_SetTPICMuxEnControl  hal.o
    0x00003008   0x00000018   Code   RO         1395    i.HAL_SetTouchReportEnControl  hal.o
    0x00003020   0x00000050   Code   RO         1396    i.HAL_Set_S3_VDD_OddEven_Ctrl  hal.o
    0x00003070   0x0000000e   Code   RO         2325    i.Hal_Kick_DOG      wdgt.o
    0x0000307e   0x0000000e   Code   RO         2326    i.Hal_Long_Kick_DOG  wdgt.o
    0x0000308c   0x00000038   Code   RO         2327    i.Hal_WDT_DeInit    wdgt.o
    0x000030c4   0x0000005c   Code   RO         2329    i.Hal_WDT_Init      wdgt.o
    0x00003120   0x00000130   Code   RO         1398    i.Hal_sric_start    hal.o
    0x00003250   0x00000002   Code   RO         1762    i.HardFault_Handler  interrupt.o
    0x00003252   0x00000002   PAD
    0x00003254   0x000000cc   Code   RO         2963    i.HidReadWrite__Read  pe_usb.o
    0x00003320   0x0000006e   Code   RO         2964    i.HidReadWrite__Read_I2C  pe_usb.o
    0x0000338e   0x0000004e   Code   RO         2965    i.HidReadWrite__Write  pe_usb.o
    0x000033dc   0x00000078   Code   RO         1987    i.I2C_Initialize    i2c.o
    0x00003454   0x000003bc   Code   RO         1988    i.I2C_InterruptHandler  i2c.o
    0x00003810   0x00000034   Code   RO         3178    i.MODULE_Initialize  module.o
    0x00003844   0x0000000e   Code   RO         2195    i.MSPI_Cmd          mspi.o
    0x00003852   0x000004ac   Code   RO         2196    i.MSPI_GPIO_Init    mspi.o
    0x00003cfe   0x00000002   PAD
    0x00003d00   0x00000028   Code   RO         2197    i.MSPI_ITConfig     mspi.o
    0x00003d28   0x00000070   Code   RO         2198    i.MSPI_Initialize   mspi.o
    0x00003d98   0x00000118   Code   RO         2200    i.MSPI_InterruptHandler  mspi.o
    0x00003eb0   0x000001c0   Code   RO         2201    i.MSPI_RegisterMultiWrite  mspi.o
    0x00004070   0x000001d4   Code   RO         2202    i.MSPI_RegisterRead  mspi.o
    0x00004244   0x00000036   Code   RO         2203    i.MSPI_RegisterShareModeMultiWrite  mspi.o
    0x0000427a   0x00000036   Code   RO         2204    i.MSPI_RegisterShareModeSingleWrite  mspi.o
    0x000042b0   0x00000180   Code   RO         2205    i.MSPI_RegisterSingleWrite  mspi.o
    0x00004430   0x0000017c   Code   RO         2206    i.MSPI_RegisterWrite  mspi.o
    0x000045ac   0x00000260   Code   RO         2207    i.MSPI_Set_AITMODE  mspi.o
    0x0000480c   0x0000003c   Code   RO         2208    i.MSPI_Set_BUFSIZE_FingerPenMode  mspi.o
    0x00004848   0x000000ac   Code   RO         2209    i.MSPI_Set_TLPMODE  mspi.o
    0x000048f4   0x00000010   Code   RO         4203    i.PARAM_GetMode     param.o
    0x00004904   0x0000000c   Code   RO         4204    i.PARAM_GetPreMainSet  param.o
    0x00004910   0x00000034   Code   RO         4205    i.PARAM_InitConfig  param.o
    0x00004944   0x00000064   Code   RO         4206    i.PARAM_Initialize  param.o
    0x000049a8   0x0000000c   Code   RO         4208    i.PARAM_SetMode     param.o
    0x000049b4   0x0000001c   Code   RO         2105    i.PWMDRV_Cmd        pwmdrv.o
    0x000049d0   0x00000086   Code   RO         2107    i.PWMDRV_ITConfig   pwmdrv.o
    0x00004a56   0x00000002   PAD
    0x00004a58   0x000001b4   Code   RO         2108    i.PWMDRV_Init       pwmdrv.o
    0x00004c0c   0x00000064   Code   RO         2110    i.PWMDRV_PWM_Out_InterruptHandler  pwmdrv.o
    0x00004c70   0x00000410   Code   RO         2111    i.PWMDRV_RegisterInit  pwmdrv.o
    0x00005080   0x000000b4   Code   RO         2114    i.PWMDRV_TSync_In_InterruptHandler  pwmdrv.o
    0x00005134   0x00000058   Code   RO         2115    i.PWMDRV_TSync_Out_InterruptHandler  pwmdrv.o
    0x0000518c   0x00000030   Code   RO         2116    i.PWMDRV_VSync_In_InterruptHandler  pwmdrv.o
    0x000051bc   0x0000000e   Code   RO         1763    i.PendSV_InterruptHandler  interrupt.o
    0x000051ca   0x00000002   PAD
    0x000051cc   0x00000104   Code   RO         2966    i.QueueCommonData_USB  pe_usb.o
    0x000052d0   0x00000010   Code   RO         2971    i.ResumeSigal       pe_usb.o
    0x000052e0   0x000002f0   Code   RO         2734    i.SCRB_Initialize   scrb.o
    0x000055d0   0x0000000e   Code   RO         2737    i.SCRB_Remap_And_Reset  scrb.o
    0x000055de   0x00000036   Code   RO         2738    i.SCRB_USB_Reset    scrb.o
    0x00005614   0x00000058   Code   RO         3474    i.SRIC_Initialize   sric.o
    0x0000566c   0x0000000c   Code   RO         3475    i.SRIC_RawDataLocalRuntimeCalibration  sric.o
    0x00005678   0x00000020   Code   RO         3476    i.SRIC_RegisterInit  sric.o
    0x00005698   0x0000000c   Code   RO         3477    i.SRIC_Reset        sric.o
    0x000056a4   0x0000000c   Code   RO         3478    i.SRIC_Run          sric.o
    0x000056b0   0x00000028   Code   RO         3480    i.SRIC_SetDiagTestOperationMode  sric.o
    0x000056d8   0x00000020   Code   RO         3483    i.SRIC_SetRuntimeChangeRegister  sric.o
    0x000056f8   0x00000010   Code   RO         3580    i.SW97500_Initialize  roic_ctrl_sw97500.o
    0x00005708   0x00000364   Code   RO         3581    i.SW97500_RawDataLocalRuntimeCalibration  roic_ctrl_sw97500.o
    0x00005a6c   0x00000224   Code   RO         3582    i.SW97500_Reg_AFESetting  roic_ctrl_sw97500.o
    0x00005c90   0x000001b8   Code   RO         3583    i.SW97500_Reg_CRTuneSetting  roic_ctrl_sw97500.o
    0x00005e48   0x00000148   Code   RO         3584    i.SW97500_RegisterInit  roic_ctrl_sw97500.o
    0x00005f90   0x00000098   Code   RO         3585    i.SW97500_RegisterSingleWrite  roic_ctrl_sw97500.o
    0x00006028   0x000000a0   Code   RO         3586    i.SW97500_Register_Check  roic_ctrl_sw97500.o
    0x000060c8   0x00000056   Code   RO         3587    i.SW97500_Reset     roic_ctrl_sw97500.o
    0x0000611e   0x00000002   PAD
    0x00006120   0x0000006c   Code   RO         3588    i.SW97500_Run       roic_ctrl_sw97500.o
    0x0000618c   0x00000138   Code   RO         3589    i.SW97500_SetActiveOperationMode  roic_ctrl_sw97500.o
    0x000062c4   0x000004b4   Code   RO         3590    i.SW97500_SetDiagTestOperationMode  roic_ctrl_sw97500.o
    0x00006778   0x00000152   Code   RO         3591    i.SW97500_SetIdleOperationMode  roic_ctrl_sw97500.o
    0x000068ca   0x00000030   Code   RO         3592    i.SW97500_SetRuntimeChangeRegister  roic_ctrl_sw97500.o
    0x000068fa   0x00000002   PAD
    0x000068fc   0x000001e0   Code   RO         3593    i.SW97500_SetS3OperationMode  roic_ctrl_sw97500.o
    0x00006adc   0x00000034   Code   RO         1991    i.SendCustomData_I2C  i2c.o
    0x00006b10   0x00000220   Code   RO         2973    i.SendTouchData     pe_usb.o
    0x00006d30   0x0000008c   Code   RO         2974    i.SendTouchData_USB  pe_usb.o
    0x00006dbc   0x00000034   Code   RO         1764    i.SensingBufferInit  interrupt.o
    0x00006df0   0x00000020   Code   RO         2977    i.StaticQueue_CheckFull  pe_usb.o
    0x00006e10   0x00000026   Code   RO         2978    i.StaticQueue_CheckInit  pe_usb.o
    0x00006e36   0x00000002   PAD
    0x00006e38   0x00000038   Code   RO         2981    i.StaticQueue_Init  pe_usb.o
    0x00006e70   0x0000005a   Code   RO         2983    i.StaticQueue_Push  pe_usb.o
    0x00006eca   0x00000002   PAD
    0x00006ecc   0x0000007c   Code   RO         2648    i.TIMER_Initialize  timer.o
    0x00006f48   0x0000007c   Code   RO         2649    i.TIMER_InterruptHandler  timer.o
    0x00006fc4   0x000000cc   Code   RO         2652    i.TIMER_SetPeriodicMode  timer.o
    0x00007090   0x000000a0   Code   RO         2653    i.TIMER_StartTimer  timer.o
    0x00007130   0x00000038   Code   RO         2783    i.TimerTick_Initialize  timer_tick.o
    0x00007168   0x0000001c   Code   RO         2784    i.TimerTick_InterruptHandler  timer_tick.o
    0x00007184   0x000000f4   Code   RO         2984    i.USB_DevInit       pe_usb.o
    0x00007278   0x00000458   Code   RO         2985    i.USB_InterruptHandler  pe_usb.o
    0x000076d0   0x000000bc   Code   RO         2986    i.USB_ResetResume   pe_usb.o
    0x0000778c   0x00000048   Code   RO         2332    i.WDGT_InterruptHandler  wdgt.o
    0x000077d4   0x0000000a   Code   RO          725    i.__ARM_common_memclr4_10  algorithm.o
    0x000077de   0x00000008   Code   RO         3169    i.__ARM_common_memclr4_8  pe_usb.o
    0x000077e6   0x00000002   PAD
    0x000077e8   0x000000c0   Code   RO         1304    i.algorithm_Check_FreqHopping  algorithm_noise.o
    0x000078a8   0x0000000c   Code   RO          740    i.algorithm_GetCommonConfig  algorithm_conf.o
    0x000078b4   0x0000000c   Code   RO          741    i.algorithm_GetInfo  algorithm_conf.o
    0x000078c0   0x0000000c   Code   RO          742    i.algorithm_GetModeConfig  algorithm_conf.o
    0x000078cc   0x000003a0   Code   RO          599    i.algorithm_PendTouchEvent  algorithm.o
    0x00007c6c   0x0000000c   Code   RO          743    i.algorithm_SetCommonConfig  algorithm_conf.o
    0x00007c78   0x0000000c   Code   RO          744    i.algorithm_SetModeConfig  algorithm_conf.o
    0x00007c84   0x00000210   Code   RO          865    i.algorithm_baseline_calculate_delta  algorithm_baseline.o
    0x00007e94   0x0000013c   Code   RO          866    i.algorithm_baseline_calculate_delta_S3  algorithm_baseline.o
    0x00007fd0   0x0000003c   Code   RO          868    i.algorithm_baseline_init  algorithm_baseline.o
    0x0000800c   0x00000018   Code   RO          870    i.algorithm_baseline_init_param  algorithm_baseline.o
    0x00008024   0x000000fc   Code   RO          871    i.algorithm_baseline_tracking_continuous  algorithm_baseline.o
    0x00008120   0x00000080   Code   RO          872    i.algorithm_baseline_tracking_continuous_S3  algorithm_baseline.o
    0x000081a0   0x000000b0   Code   RO          874    i.algorithm_baseline_tracking_initial  algorithm_baseline.o
    0x00008250   0x000000b0   Code   RO          875    i.algorithm_baseline_tracking_initial_S3  algorithm_baseline.o
    0x00008300   0x0000007c   Code   RO          601    i.algorithm_calc_sqrt  algorithm.o
    0x0000837c   0x00000058   Code   RO          971    i.algorithm_coord_IsEdgeArea  algorithm_coord.o
    0x000083d4   0x00000244   Code   RO          973    i.algorithm_coord_OutInDrawing  algorithm_coord.o
    0x00008618   0x000005a0   Code   RO          975    i.algorithm_coord_PostProcess_1  algorithm_coord.o
    0x00008bb8   0x00000200   Code   RO          976    i.algorithm_coord_UpdatePosHistoryInfo  algorithm_coord.o
    0x00008db8   0x00000010   Code   RO          978    i.algorithm_coord_calc_distance  algorithm_coord.o
    0x00008dc8   0x00000b20   Code   RO          979    i.algorithm_coord_calc_pos  algorithm_coord.o
    0x000098e8   0x000003e4   Code   RO          981    i.algorithm_coord_drawing_assistance  algorithm_coord.o
    0x00009ccc   0x0000015c   Code   RO          982    i.algorithm_coord_init  algorithm_coord.o
    0x00009e28   0x00000010   Code   RO          983    i.algorithm_coord_init_param  algorithm_coord.o
    0x00009e38   0x000000cc   Code   RO          984    i.algorithm_coord_initialise_pos_buffer  algorithm_coord.o
    0x00009f04   0x00000138   Code   RO          985    i.algorithm_coord_interpolation  algorithm_coord.o
    0x0000a03c   0x000001bc   Code   RO          986    i.algorithm_coord_interpolation_v02  algorithm_coord.o
    0x0000a1f8   0x00000048   Code   RO          987    i.algorithm_coord_process  algorithm_coord.o
    0x0000a240   0x00000634   Code   RO          988    i.algorithm_coord_smoothing_pos  algorithm_coord.o
    0x0000a874   0x00000ad2   Code   RO          989    i.algorithm_coord_tracking_pos  algorithm_coord.o
    0x0000b346   0x00000002   PAD
    0x0000b348   0x00000068   Code   RO          603    i.algorithm_init    algorithm.o
    0x0000b3b0   0x0000009c   Code   RO         1137    i.algorithm_label_Add_NewNode_to_LabelRecord  algorithm_label.o
    0x0000b44c   0x00000378   Code   RO          990    i.algorithm_label_EdgeExpand_Finger  algorithm_coord.o
    0x0000b7c4   0x000001b4   Code   RO         1138    i.algorithm_label_GetConflictInfo  algorithm_label.o
    0x0000b978   0x0000007c   Code   RO         1139    i.algorithm_label_Insert_NewRecord_to_LabelTable  algorithm_label.o
    0x0000b9f4   0x0000015c   Code   RO         1140    i.algorithm_label_MarkBoundary  algorithm_label.o
    0x0000bb50   0x00000460   Code   RO         1141    i.algorithm_label_Merge  algorithm_label.o
    0x0000bfb0   0x0000024c   Code   RO         1142    i.algorithm_label_Merge_PostProcess  algorithm_label.o
    0x0000c1fc   0x00000358   Code   RO         1143    i.algorithm_label_SearchValidArea  algorithm_label.o
    0x0000c554   0x0000027c   Code   RO         1144    i.algorithm_label_Split  algorithm_label.o
    0x0000c7d0   0x000000e4   Code   RO         1145    i.algorithm_label_SplitNMerge_process  algorithm_label.o
    0x0000c8b4   0x000001e4   Code   RO         1146    i.algorithm_label_Split_PostProcess  algorithm_label.o
    0x0000ca98   0x00000034   Code   RO         1147    i.algorithm_label_init  algorithm_label.o
    0x0000cacc   0x00000010   Code   RO         1148    i.algorithm_label_init_param  algorithm_label.o
    0x0000cadc   0x0000063c   Code   RO         1150    i.algorithm_label_palm_rejection  algorithm_label.o
    0x0000d118   0x0000008c   Code   RO         1151    i.algorithm_label_process  algorithm_label.o
    0x0000d1a4   0x000001f4   Code   RO         1306    i.algorithm_noise_detection  algorithm_noise.o
    0x0000d398   0x00000228   Code   RO         1307    i.algorithm_noise_detection_v2  algorithm_noise.o
    0x0000d5c0   0x0000001c   Code   RO         1308    i.algorithm_noise_init  algorithm_noise.o
    0x0000d5dc   0x00000054   Code   RO         1309    i.algorithm_noise_initialize  algorithm_noise.o
    0x0000d630   0x00000020   Code   RO         1310    i.algorithm_noise_process  algorithm_noise.o
    0x0000d650   0x00000314   Code   RO          606    i.algorithm_process  algorithm.o
    0x0000d964   0x00000150   Code   RO          607    i.algorithm_process_S3  algorithm.o
    0x0000dab4   0x000001f8   Code   RO          992    i.alogorithm_coord_modify_pos  algorithm_coord.o
    0x0000dcac   0x000001c0   Code   RO          608    i.alogorithm_linefilter  algorithm.o
    0x0000de6c   0x00000144   Code   RO          609    i.alogorithm_linefilter_2  algorithm.o
    0x0000dfb0   0x000000d4   Code   RO          611    i.alogorithm_linefilter_simple  algorithm.o
    0x0000e084   0x000000c4   Code   RO          613    i.alogorithm_vertical_linefilter_simple  algorithm.o
    0x0000e148   0x0000000c   Code   RO          323    i.app_GetCommonConfig  app_conf.o
    0x0000e154   0x0000000c   Code   RO          324    i.app_GetInfo       app_conf.o
    0x0000e160   0x0000003a   Code   RO          488    i.app_MainProc      app_main.o
    0x0000e19a   0x00000002   PAD
    0x0000e19c   0x0000000c   Code   RO          325    i.app_SetCommonConfig  app_conf.o
    0x0000e1a8   0x00000090   Code   RO          410    i.app_dfup_oper_handler  app_dfup.o
    0x0000e238   0x000008cc   Code   RO          445    i.app_diag_oper_handler  app_diag.o
    0x0000eb04   0x00000400   Code   RO          513    i.app_normal_oper_handler  app_normal.o
    0x0000ef04   0x00000088   Code   RO         2785    i.delay_ms          timer_tick.o
    0x0000ef8c   0x00000080   Code   RO         2788    i.delay_us          timer_tick.o
    0x0000f00c   0x00000040   Code   RO         2790    i.getElapsedLongSYSTICK  timer_tick.o
    0x0000f04c   0x0000000c   Code   RO         1585    i.hal_GetInfo       hal_conf.o
    0x0000f058   0x00000010   Code   RO         1586    i.hal_Info_GetControlActivePenOPType  hal_conf.o
    0x0000f068   0x00000010   Code   RO         1588    i.hal_Info_GetControlActivePenSettingType  hal_conf.o
    0x0000f078   0x00000010   Code   RO         1589    i.hal_Info_GetControlLocalFingerOPType  hal_conf.o
    0x0000f088   0x00000010   Code   RO         1591    i.hal_Info_GetPenDectionEnable  hal_conf.o
    0x0000f098   0x0000000c   Code   RO         1601    i.hal_SetCommonConfig  hal_conf.o
    0x0000f0a4   0x0000000c   Code   RO         3181    i.hal_clear_overlap_pen  module.o
    0x0000f0b0   0x0000000c   Code   RO         1602    i.hal_mspi_GetCommonConfig  hal_conf.o
    0x0000f0bc   0x00000018   Code   RO         1603    i.hal_mspi_GetControlConfig  hal_conf.o
    0x0000f0d4   0x0000000c   Code   RO         1604    i.hal_pwmdrv_GetCommonConfig  hal_conf.o
    0x0000f0e0   0x00000020   Code   RO         1605    i.hal_pwmdrv_GetControlConfig  hal_conf.o
    0x0000f100   0x0000000c   Code   RO         3186    i.hal_set_irq_flag  module.o
    0x0000f10c   0x0000000c   Code   RO         3187    i.hal_set_overlap_pen  module.o
    0x0000f118   0x000000b8   Code   RO         1156    i.heon_algorithm    algorithm_label.o
    0x0000f1d0   0x0000001e   Code   RO         1400    i.initBoardGPIO     hal.o
    0x0000f1ee   0x00000002   PAD
    0x0000f1f0   0x00000040   Code   RO         1401    i.initECLK          hal.o
    0x0000f230   0x0000001e   Code   RO         1402    i.initMNT_S3_MODE_GPIO  hal.o
    0x0000f24e   0x00000002   PAD
    0x0000f250   0x00000028   Code   RO         2588    i.init_DSP_B        dsp_b.o
    0x0000f278   0x0000009c   Code   RO            5    i.main              app.o
    0x0000f314   0x0000003c   Code   RO         2656    i.medium_delay      timer.o
    0x0000f350   0x0000001c   Code   RO         3189    i.module_Check_SMT_Mode  module.o
    0x0000f36c   0x00000052   Code   RO         3191    i.module_Enter_SMT_Mode  module.o
    0x0000f3be   0x00000004   Code   RO         3192    i.module_Exit_SMT_Mode  module.o
    0x0000f3c2   0x00000002   PAD
    0x0000f3c4   0x0000000c   Code   RO         3405    i.module_GetCommonConfig  module_conf.o
    0x0000f3d0   0x0000000c   Code   RO         3406    i.module_GetFixedConfig  module_conf.o
    0x0000f3dc   0x0000000c   Code   RO         3408    i.module_GetModeConfig  module_conf.o
    0x0000f3e8   0x000000a0   Code   RO         3193    i.module_HW_Init    module.o
    0x0000f488   0x00000074   Code   RO         3194    i.module_Init_Signal  module.o
    0x0000f4fc   0x00000050   Code   RO         3196    i.module_Protocol_Init  module.o
    0x0000f54c   0x000003d0   Code   RO         3197    i.module_S3_PGAMMA_I2C_SW_Disable  module.o
    0x0000f91c   0x000003e0   Code   RO         3198    i.module_S3_PGAMMA_I2C_SW_Enable  module.o
    0x0000fcfc   0x0000000c   Code   RO         3409    i.module_SRIC_GetCommonConfig  module_conf.o
    0x0000fd08   0x0000000c   Code   RO         3410    i.module_SetCommonConfig  module_conf.o
    0x0000fd14   0x0000000c   Code   RO         3411    i.module_SetFixedConfig  module_conf.o
    0x0000fd20   0x0000000c   Code   RO         3412    i.module_SetModeConfig  module_conf.o
    0x0000fd2c   0x0000001a   Code   RO         3199    i.module_SignalOut_SMT_Mode  module.o
    0x0000fd46   0x00000010   Code   RO         3200    i.module_Skip_Event  module.o
    0x0000fd56   0x00000006   Code   RO         3201    i.module_Start      module.o
    0x0000fd5c   0x00000078   Code   RO         3202    i.module_Stop       module.o
    0x0000fdd4   0x0000004c   Code   RO         3203    i.module_Switch_Freq  module.o
    0x0000fe20   0x00000014   Code   RO         3204    i.module_Watch_Disable  module.o
    0x0000fe34   0x00000004   Code   RO         3205    i.module_Watch_Enable  module.o
    0x0000fe38   0x0000002c   Code   RO         3208    i.module_start_delay  module.o
    0x0000fe64   0x000000ac   Code   RO         3209    i.module_wait_S3_sample_done  module.o
    0x0000ff10   0x000000a8   Code   RO         3211    i.module_wait_full_sample_done  module.o
    0x0000ffb8   0x0000000c   Code   RO         3847    i.protocol_GetCommonConfig  protocol_conf.o
    0x0000ffc4   0x0000000c   Code   RO         3848    i.protocol_GetInfo  protocol_conf.o
    0x0000ffd0   0x00000078   Code   RO         3886    i.protocol_Log      protocol_log.o
    0x00010048   0x0000000c   Code   RO         3849    i.protocol_SetCommonConfig  protocol_conf.o
    0x00010054   0x00000060   Code   RO         2988    i.protocol_hid_PushTouchEvent  pe_usb.o
    0x000100b4   0x00000098   Code   RO         2989    i.protocol_hid_mapping_emul_handler  pe_usb.o
    0x0001014c   0x00000024   Code   RO         3810    i.protocol_init     protocol.o
    0x00010170   0x000000ac   Code   RO         3953    i.protocol_swip_ClearInterrupt  protocol_swip.o
    0x0001021c   0x0000000c   Code   RO         3954    i.protocol_swip_GetABSAvrCount  protocol_swip.o
    0x00010228   0x0000000c   Code   RO         3956    i.protocol_swip_GetDFUP_Ready  protocol_swip.o
    0x00010234   0x00000078   Code   RO         3961    i.protocol_swip_GetMappedPointer  protocol_swip.o
    0x000102ac   0x0000000c   Code   RO         3962    i.protocol_swip_GetMode  protocol_swip.o
    0x000102b8   0x0000000c   Code   RO         3964    i.protocol_swip_GetPacketFormatId  protocol_swip.o
    0x000102c4   0x0000000c   Code   RO         3966    i.protocol_swip_GetTestType  protocol_swip.o
    0x000102d0   0x00000094   Code   RO         3967    i.protocol_swip_Init  protocol_swip.o
    0x00010364   0x00000010   Code   RO         3968    i.protocol_swip_InitTouchEventBuffer  protocol_swip.o
    0x00010374   0x00000018   Code   RO         3970    i.protocol_swip_PendReadyStatus  protocol_swip.o
    0x0001038c   0x00000038   Code   RO         3971    i.protocol_swip_PendTestResult  protocol_swip.o
    0x000103c4   0x00000208   Code   RO         3972    i.protocol_swip_PushTouchEvent  protocol_swip.o
    0x000105cc   0x00000190   Code   RO         3974    i.protocol_swip_SendTouchEvent  protocol_swip.o
    0x0001075c   0x0000002e   Data   RO          446    .constdata          app_diag.o
    0x0001078a   0x00000002   PAD
    0x0001078c   0x00000030   Data   RO          514    .constdata          app_normal.o
    0x000107bc   0x00000026   Data   RO          617    .constdata          algorithm.o
    0x000107e2   0x00000002   PAD
    0x000107e4   0x00000060   Data   RO         2117    .constdata          pwmdrv.o
    0x00010844   0x00000030   Data   RO         3214    .constdata          module.o
    0x00010874   0x00001c20   Data   RO         4285    .constdata          param_config_fixed.o
    0x00012494   0x00000e7a   Data   RO         4310    .constdata          param_config_preset.o
    0x0001330e   0x00000002   PAD
    0x00013310   0x00000030   Data   RO         4654    Region$$Table       anon$$obj.o


    Execution Region RW_SRAM1 (Base: 0x20000000, Size: 0x00001188, Max: 0x00010000, ABSOLUTE, COMPRESSED[0x00000030])

    Base Addr    Size         Type   Attr      Idx    E Section Name        Object

    0x20000000   0x0000117c   Data   RW          745    .data               algorithm_conf.o
    0x2000117c   0x0000000c   Data   RW          746    .data               algorithm_conf.o


    Execution Region RW_SRAM2 (Base: 0x20010000, Size: 0x00015c90, Max: 0x0001d000, ABSOLUTE, COMPRESSED[0x0000041c])

    Base Addr    Size         Type   Attr      Idx    E Section Name        Object

    0x20010000   0x0000006c   Data   RW         1737    .data_head          hal_fnc.o
    0x2001006c   0x0000001c   Data   RW            7    .data               app.o
    0x20010088   0x0000001e   Data   RW          326    .data               app_conf.o
    0x200100a6   0x00000002   PAD
    0x200100a8   0x00000008   Data   RW          327    .data               app_conf.o
    0x200100b0   0x00000010   Data   RW          447    .data               app_diag.o
    0x200100c0   0x00000014   Data   RW          515    .data               app_normal.o
    0x200100d4   0x00000018   Data   RW          618    .data               algorithm.o
    0x200100ec   0x00000020   Data   RW          877    .data               algorithm_baseline.o
    0x2001010c   0x00000020   Data   RW          997    .data               algorithm_coord.o
    0x2001012c   0x000000ea   Data   RW         1158    .data               algorithm_label.o
    0x20010216   0x00000002   PAD
    0x20010218   0x00000018   Data   RW         1311    .data               algorithm_noise.o
    0x20010230   0x00000008   Data   RW         1404    .data               hal.o
    0x20010238   0x00000048   Data   RW         1606    .data               hal_conf.o
    0x20010280   0x00000008   Data   RW         1607    .data               hal_conf.o
    0x20010288   0x0000000c   Data   RW         1765    .data               interrupt.o
    0x20010294   0x00000004   PAD
    0x20010298   0x00000040   Data   RW         1995    .data               i2c.o
    0x200102d8   0x00000010   Data   RW         2118    .data               pwmdrv.o
    0x200102e8   0x00000004   Data   RW         2213    .data               mspi.o
    0x200102ec   0x00000001   Data   RW         2333    .data               wdgt.o
    0x200102ed   0x00000003   PAD
    0x200102f0   0x00000004   Data   RW         2589    .data               dsp_b.o
    0x200102f4   0x00000008   Data   RW         2658    .data               timer.o
    0x200102fc   0x00000008   Data   RW         2794    .data               timer_tick.o
    0x20010304   0x00000008   Data   RW         2879    .data               flitf.o
    0x2001030c   0x00000012   Data   RW         2924    .data               pe_my_usbtable.o
    0x2001031e   0x00000052   Data   RW         2925    .data               pe_my_usbtable.o
    0x20010370   0x00000004   Data   RW         2926    .data               pe_my_usbtable.o
    0x20010374   0x00000032   Data   RW         2927    .data               pe_my_usbtable.o
    0x200103a6   0x0000001a   Data   RW         2928    .data               pe_my_usbtable.o
    0x200103c0   0x00000008   Data   RW         2929    .data               pe_my_usbtable.o
    0x200103c8   0x00000040   Data   RW         2930    .data               pe_my_usbtable.o
    0x20010408   0x00000045   Data   RW         2931    .data               pe_my_usbtable.o
    0x2001044d   0x00000101   Data   RW         2932    .data               pe_my_usbtable.o
    0x2001054e   0x00000026   Data   RW         2933    .data               pe_my_usbtable.o
    0x20010574   0x00000004   PAD
    0x20010578   0x00000090   Data   RW         2991    .data               pe_usb.o
    0x20010608   0x00000014   Data   RW         3215    .data               module.o
    0x2001061c   0x00000018   Data   RW         3413    .data               module_conf.o
    0x20010634   0x00000010   Data   RW         3414    .data               module_conf.o
    0x20010644   0x00000028   Data   RW         3484    .data               sric.o
    0x2001066c   0x000000f3   Data   RW         3595    .data               roic_ctrl_sw97500.o
    0x2001075f   0x00000008   Data   RW         3812    .data               protocol.o
    0x20010767   0x00000002   Data   RW         3813    .data               protocol.o
    0x20010769   0x00000008   Data   RW         3814    .data               protocol.o
    0x20010771   0x00000003   PAD
    0x20010774   0x0000000c   Data   RW         3815    .data               protocol.o
    0x20010780   0x00000005   Data   RW         3850    .data               protocol_conf.o
    0x20010785   0x00000003   PAD
    0x20010788   0x00000008   Data   RW         3851    .data               protocol_conf.o
    0x20010790   0x00000004   Data   RW         3890    .data               protocol_log.o
    0x20010794   0x00000001   Data   RW         3891    .data               protocol_log.o
    0x20010795   0x00000020   Data   RW         3892    .data               protocol_log.o
    0x200107b5   0x00000004   Data   RW         3893    .data               protocol_log.o
    0x200107b9   0x00000005   Data   RW         3894    .data               protocol_log.o
    0x200107be   0x00000002   PAD
    0x200107c0   0x0000009c   Data   RW         3983    .data               protocol_swip.o
    0x2001085c   0x0000000e   Data   RW         3984    .data               protocol_swip.o
    0x2001086a   0x00000004   Data   RW         3986    .data               protocol_swip.o
    0x2001086e   0x00000007   Data   RW         3987    .data               protocol_swip.o
    0x20010875   0x00000004   Data   RW         3988    .data               protocol_swip.o
    0x20010879   0x0000000c   Data   RW         3989    .data               protocol_swip.o
    0x20010885   0x00000004   Data   RW         3990    .data               protocol_swip.o
    0x20010889   0x00000004   Data   RW         3991    .data               protocol_swip.o
    0x2001088d   0x00000001   PAD
    0x2001088e   0x00000004   Data   RW         3992    .data               protocol_swip.o
    0x20010892   0x00000008   Data   RW         3993    .data               protocol_swip.o
    0x2001089a   0x00000003   Data   RW         3994    .data               protocol_swip.o
    0x2001089d   0x00000002   Data   RW         3995    .data               protocol_swip.o
    0x2001089f   0x00000001   Data   RW         3996    .data               protocol_swip.o
    0x200108a0   0x00000003   Data   RW         3997    .data               protocol_swip.o
    0x200108a3   0x00000005   Data   RW         3998    .data               protocol_swip.o
    0x200108a8   0x00000003   Data   RW         3999    .data               protocol_swip.o
    0x200108ab   0x00000003   Data   RW         4000    .data               protocol_swip.o
    0x200108ae   0x0000000c   Data   RW         4001    .data               protocol_swip.o
    0x200108ba   0x0000000c   Data   RW         4002    .data               protocol_swip.o
    0x200108c6   0x0000000c   Data   RW         4003    .data               protocol_swip.o
    0x200108d2   0x0000000c   Data   RW         4004    .data               protocol_swip.o
    0x200108de   0x0000000c   Data   RW         4005    .data               protocol_swip.o
    0x200108ea   0x0000000c   Data   RW         4006    .data               protocol_swip.o
    0x200108f6   0x0000000c   Data   RW         4007    .data               protocol_swip.o
    0x20010902   0x0000000c   Data   RW         4008    .data               protocol_swip.o
    0x2001090e   0x00000006   Data   RW         4009    .data               protocol_swip.o
    0x20010914   0x00000006   Data   RW         4010    .data               protocol_swip.o
    0x2001091a   0x00000002   Data   RW         4011    .data               protocol_swip.o
    0x2001091c   0x00000007   Data   RW         4012    .data               protocol_swip.o
    0x20010923   0x00000001   Data   RW         4211    .data               param.o
    0x20010924   0x00000010   Data   RW         4212    .data               param.o
    0x20010934   0x000003da   Zero   RW          616    .bss                algorithm.o
    0x20010d0e   0x00000044   Zero   RW          995    .bss                algorithm_coord.o
    0x20010d52   0x00000002   PAD
    0x20010d54   0x0000007c   Zero   RW         1157    .bss                algorithm_label.o
    0x20010dd0   0x00000030   Zero   RW         1403    .bss                hal.o
    0x20010e00   0x00010284   Zero   RW         1811    .bss                memory_pool.o
    0x20021084   0x000000e8   Zero   RW         1993    .bss                i2c.o
    0x2002116c   0x00000020   Zero   RW         2657    .bss                timer.o
    0x2002118c   0x0000000c   Zero   RW         2920    .bss                pe_my_usbtable.o
    0x20021198   0x00000012   Zero   RW         2921    .bss                pe_my_usbtable.o
    0x200211aa   0x000001ec   Zero   RW         2923    .bss                pe_my_usbtable.o
    0x20021396   0x00000002   PAD
    0x20021398   0x00000d1e   Zero   RW         2990    .bss                pe_usb.o
    0x200220b6   0x0000000a   Zero   RW         3213    .bss                module.o
    0x200220c0   0x0000028c   Zero   RW         3594    .bss                roic_ctrl_sw97500.o
    0x2002234c   0x00000014   Zero   RW         3811    .bss                protocol.o
    0x20022360   0x00000016   Zero   RW         3979    .bss                protocol_swip.o
    0x20022376   0x0000000c   Zero   RW         3980    .bss                protocol_swip.o
    0x20022382   0x00000040   Zero   RW         3981    .bss                protocol_swip.o
    0x200223c2   0x000001ce   Zero   RW         3982    .bss                protocol_swip.o
    0x20022590   0x00001c20   Zero   RW         4209    .bss                param.o
    0x200241b0   0x00000e7a   Zero   RW         4210    .bss                param.o
    0x2002502a   0x00000002   PAD
    0x2002502c   0x00000060   Zero   RW         4525    .bss                c_wu.l(libspace.o)
    0x2002508c   0x00000004   PAD
    0x20025090   0x00000400   Zero   RW         1875    HEAP                startup.o
    0x20025490   0x00000800   Zero   RW         1874    STACK               startup.o


==============================================================================

Image component sizes


      Code (inc. data)   RO Data    RW Data    ZI Data      Debug   Object Name

      3470        208         38         24        986      19446   algorithm.o
      1660        114          0         32          0      11027   algorithm_baseline.o
        60         30          0       4488          0      50884   algorithm_conf.o
     13626        146          0         32         68      36054   algorithm_coord.o
      6964        156          0        234        124      49113   algorithm_label.o
      1388         36          0         24          0       7019   algorithm_noise.o
       672        128          0         28          0     183670   app.o
        36         18          0         38          0      41133   app_conf.o
       144          0          0          0          0       1988   app_dfup.o
      2252         54         46         16          0       5482   app_diag.o
        58          0          0          0          0        595   app_main.o
      1024         54         48         20          0      25559   app_normal.o
        72         22          0          4          0      23964   dsp_b.o
       108         22          0          0          0      33814   dspa.o
       204         14          0          8          0       3024   flitf.o
      6624        424          0          0          0      33177   gpio.o
      1408        136          0          8         48      16244   hal.o
       168         56          0         80          0       6079   hal_conf.o
         0          0          0        108          0       2575   hal_fnc.o
      1148         52          0         64        232      28638   i2c.o
        96         22          0         12          0      25270   interrupt.o
         0          0          0          0      66180      18430   memory_pool.o
      3178        100         48         20         10      40242   module.o
        84         42          0         40          0       4598   module_conf.o
      4270         62          0          4          0      12718   mspi.o
       192         36          0         17      10906      15456   param.o
         0          0       7200          0          0        715   param_config_fixed.o
         0          0       3706          0          0        748   param_config_preset.o
         0          0          0        616        522       1704   pe_my_usbtable.o
      5354        310          0        144       3358      25075   pe_usb.o
        36         18          0         30         20       3083   protocol.o
        36         18          0         13          0       2409   protocol_conf.o
       120         14          0         46          0       9100   protocol_log.o
      1516        108          0        354        560      12037   protocol_swip.o
      2054         82         96         16          0       8503   pwmdrv.o
      5088        156          0        243        652      17148   roic_ctrl_sw97500.o
       820         24          0          0          0       2330   scrb.o
       228         74          0         40          0       6118   sric.o
        64         24        216          0       3072        784   startup.o
       672         38          0          8         32       4098   timer.o
       412         36          0          8          0       5194   timer_tick.o
       248         36          0          1          0       3752   wdgt.o

    ----------------------------------------------------------------------
     65584       2870      11452       6844      86776     798997   Object Totals
         0          0         48          0          0          0   (incl. Generated)
        30          0          6         24          6          0   (incl. Padding)

    ----------------------------------------------------------------------

      Code (inc. data)   RO Data    RW Data    ZI Data      Debug   Library Member Name

        90          0          0          0          0          0   __dczerorl2.o
         8          0          0          0          0         68   __main.o
         0          0          0          0          0          0   __rtentry.o
        12          0          0          0          0          0   __rtentry2.o
         6          0          0          0          0          0   __rtentry4.o
        52          8          0          0          0          0   __scatter.o
        28          0          0          0          0          0   __scatter_zi.o
        16          0          0          0          0         68   aeabi_memset.o
        10          0          0          0          0         68   defsig_exit.o
        50          0          0          0          0         88   defsig_general.o
        80         58          0          0          0         76   defsig_rtmem_inner.o
        14          0          0          0          0         80   defsig_rtmem_outer.o
        18          0          0          0          0         80   exit.o
        94          0          0          0          0         80   h1_alloc.o
        52          0          0          0          0         68   h1_extend.o
        78          0          0          0          0         80   h1_free.o
        14          0          0          0          0         84   h1_init.o
         6          0          0          0          0        152   heapauxi.o
         4          0          0          0          0        136   hguard.o
         0          0          0          0          0          0   indicate_semi.o
       138          0          0          0          0        168   init_alloc.o
         2          0          0          0          0          0   libinit.o
        10          0          0          0          0          0   libinit2.o
         2          0          0          0          0          0   libshutdown.o
         2          0          0          0          0          0   libshutdown2.o
         8          4          0          0         96         68   libspace.o
        72          0          0          0          0         76   llsdiv.o
       238          0          0          0          0        100   lludivv7m.o
         0          0          0          0          0          0   maybetermalloc1.o
         8          4          0          0          0         68   rt_heap_descriptor_intlibspace.o
        68          0          0          0          0         68   rt_memclr.o
        78          0          0          0          0         80   rt_memclr_w.o
       138          0          0          0          0         68   rt_memcpy_v6.o
       100          0          0          0          0         80   rt_memcpy_w.o
         2          0          0          0          0          0   rtexit.o
        10          0          0          0          0          0   rtexit2.o
        12          4          0          0          0         68   sys_exit.o
        74          0          0          0          0         80   sys_stackheap_outer.o
        14          0          0          0          0         76   sys_wrch.o
         2          0          0          0          0         68   use_no_semi.o

    ----------------------------------------------------------------------
      1620         78          0          0        100       2196   Library Totals
        10          0          0          0          4          0   (incl. Padding)

    ----------------------------------------------------------------------

      Code (inc. data)   RO Data    RW Data    ZI Data      Debug   Library Name

      1610         78          0          0         96       2196   c_wu.l

    ----------------------------------------------------------------------
      1620         78          0          0        100       2196   Library Totals

    ----------------------------------------------------------------------

==============================================================================


      Code (inc. data)   RO Data    RW Data    ZI Data      Debug   

     67204       2948      11452       6844      86876     786577   Grand Totals
     67204       2948      11452       1100      86876     786577   ELF Image Totals (compressed)
     67204       2948      11452       1100          0          0   ROM Totals

==============================================================================

    Total RO  Size (Code + RO Data)                78656 (  76.81kB)
    Total RW  Size (RW Data + ZI Data)             93720 (  91.52kB)
    Total ROM Size (Code + RO Data + RW Data)      79756 (  77.89kB)

==============================================================================

