Component: ARM Compiler 5.06 update 4 (build 422) Tool: armlink [4d35d2]

==============================================================================

Section Cross References

    app.o(APP) refers to hal_fnc.o(.data_head) for Fncp_PendSV_IRQHandler
    app.o(i.main) refers to app_main.o(i.app_MainProc) for app_MainProc
    app_conf.o(i.app_GetCommonConfig) refers to app_conf.o(.data) for .data
    app_conf.o(i.app_GetInfo) refers to app_conf.o(.data) for .data
    app_conf.o(i.app_SetCommonConfig) refers to app_conf.o(.data) for .data
    app_conf.o(.data) refers to app_conf.o(.bss) for <Data1>
    app_dfup.o(i.app_dfup_oper_handler) refers to protocol_dfup.o(i.protocol_dfup_PendReadyStatus) for protocol_dfup_PendReadyStatus
    app_dfup.o(i.app_dfup_oper_handler) refers to protocol.o(i.protocol_init) for protocol_init
    app_dfup.o(i.app_dfup_oper_handler) refers to flitf.o(i.hal_flitf_another_process) for hal_flitf_another_process
    app_dfup.o(i.app_dfup_oper_handler) refers to pe_usb.o(i.QueueCommonData_USB) for QueueCommonData_USB
    app_dfup.o(i.app_dfup_oper_handler) refers to app_dfup.o(.data) for .data
    app_dfup.o(i.app_dfup_oper_handler) refers to flitf.o(.bss) for DFUP_BUFFER
    app_dfup.o(i.app_dfup_oper_handler) refers to protocol.o(.data) for vtProtocolBufferPointers
    app_diag.o(i.app_diag_Init) refers to algorithm_conf.o(i.algorithm_GetInfo) for algorithm_GetInfo
    app_diag.o(i.app_diag_Init) refers to app_diag.o(.data) for .data
    app_diag.o(i.app_diag_oper_handler) refers to algorithm_conf.o(i.algorithm_GetInfo) for algorithm_GetInfo
    app_diag.o(i.app_diag_oper_handler) refers to protocol_swip.o(i.protocol_swip_PendReadyStatus) for protocol_swip_PendReadyStatus
    app_diag.o(i.app_diag_oper_handler) refers to module_conf.o(i.module_GetCommonConfig) for module_GetCommonConfig
    app_diag.o(i.app_diag_oper_handler) refers to algorithm_conf.o(i.algorithm_GetModeConfig) for algorithm_GetModeConfig
    app_diag.o(i.app_diag_oper_handler) refers to protocol_swip.o(i.protocol_swip_GetTestType) for protocol_swip_GetTestType
    app_diag.o(i.app_diag_oper_handler) refers to module.o(i.module_wait_full_sample_done) for module_wait_full_sample_done
    app_diag.o(i.app_diag_oper_handler) refers to protocol_swip.o(i.protocol_swip_GetJitterAVGCount) for protocol_swip_GetJitterAVGCount
    app_diag.o(i.app_diag_oper_handler) refers to protocol_swip.o(i.protocol_swip_GetJitterMAXCount) for protocol_swip_GetJitterMAXCount
    app_diag.o(i.app_diag_oper_handler) refers to protocol_swip.o(i.protocol_swip_PendTestResult) for protocol_swip_PendTestResult
    app_diag.o(i.app_diag_oper_handler) refers to crc.o(i.Crc16WordCalc) for Crc16WordCalc
    app_diag.o(i.app_diag_oper_handler) refers to h1_free.o(.text) for free
    app_diag.o(i.app_diag_oper_handler) refers to app_diag.o(.data) for .data
    app_diag.o(i.app_diag_oper_handler) refers to memory_pool.o(.bss) for FullSharedBuff
    app_diag.o(i.app_diag_oper_handler) refers to app_diag.o(.constdata) for .constdata
    app_diag.o(i.app_diag_oper_handler) refers to sric.o(i.SRIC_Stop) for SRIC_Stop
    app_diag.o(i.app_diag_oper_handler) refers to mspi.o(i.MSPI_Set_TLPMODE) for MSPI_Set_TLPMODE
    app_diag.o(i.app_diag_oper_handler) refers to roic_ctrl_lx98405.o(i.LX98405_EvenOdd_Short_Setting) for LX98405_EvenOdd_Short_Setting
    app_diag.o(i.app_diag_oper_handler) refers to roic_ctrl_lx98405.o(i.LX98405_Short_Local_Global_Tune) for LX98405_Short_Local_Global_Tune
    app_diag.o(i.app_diag_oper_handler) refers to sric.o(i.SRIC_Run) for SRIC_Run
    app_diag.o(i.app_diag_oper_handler) refers to mspi.o(i.MSPI_Set_AITMODE) for MSPI_Set_AITMODE
    app_diag.o(i.app_diag_oper_handler) refers to roic_ctrl_lx98405.o(i.LX98405_Reg_Restore_Setting) for LX98405_Reg_Restore_Setting
    app_diag.o(i.app_diag_oper_handler) refers to roic_ctrl_lx98405.o(i.LX98405_OpenShort_SourceGnd_Setting) for LX98405_OpenShort_SourceGnd_Setting
    app_diag.o(i.app_diag_oper_handler) refers to roic_ctrl_lx98405.o(i.LX98405_OpenShort_Local_Global_Tune) for LX98405_OpenShort_Local_Global_Tune
    app_diag.o(i.app_diag_oper_handler) refers to roic_ctrl_lx98405.o(i.LX98405_OpenShort_Mux_Low_En) for LX98405_OpenShort_Mux_Low_En
    app_diag.o(i.app_diag_oper_handler) refers to module.o(i.module_Stop) for module_Stop
    app_diag.o(i.app_diag_oper_handler) refers to protocol_swip.o(i.protocol_swip_GetMode) for protocol_swip_GetMode
    app_main.o(i.app_MainProc) refers to hal.o(i.initECLK) for initECLK
    app_main.o(i.app_MainProc) refers to module.o(i.module_HW_Init) for module_HW_Init
    app_main.o(i.app_MainProc) refers to param.o(i.PARAM_Initialize) for PARAM_Initialize
    app_main.o(i.app_MainProc) refers to app_normal.o(i.app_normal_oper_handler) for app_normal_oper_handler
    app_main.o(i.app_MainProc) refers to app_diag.o(i.app_diag_oper_handler) for app_diag_oper_handler
[...]
    _memcpy_lastbytes_aligned                0x100003e9   Thumb Code     0  rt_memcpy_w.o(.text)
    __user_libspace                          0x10000405   Thumb Code     8  libspace.o(.text)
    __user_perproc_libspace                  0x10000405   Thumb Code     0  libspace.o(.text)
    __user_perthread_libspace                0x10000405   Thumb Code     0  libspace.o(.text)
    __Heap_ProvideMemory                     0x1000040d   Thumb Code    52  h1_extend.o(.text)
    __rt_SIGRTMEM                            0x10000441   Thumb Code    14  defsig_rtmem_outer.o(.text)
    __I$use$semihosting                      0x1000044f   Thumb Code     0  use_no_semi.o(.text)
    __use_no_semihosting_swi                 0x1000044f   Thumb Code     2  use_no_semi.o(.text)
    __semihosting_library_function           0x10000451   Thumb Code     0  indicate_semi.o(.text)
    __user_setup_stackheap                   0x10000451   Thumb Code    74  sys_stackheap_outer.o(.text)
    exit                                     0x1000049b   Thumb Code    18  exit.o(.text)
    __sig_exit                               0x100004ad   Thumb Code    10  defsig_exit.o(.text)
    __rt_SIGRTMEM_inner                      0x100004b9   Thumb Code    22  defsig_rtmem_inner.o(.text)
    _sys_exit                                0x10000509   Thumb Code     8  sys_exit.o(.text)
    __default_signal_display                 0x10000515   Thumb Code    50  defsig_general.o(.text)
    _ttywrch                                 0x10000547   Thumb Code    14  sys_wrch.o(.text)
    PendSV_Handler                           0x10000555   Thumb Code    16  app.o(APP)
    SysTick_Handler                          0x10000565   Thumb Code    16  app.o(APP)
    I2C_IRQHandler                           0x10000575   Thumb Code    16  app.o(APP)
    WDT_IRQHandler                           0x10000585   Thumb Code    16  app.o(APP)
    EXTI0_IRQHandler                         0x10000595   Thumb Code    16  app.o(APP)
    EXTI1_IRQHandler                         0x100005a5   Thumb Code    16  app.o(APP)
    TIMER_IRQHandler                         0x100005b5   Thumb Code    16  app.o(APP)
    TSPI_IRQHandler                          0x100005c5   Thumb Code    16  app.o(APP)
    USB_IRQHandler                           0x100005d5   Thumb Code    16  app.o(APP)
    PWMDRV_IRQHandler                        0x100005e5   Thumb Code    16  app.o(APP)
    MSPI_IRQHandler                          0x100005f5   Thumb Code    16  app.o(APP)
    GPDMA_IRQHandler                         0x10000605   Thumb Code    16  app.o(APP)
    DSP_A_IRQHandler                         0x10000615   Thumb Code    16  app.o(APP)
    DSP_B_IRQHandler                         0x10000625   Thumb Code    16  app.o(APP)
    PLL_IRQHandler                           0x10000635   Thumb Code    16  app.o(APP)
    FLITF_IRQHandler                         0x10000645   Thumb Code    16  app.o(APP)
    Long Thumb to Thumb Veneer to __user_initial_stackheap 0x10000695   Thumb Code    10  anon$$obj.o(Veneer$$Code)
    CheckI2CReady                            0x100006a1   Thumb Code    14  i2c.o(i.CheckI2CReady)
    Crc16WordCalc                            0x100006b5   Thumb Code    70  crc.o(i.Crc16WordCalc)
    EP0_SetupPacket                          0x10000701   Thumb Code  1108  pe_usb.o(i.EP0_SetupPacket)
    EP0_SetupPacket_GetDescriptor            0x10000b55   Thumb Code   560  pe_usb.o(i.EP0_SetupPacket_GetDescriptor)
    EP0_TxRx_Proc                            0x10000dc1   Thumb Code   118  pe_usb.o(i.EP0_TxRx_Proc)
    EXTI0_InterruptHandler                   0x10000e41   Thumb Code    78  gpio.o(i.EXTI0_InterruptHandler)
    EXTI1_InterruptHandler                   0x10000e99   Thumb Code     2  gpio.o(i.EXTI1_InterruptHandler)
    FLASH_Write                              0x10000e9d   Thumb Code   108  flitf.o(i.FLASH_Write)
    GPIO_Initialize                          0x10000f1d   Thumb Code    20  gpio.o(i.GPIO_Initialize)
    GetScanTime                              0x10000f49   Thumb Code    82  pe_usb.o(i.GetScanTime)
    HAL_CheckSensningModeChange              0x10000fa5   Thumb Code    76  hal.o(i.HAL_CheckSensningModeChange)
    HAL_ECLK_Off                             0x10000ff5   Thumb Code    70  hal.o(i.HAL_ECLK_Off)
    HAL_ECLK_On                              0x1000103b   Thumb Code    70  hal.o(i.HAL_ECLK_On)
    HAL_GetECLKOnOffControl                  0x10001081   Thumb Code    28  hal.o(i.HAL_GetECLKOnOffControl)
    HAL_GetSensingChangeMode                 0x100010a1   Thumb Code     8  hal.o(i.HAL_GetSensingChangeMode)
    HAL_GetSensingMode                       0x100010ad   Thumb Code     8  hal.o(i.HAL_GetSensingMode)
    HAL_GetTPICMuxEnControl                  0x100010b9   Thumb Code    28  hal.o(i.HAL_GetTPICMuxEnControl)
    HAL_Initialize                           0x100010d9   Thumb Code    34  hal.o(i.HAL_Initialize)
    HAL_SetECLKOnOffControl                  0x10001101   Thumb Code    92  hal.o(i.HAL_SetECLKOnOffControl)
    HAL_SetSensingChangeMode                 0x10001161   Thumb Code   122  hal.o(i.HAL_SetSensingChangeMode)
    HAL_SetSensingMode                       0x100011e1   Thumb Code     8  hal.o(i.HAL_SetSensingMode)
    HAL_SetTPICMuxEnControl                  0x100011ed   Thumb Code    20  hal.o(i.HAL_SetTPICMuxEnControl)
    Hal_Kick_DOG                             0x10001205   Thumb Code    24  wdgt.o(i.Hal_Kick_DOG)
    Hal_VccOff_State                         0x10001221   Thumb Code   746  hal.o(i.Hal_VccOff_State)
    Hal_WDT_DeInit                           0x10001515   Thumb Code    52  wdgt.o(i.Hal_WDT_DeInit)
    Hal_WDT_Init                             0x10001551   Thumb Code    52  wdgt.o(i.Hal_WDT_Init)
    Hal_sric_start                           0x10001599   Thumb Code   228  hal.o(i.Hal_sric_start)
    HardFault_Handler                        0x10001689   Thumb Code     2  interrupt.o(i.HardFault_Handler)
    HidReadWrite__Read                       0x1000168d   Thumb Code   186  pe_usb.o(i.HidReadWrite__Read)
    HidReadWrite__Read_I2C                   0x1000174d   Thumb Code   110  pe_usb.o(i.HidReadWrite__Read_I2C)
    HidReadWrite__Write                      0x100017bb   Thumb Code    78  pe_usb.o(i.HidReadWrite__Write)
    I2C_Initialize                           0x10001809   Thumb Code    78  i2c.o(i.I2C_Initialize)
    I2C_InterruptHandler                     0x10001865   Thumb Code  1024  i2c.o(i.I2C_InterruptHandler)
    LX98405_EvenOdd_Short_Setting            0x10001c65   Thumb Code   210  roic_ctrl_lx98405.o(i.LX98405_EvenOdd_Short_Setting)
    LX98405_OpenShort_Local_Global_Tune      0x10001d3d   Thumb Code   270  roic_ctrl_lx98405.o(i.LX98405_OpenShort_Local_Global_Tune)
    LX98405_OpenShort_Mux_Low_En             0x10001e4d   Thumb Code    70  roic_ctrl_lx98405.o(i.LX98405_OpenShort_Mux_Low_En)
    LX98405_OpenShort_SourceGnd_Setting      0x10001e99   Thumb Code    88  roic_ctrl_lx98405.o(i.LX98405_OpenShort_SourceGnd_Setting)
    LX98405_Reg_CRTuneSetting                0x10001ef5   Thumb Code  1168  roic_ctrl_lx98405.o(i.LX98405_Reg_CRTuneSetting)
    LX98405_Reg_Restore_Setting              0x10002385   Thumb Code   118  roic_ctrl_lx98405.o(i.LX98405_Reg_Restore_Setting)
    LX98405_RegisterInit                     0x10002401   Thumb Code   672  roic_ctrl_lx98405.o(i.LX98405_RegisterInit)
    LX98405_Short_Local_Global_Tune          0x100026a5   Thumb Code   268  roic_ctrl_lx98405.o(i.LX98405_Short_Local_Global_Tune)
    MODULE_Initialize                        0x100027b1   Thumb Code    22  module.o(i.MODULE_Initialize)
    MSPI_Cmd                                 0x100027cd   Thumb Code    14  mspi.o(i.MSPI_Cmd)
    MSPI_EachRegisterWrite                   0x100027e1   Thumb Code   314  mspi.o(i.MSPI_EachRegisterWrite)
    MSPI_GPIO_Init                           0x1000292d   Thumb Code   664  mspi.o(i.MSPI_GPIO_Init)
    MSPI_ITConfig                            0x10002bc9   Thumb Code    36  mspi.o(i.MSPI_ITConfig)
    MSPI_Initialize                          0x10002bf1   Thumb Code    48  mspi.o(i.MSPI_Initialize)
    MSPI_InterruptHandler                    0x10002c2d   Thumb Code   126  mspi.o(i.MSPI_InterruptHandler)
    MSPI_RegisterAllSricWrite                0x10002cb5   Thumb Code   318  mspi.o(i.MSPI_RegisterAllSricWrite)
    MSPI_RegisterRead                        0x10002e05   Thumb Code   388  mspi.o(i.MSPI_RegisterRead)
    MSPI_RegisterWrite                       0x10002f99   Thumb Code   322  mspi.o(i.MSPI_RegisterWrite)
    MSPI_Reset                               0x100030ed   Thumb Code    94  mspi.o(i.MSPI_Reset)
    MSPI_Set_AITMODE                         0x10003155   Thumb Code   412  mspi.o(i.MSPI_Set_AITMODE)
    MSPI_Set_GLF                             0x100032fd   Thumb Code   296  mspi.o(i.MSPI_Set_GLF)
    MSPI_Set_TLPMODE                         0x1000343d   Thumb Code   198  mspi.o(i.MSPI_Set_TLPMODE)
    PARAM_GetMode                            0x10003509   Thumb Code    10  param.o(i.PARAM_GetMode)
    PARAM_GetPreMainSet                      0x10003519   Thumb Code     6  param.o(i.PARAM_GetPreMainSet)
    PARAM_InitConfig                         0x10003525   Thumb Code    40  param.o(i.PARAM_InitConfig)
    PARAM_Initialize                         0x10003551   Thumb Code    84  param.o(i.PARAM_Initialize)
    PARAM_SetMode                            0x100035b1   Thumb Code     8  param.o(i.PARAM_SetMode)
    PWMDRV_Cmd                               0x100035bd   Thumb Code    14  pwmdrv.o(i.PWMDRV_Cmd)
    PWMDRV_GPIO_Init                         0x100035cd   Thumb Code   182  pwmdrv.o(i.PWMDRV_GPIO_Init)
    PWMDRV_ITConfig                          0x10003689   Thumb Code    34  pwmdrv.o(i.PWMDRV_ITConfig)
    PWMDRV_Init                              0x100036ad   Thumb Code   376  pwmdrv.o(i.PWMDRV_Init)
    PWMDRV_Initialize                        0x10003839   Thumb Code    12  pwmdrv.o(i.PWMDRV_Initialize)
    PWMDRV_InterruptHandler_FullScan         0x10003849   Thumb Code   388  pwmdrv.o(i.PWMDRV_InterruptHandler_FullScan)
    PWMDRV_InterruptHandler_LPWG             0x100039e1   Thumb Code    52  pwmdrv.o(i.PWMDRV_InterruptHandler_LPWG)
    PWMDRV_InterruptHandler_PartialScan      0x10003a15   Thumb Code     4  pwmdrv.o(i.PWMDRV_InterruptHandler_PartialScan)
    PWMDRV_Set_Pulse_Config                  0x10003a19   Thumb Code   424  pwmdrv.o(i.PWMDRV_Set_Pulse_Config)
    PendSV_InterruptHandler                  0x10003bc5   Thumb Code    16  interrupt.o(i.PendSV_InterruptHandler)
    Protection_UnLock                        0x10003bd9   Thumb Code    76  flitf.o(i.Protection_UnLock)
    QueueCommonData_USB                      0x10003c31   Thumb Code   244  pe_usb.o(i.QueueCommonData_USB)
    ReMapVectorTableToRam                    0x10003d35   Thumb Code    36  misc.o(i.ReMapVectorTableToRam)
    SCRB_Initialize                          0x10003d61   Thumb Code   902  scrb.o(i.SCRB_Initialize)
    SRIC_Init                                0x100040f1   Thumb Code    18  sric.o(i.SRIC_Init)
    SRIC_Initialize                          0x10004103   Thumb Code     2  sric.o(i.SRIC_Initialize)
    SRIC_Run                                 0x10004105   Thumb Code     8  sric.o(i.SRIC_Run)
    SRIC_Stop                                0x1000410d   Thumb Code     8  sric.o(i.SRIC_Stop)
    SendCustomData_I2C                       0x10004115   Thumb Code    48  i2c.o(i.SendCustomData_I2C)
    SendTouchData                            0x10004149   Thumb Code   600  pe_usb.o(i.SendTouchData)
    SendTouchData_USB                        0x100043bd   Thumb Code   134  pe_usb.o(i.SendTouchData_USB)
    SensingBufferInit                        0x10004449   Thumb Code    50  interrupt.o(i.SensingBufferInit)
    StaticQueue_CheckFull                    0x10004489   Thumb Code    18  pe_usb.o(i.StaticQueue_CheckFull)
    StaticQueue_CheckInit                    0x1000449b   Thumb Code    38  pe_usb.o(i.StaticQueue_CheckInit)
    StaticQueue_Init                         0x100044c1   Thumb Code    50  pe_usb.o(i.StaticQueue_Init)
    StaticQueue_Push                         0x100044fd   Thumb Code    90  pe_usb.o(i.StaticQueue_Push)
    SysTick_Initialize                       0x10004559   Thumb Code    38  systick.o(i.SysTick_Initialize)
    SysTick_InterruptHandler                 0x10004591   Thumb Code    22  systick.o(i.SysTick_InterruptHandler)
    USB_DevInit                              0x100045ad   Thumb Code   236  pe_usb.o(i.USB_DevInit)
    USB_InterruptHandler                     0x100046ad   Thumb Code  1200  pe_usb.o(i.USB_InterruptHandler)
    USB_ResetResume                          0x10004b65   Thumb Code   174  pe_usb.o(i.USB_ResetResume)
    WDGT_Init                                0x10004c21   Thumb Code   106  wdgt.o(i.WDGT_Init)
    WDT_InterruptHandler                     0x10004c8d   Thumb Code    98  wdgt.o(i.WDT_InterruptHandler)
    __ARM_common_memclr4_10                  0x10004cfd   Thumb Code    10  algorithm.o(i.__ARM_common_memclr4_10)
    __ARM_common_memclr4_8                   0x10004d07   Thumb Code     8  pe_usb.o(i.__ARM_common_memclr4_8)
    abnormal_rawdata_temp                    0x10004d11   Thumb Code    30  algorithm_baseline.o(i.abnormal_rawdata_temp)
    algorithm_CheckFingerIdleModeControl     0x10004d35   Thumb Code   100  algorithm.o(i.algorithm_CheckFingerIdleModeControl)
    algorithm_GetCommonConfig                0x10004d9d   Thumb Code     6  algorithm_conf.o(i.algorithm_GetCommonConfig)
    algorithm_GetInfo                        0x10004da9   Thumb Code     6  algorithm_conf.o(i.algorithm_GetInfo)
    algorithm_GetModeConfig                  0x10004db5   Thumb Code     6  algorithm_conf.o(i.algorithm_GetModeConfig)
    algorithm_PendTouchEvent                 0x10004dc1   Thumb Code   758  algorithm.o(i.algorithm_PendTouchEvent)
    algorithm_SetCommonConfig                0x100050d5   Thumb Code     6  algorithm_conf.o(i.algorithm_SetCommonConfig)
    algorithm_SetModeConfig                  0x100050e1   Thumb Code     6  algorithm_conf.o(i.algorithm_SetModeConfig)
    algorithm_baseline_calculate_delta       0x100050ed   Thumb Code   394  algorithm_baseline.o(i.algorithm_baseline_calculate_delta)
    algorithm_baseline_init                  0x10005285   Thumb Code    40  algorithm_baseline.o(i.algorithm_baseline_init)
    algorithm_baseline_init_param            0x100052b9   Thumb Code    18  algorithm_baseline.o(i.algorithm_baseline_init_param)
    algorithm_baseline_tracking_continuous   0x100052d1   Thumb Code   154  algorithm_baseline.o(i.algorithm_baseline_tracking_continuous)
    algorithm_baseline_tracking_initial      0x10005385   Thumb Code   152  algorithm_baseline.o(i.algorithm_baseline_tracking_initial)
    algorithm_calc_sqrt                      0x10005425   Thumb Code   124  algorithm.o(i.algorithm_calc_sqrt)
    algorithm_coord_IsEdgeArea               0x100054a1   Thumb Code    84  algorithm_coord.o(i.algorithm_coord_IsEdgeArea)
    algorithm_coord_OutInDrawing             0x100054f9   Thumb Code   574  algorithm_coord.o(i.algorithm_coord_OutInDrawing)
    algorithm_coord_PostProcess_1            0x1000573d   Thumb Code  1424  algorithm_coord.o(i.algorithm_coord_PostProcess_1)
    algorithm_coord_UpdatePosHistoryInfo     0x10005ccd   Thumb Code   318  algorithm_coord.o(i.algorithm_coord_UpdatePosHistoryInfo)
    algorithm_coord_calc_pos                 0x10005e11   Thumb Code   254  algorithm_coord.o(i.algorithm_coord_calc_pos)
    algorithm_coord_init                     0x10005f15   Thumb Code   344  algorithm_coord.o(i.algorithm_coord_init)
    algorithm_coord_init_param               0x10006071   Thumb Code    12  algorithm_coord.o(i.algorithm_coord_init_param)
    algorithm_coord_initialise_pos_buffer    0x10006081   Thumb Code   208  algorithm_coord.o(i.algorithm_coord_initialise_pos_buffer)
    algorithm_coord_process                  0x10006155   Thumb Code    50  algorithm_coord.o(i.algorithm_coord_process)
    algorithm_coord_smoothing_pos            0x1000618d   Thumb Code  1846  algorithm_coord.o(i.algorithm_coord_smoothing_pos)
    algorithm_coord_tracking_pos             0x100068c5   Thumb Code  2318  algorithm_coord.o(i.algorithm_coord_tracking_pos)
    algorithm_init                           0x100071d9   Thumb Code    80  algorithm.o(i.algorithm_init)
    algorithm_label_Add_NewNode_to_LabelRecord 0x1000722d   Thumb Code   150  algorithm_label.o(i.algorithm_label_Add_NewNode_to_LabelRecord)
    algorithm_label_EdgeExpand_Finger        0x100072c9   Thumb Code  1040  algorithm_coord.o(i.algorithm_label_EdgeExpand_Finger)
    algorithm_label_GetConflictInfo          0x100076d9   Thumb Code   418  algorithm_label.o(i.algorithm_label_GetConflictInfo)
    algorithm_label_Insert_NewRecord_to_LabelTable 0x1000788d   Thumb Code   116  algorithm_label.o(i.algorithm_label_Insert_NewRecord_to_LabelTable)
    algorithm_label_MarkBoundary             0x10007909   Thumb Code   340  algorithm_label.o(i.algorithm_label_MarkBoundary)
    algorithm_label_Merge                    0x10007a65   Thumb Code  1098  algorithm_label.o(i.algorithm_label_Merge)
    algorithm_label_Merge_PostProcess        0x10007eb1   Thumb Code   782  algorithm_label.o(i.algorithm_label_Merge_PostProcess)
    algorithm_label_SearchValidArea          0x100081cd   Thumb Code   848  algorithm_label.o(i.algorithm_label_SearchValidArea)
    algorithm_label_Split                    0x10008525   Thumb Code   606  algorithm_label.o(i.algorithm_label_Split)
    algorithm_label_SplitNMerge_process      0x1000878d   Thumb Code   494  algorithm_label.o(i.algorithm_label_SplitNMerge_process)
    algorithm_label_init                     0x10008985   Thumb Code    34  algorithm_label.o(i.algorithm_label_init)
    algorithm_label_init_param               0x100089b5   Thumb Code    12  algorithm_label.o(i.algorithm_label_init_param)
    algorithm_label_palm_rejection           0x100089c5   Thumb Code  1864  algorithm_label.o(i.algorithm_label_palm_rejection)
    algorithm_label_process                  0x10009119   Thumb Code   158  algorithm_label.o(i.algorithm_label_process)
    algorithm_process                        0x100091c5   Thumb Code   160  algorithm.o(i.algorithm_process)
    alogorithm_coord_modify_pos              0x1000927d   Thumb Code   632  algorithm_coord.o(i.alogorithm_coord_modify_pos)
    app_GetCommonConfig                      0x100094f9   Thumb Code     6  app_conf.o(i.app_GetCommonConfig)
    app_GetInfo                              0x10009505   Thumb Code     6  app_conf.o(i.app_GetInfo)
    app_MainProc                             0x10009511   Thumb Code   110  app_main.o(i.app_MainProc)
    app_SetCommonConfig                      0x10009585   Thumb Code     6  app_conf.o(i.app_SetCommonConfig)
    app_dfup_oper_handler                    0x10009591   Thumb Code    30  app_dfup.o(i.app_dfup_oper_handler)
    app_diag_oper_handler                    0x100095bd   Thumb Code  2658  app_diag.o(i.app_diag_oper_handler)
    app_normal_oper_handler                  0x1000a029   Thumb Code   800  app_normal.o(i.app_normal_oper_handler)
    delay_ms                                 0x1000a371   Thumb Code   116  systick.o(i.delay_ms)
    delay_us                                 0x1000a3e9   Thumb Code   106  systick.o(i.delay_us)
    getElapsedLongSYSTICK                    0x1000a459   Thumb Code    54  systick.o(i.getElapsedLongSYSTICK)
    getElapsedSYSTICK                        0x1000a495   Thumb Code    18  systick.o(i.getElapsedSYSTICK)
    hal_GetInfo                              0x1000a4a9   Thumb Code     6  hal_conf.o(i.hal_GetInfo)
    hal_PendSVHandlerInitialize              0x1000a4b5   Thumb Code    16  interrupt.o(i.hal_PendSVHandlerInitialize)
    hal_SetCommonConfig                      0x1000a4d1   Thumb Code     6  hal_conf.o(i.hal_SetCommonConfig)
    hal_clear_SubState_flag                  0x1000a4dd   Thumb Code     8  module.o(i.hal_clear_SubState_flag)
    hal_clear_irq_flag                       0x1000a4e9   Thumb Code     8  module.o(i.hal_clear_irq_flag)
    hal_clear_overlap_pen                    0x1000a4f5   Thumb Code     8  module.o(i.hal_clear_overlap_pen)
    hal_flitf_another_process                0x1000a501   Thumb Code   512  flitf.o(i.hal_flitf_another_process)
    hal_get_SubState_flag                    0x1000a725   Thumb Code     6  module.o(i.hal_get_SubState_flag)
    hal_mspi_GetCommonConfig                 0x1000a731   Thumb Code     6  hal_conf.o(i.hal_mspi_GetCommonConfig)
    hal_pwmdrv_GetCommonConfig               0x1000a73d   Thumb Code     8  hal_conf.o(i.hal_pwmdrv_GetCommonConfig)
    hal_set_irq_flag                         0x1000a749   Thumb Code     8  module.o(i.hal_set_irq_flag)
    hal_set_overlap_pen                      0x1000a755   Thumb Code     8  module.o(i.hal_set_overlap_pen)
    initBoardGPIO                            0x1000a761   Thumb Code   166  hal.o(i.initBoardGPIO)
    initECLK                                 0x1000a80d   Thumb Code    82  hal.o(i.initECLK)
    initGPIO                                 0x1000a86d   Thumb Code   280  gpio.o(i.initGPIO)
    init_EXIT                                0x1000a989   Thumb Code   312  gpio.o(i.init_EXIT)
    main                                     0x1000aac5   Thumb Code    10  app.o(i.main)
    module_Defense_Recovery                  0x1000aad1   Thumb Code    22  module.o(i.module_Defense_Recovery)
    module_GetCommonConfig                   0x1000aaed   Thumb Code     6  module_conf.o(i.module_GetCommonConfig)
    module_GetFixedConfig                    0x1000aaf9   Thumb Code     6  module_conf.o(i.module_GetFixedConfig)
    module_GetModeConfig                     0x1000ab05   Thumb Code     6  module_conf.o(i.module_GetModeConfig)
    module_HW_Init                           0x1000ab11   Thumb Code   358  module.o(i.module_HW_Init)
    module_Init_LcdOn                        0x1000ac85   Thumb Code    20  module.o(i.module_Init_LcdOn)
    module_Protocol_Init                     0x1000ac9d   Thumb Code    58  module.o(i.module_Protocol_Init)
    module_SetCommonConfig                   0x1000acdd   Thumb Code     6  module_conf.o(i.module_SetCommonConfig)
    module_SetFixedConfig                    0x1000ace9   Thumb Code     6  module_conf.o(i.module_SetFixedConfig)
    module_SetModeConfig                     0x1000acf5   Thumb Code     6  module_conf.o(i.module_SetModeConfig)
    module_Smt_Mode_Enter                    0x1000ad01   Thumb Code    64  module.o(i.module_Smt_Mode_Enter)
    module_Start                             0x1000ad45   Thumb Code     6  module.o(i.module_Start)
    module_Stop                              0x1000ad4b   Thumb Code     2  module.o(i.module_Stop)
    module_Tsync1_SignalBypass               0x1000ad4d   Thumb Code    42  module.o(i.module_Tsync1_SignalBypass)
    module_Watch_Enable                      0x1000ad7d   Thumb Code     4  module.o(i.module_Watch_Enable)
    module_boot_vidpid_change                0x1000ad81   Thumb Code   180  module.o(i.module_boot_vidpid_change)
    module_start_delay                       0x1000ae39   Thumb Code   104  module.o(i.module_start_delay)
    module_wait_full_sample_done             0x1000aea5   Thumb Code   200  module.o(i.module_wait_full_sample_done)
    protocol_GetCommonConfig                 0x1000af81   Thumb Code     6  protocol_conf.o(i.protocol_GetCommonConfig)
    protocol_GetInfo                         0x1000af8d   Thumb Code     6  protocol_conf.o(i.protocol_GetInfo)
    protocol_Log                             0x1000af99   Thumb Code    78  protocol_log.o(i.protocol_Log)
    protocol_SetCommonConfig                 0x1000aff5   Thumb Code     6  protocol_conf.o(i.protocol_SetCommonConfig)
    protocol_dfup_ClearInterrupt             0x1000b001   Thumb Code    62  protocol_dfup.o(i.protocol_dfup_ClearInterrupt)
    protocol_dfup_GetMappedPointer           0x1000b04d   Thumb Code   270  protocol_dfup.o(i.protocol_dfup_GetMappedPointer)
    protocol_dfup_Init                       0x1000b161   Thumb Code    42  protocol_dfup.o(i.protocol_dfup_Init)
    protocol_dfup_PendReadyStatus            0x1000b191   Thumb Code    34  protocol_dfup.o(i.protocol_dfup_PendReadyStatus)
    protocol_hid_PushTouchEvent              0x1000b1b9   Thumb Code    84  pe_usb.o(i.protocol_hid_PushTouchEvent)
    protocol_hid_mapping_emul_handler        0x1000b219   Thumb Code   140  pe_usb.o(i.protocol_hid_mapping_emul_handler)
    protocol_init                            0x1000b2b1   Thumb Code    42  protocol.o(i.protocol_init)
    protocol_swip_ClearInterrupt             0x1000b2fd   Thumb Code   162  protocol_swip.o(i.protocol_swip_ClearInterrupt)
    protocol_swip_GetJitterAVGCount          0x1000b3b1   Thumb Code     8  protocol_swip.o(i.protocol_swip_GetJitterAVGCount)
    protocol_swip_GetJitterMAXCount          0x1000b3bd   Thumb Code     8  protocol_swip.o(i.protocol_swip_GetJitterMAXCount)
    protocol_swip_GetMappedPointer           0x1000b3c9   Thumb Code   106  protocol_swip.o(i.protocol_swip_GetMappedPointer)
    protocol_swip_GetMode                    0x1000b43d   Thumb Code     8  protocol_swip.o(i.protocol_swip_GetMode)
    protocol_swip_GetPacketFormatId          0x1000b449   Thumb Code     8  protocol_swip.o(i.protocol_swip_GetPacketFormatId)
    protocol_swip_GetReadModuleConfigStatus  0x1000b455   Thumb Code     8  protocol_swip.o(i.protocol_swip_GetReadModuleConfigStatus)
    protocol_swip_GetRecalibrate             0x1000b461   Thumb Code     8  protocol_swip.o(i.protocol_swip_GetRecalibrate)
    protocol_swip_GetTestType                0x1000b46d   Thumb Code     8  protocol_swip.o(i.protocol_swip_GetTestType)
    protocol_swip_Init                       0x1000b479   Thumb Code   220  protocol_swip.o(i.protocol_swip_Init)
    protocol_swip_InitTouchEventBuffer       0x1000b569   Thumb Code    22  protocol_swip.o(i.protocol_swip_InitTouchEventBuffer)
    protocol_swip_PendEventInterrupt         0x1000b589   Thumb Code    62  protocol_swip.o(i.protocol_swip_PendEventInterrupt)
    protocol_swip_PendReadyStatus            0x1000b5d5   Thumb Code    18  protocol_swip.o(i.protocol_swip_PendReadyStatus)
    protocol_swip_PendTestResult             0x1000b5ed   Thumb Code    44  protocol_swip.o(i.protocol_swip_PendTestResult)
    protocol_swip_PushTouchEvent             0x1000b625   Thumb Code   750  protocol_swip.o(i.protocol_swip_PushTouchEvent)
    protocol_swip_SendTouchEvent             0x1000b931   Thumb Code   374  protocol_swip.o(i.protocol_swip_SendTouchEvent)
    protocol_swip_SetReadModuleConfigStatus  0x1000babd   Thumb Code     8  protocol_swip.o(i.protocol_swip_SetReadModuleConfigStatus)
    protocol_swip_SetRecalibrate             0x1000bac9   Thumb Code     8  protocol_swip.o(i.protocol_swip_SetRecalibrate)
    udelay                                   0x1000bad5   Thumb Code    10  misc.o(i.udelay)
    writeBitToGPIO                           0x1000bae1   Thumb Code    52  gpio.o(i.writeBitToGPIO)
    ktParamPresetMainConf                    0x1000bb88   Data         724  param_config_preset.o(.constdata)
    dfup                                     0x20000008   Data           4  app_dfup.o(.data)
    BaseAddr                                 0x2000000c   Data           4  app_diag.o(.data)
    fullBuffer                               0x20000014   Data           4  app_diag.o(.data)
    fw_crc_value                             0x20000018   Data           4  app_diag.o(.data)
    ulFrame1Count                            0x2000001c   Data           4  app_diag.o(.data)
    ulFrame2Count                            0x20000020   Data           4  app_diag.o(.data)
    wakeupSignalEn                           0x20000024   Data           1  app_normal.o(.data)
    abnormalUSBOperating                     0x20000025   Data           1  app_normal.o(.data)
    frameCntForUSBAbnormal                   0x2000002c   Data           4  app_normal.o(.data)
    TEST_LOCAL_STATE                         0x20000030   Data           4  app_normal.o(.data)
    DebugAlgorithmInfo                       0x20000040   Data           4  algorithm.o(.data)
    tTempAlgorithmInfoDebug                  0x20000044   Data           4  algorithm.o(.data)
    sucArcTanLookUpTable                     0x20000048   Data         202  algorithm.o(.data)
    DoReportOrgPos                           0x20000112   Data           1  algorithm.o(.data)
    g_pFingerBaseImage                       0x200020f0   Data           4  algorithm_baseline.o(.data)
    SRIC_reset_flag                          0x200020f4   Data           1  algorithm_baseline.o(.data)
    PrevFinger                               0x200020f8   Data           1  algorithm_coord.o(.data)
    AddDistTh                                0x200020fa   Data           2  algorithm_coord.o(.data)
    PanningTestModeCnt                       0x200020fc   Data           4  algorithm_coord.o(.data)
    VirtualCoordFrmCnt                       0x2000210c   Data           4  algorithm_coord.o(.data)
    TestModeCnt                              0x20002110   Data           4  algorithm_coord.o(.data)
    max_d                                    0x20002114   Data           4  algorithm_coord.o(.data)
    PalmRegionNum                            0x20002118   Data           1  algorithm_label.o(.data)
    p_currentRowStart                        0x20002204   Data           2  interrupt.o(.data)
    sensingRowStart                          0x20002206   Data           2  interrupt.o(.data)
    currentRowStart                          0x20002208   Data           2  interrupt.o(.data)
    gMspiCounterPen                          0x2000220c   Data           4  interrupt.o(.data)
    isFirstFrame                             0x20002210   Data           4  interrupt.o(.data)
    nextTSync                                0x20002214   Data           4  interrupt.o(.data)
    pFreqHoppingAndModeTest                  0x20002218   Data           4  interrupt.o(.data)
    _DebugGPIO                               0x2000221c   Data           4  gpio.o(.data)
    g_Ready                                  0x20002220   Data           1  i2c.o(.data)
    g_Ready_Complete                         0x20002221   Data           1  i2c.o(.data)
    g_DelayCheck                             0x20002222   Data           1  i2c.o(.data)
    g_ConnectedDevice                        0x20002223   Data           1  i2c.o(.data)
    g_ConnectedDevice_FirstCheck             0x20002224   Data           1  i2c.o(.data)
    g_bReset                                 0x20002225   Data           1  i2c.o(.data)
    g_GpioDisable                            0x20002226   Data           1  i2c.o(.data)
    g_CheckComplete_Common_I2C               0x20002227   Data           1  i2c.o(.data)
    custom_tool                              0x20002228   Data           1  i2c.o(.data)
    g_DelayTime                              0x2000222c   Data           4  i2c.o(.data)
    g_RxCommandIndex                         0x20002230   Data           4  i2c.o(.data)
    g_TxPtr                                  0x20002234   Data           4  i2c.o(.data)
    g_TxIndex                                0x20002238   Data           4  i2c.o(.data)
    g_TxPtr_Common                           0x2000223c   Data           4  i2c.o(.data)
    g_TxIndex_Common                         0x20002240   Data           4  i2c.o(.data)
    g_StartTime_I2C                          0x20002258   Data           8  i2c.o(.data)
    SkipFrameCnt                             0x20002260   Data           1  pwmdrv.o(.data)
    abnormalTsyncLowTime                     0x20002261   Data           1  pwmdrv.o(.data)
    TsyncFallingStartTime                    0x20002268   Data           8  pwmdrv.o(.data)
    TsyncRisingStartTime                     0x20002270   Data           8  pwmdrv.o(.data)
    TsyncLowTime                             0x20002278   Data           8  pwmdrv.o(.data)
    pTestMSPI                                0x20002280   Data           4  mspi.o(.data)
    _systick_high_rank_count_                0x20002284   Data           4  systick.o(.data)
    _core_clock_                             0x20002288   Data           4  systick.o(.data)
    wdt_init                                 0x2000228c   Data           1  wdgt.o(.data)
    tFlashIAPPacket                          0x20002298   Data           4  flitf.o(.data)
    u8_FS_DeviceDesc                         0x200022a4   Data          18  pe_my_usbtable.o(.data)
    u8_FS_ConfigDesc                         0x200022b6   Data          82  pe_my_usbtable.o(.data)
    u8O_StrDesc_LangIDs                      0x20002308   Data           4  pe_my_usbtable.o(.data)
    u8O_StrDesc_Product                      0x2000230c   Data          50  pe_my_usbtable.o(.data)
    u8O_StrDesc_Manufacturer                 0x2000233e   Data          26  pe_my_usbtable.o(.data)
    u8_HID_MultiTouch_Descriptor_Head        0x20002358   Data           8  pe_my_usbtable.o(.data)
    u8_HID_MultiTouch_Descriptor_Main        0x20002360   Data          64  pe_my_usbtable.o(.data)
    u8_HID_MultiTouch_Descriptor_Tail        0x200023a0   Data          69  pe_my_usbtable.o(.data)
    u8_HID_Touch_Blob                        0x200023e5   Data         257  pe_my_usbtable.o(.data)
    u8_HID_Custom_Descriptor                 0x200024e6   Data          38  pe_my_usbtable.o(.data)
    g_Configuration                          0x20002510   Data           1  pe_usb.o(.data)
    g_HIDReady                               0x20002511   Data           1  pe_usb.o(.data)
    g_CXF_Done                               0x20002512   Data           1  pe_usb.o(.data)
    g_RemoteWakeup                           0x20002513   Data           1  pe_usb.o(.data)
    g_SuspendOn                              0x20002514   Data           1  pe_usb.o(.data)
    g_EP0_Check                              0x20002515   Data           1  pe_usb.o(.data)
    g_CheckVDMAComplete_Touch                0x20002516   Data           1  pe_usb.o(.data)
    ResumeCnt                                0x20002517   Data           1  pe_usb.o(.data)
    Recovery_ClearSus_Flag                   0x20002518   Data           1  pe_usb.o(.data)
    g_CheckVDMAComplete_Custom               0x20002519   Data           1  pe_usb.o(.data)
    g_PenEventNum                            0x2000251a   Data           1  pe_usb.o(.data)
    g_EP0_BufferLength                       0x2000251c   Data           2  pe_usb.o(.data)
    g_LatencyMode                            0x2000251e   Data           2  pe_usb.o(.data)
    g_MaxTouchCount                          0x20002520   Data           2  pe_usb.o(.data)
    g_DeviceMode                             0x20002528   Data           3  pe_usb.o(.data)
    g_pSetupPacket                           0x2000252c   Data           4  pe_usb.o(.data)
    g_EP0_BufferAddr                         0x20002530   Data           4  pe_usb.o(.data)
    g_EP0_Offset                             0x20002534   Data           4  pe_usb.o(.data)
    g_EP0_Remain                             0x20002538   Data           4  pe_usb.o(.data)
    g_IntGroup                               0x2000253c   Data           4  pe_usb.o(.data)
    g_IntControl                             0x20002540   Data           4  pe_usb.o(.data)
    g_IntVDMA                                0x20002544   Data           4  pe_usb.o(.data)
    g_IntEP0                                 0x20002548   Data           4  pe_usb.o(.data)
    g_IntEP                                  0x2000254c   Data           4  pe_usb.o(.data)
    g_ScanTime                               0x20002550   Data           4  pe_usb.o(.data)
    g_ScanTime_Recovery                      0x20002554   Data           4  pe_usb.o(.data)
    g_ScanTime_Recovery_ClearSus             0x20002558   Data           4  pe_usb.o(.data)
    HID_PEN_X                                0x2000255c   Data           4  pe_usb.o(.data)
    HID_PEN_Y                                0x20002560   Data           4  pe_usb.o(.data)
    HID_PEN_STATUS                           0x20002564   Data           4  pe_usb.o(.data)
    ulDebugIndex                             0x20002570   Data           4  pe_usb.o(.data)
    hid_index                                0x20002578   Data           4  pe_usb.o(.data)
    g_EP0_Packet                             0x2000257c   Data           8  pe_usb.o(.data)
    g_StartTime                              0x20002588   Data           8  pe_usb.o(.data)
    g_StartTime_Recovery                     0x20002590   Data           8  pe_usb.o(.data)
    g_StartTime_Recovery_ClearSus            0x20002598   Data           8  pe_usb.o(.data)
    LocalSensingPos                          0x200025a0   Data           1  module.o(.data)
    gucOverlapFPend                          0x200025a1   Data           1  module.o(.data)
    gLocalTypeFlag                           0x200025a2   Data           1  module.o(.data)
    gSubStateFlag                            0x200025a3   Data           1  module.o(.data)
    RESET_FLAG                               0x200025a4   Data           1  module.o(.data)
    gbIrqFlag                                0x200025b0   Data           8  module.o(.data)
    TMP_INFO                                 0x200025b8   Data           8  module.o(.data)
    PenCoordIdx                              0x200025c0   Data           4  module.o(.data)
    s_pktmoduleSRICCommonConf                0x200025ec   Data           4  roic_ctrl_lx98405.o(.data)
    s_ktmoduleSRICCommonConf                 0x200025f0   Data        1392  roic_ctrl_lx98405.o(.data)
    vtProtocolBufferPointers                 0x20002b60   Data           8  protocol.o(.data)
    ktProtocolGetter                         0x20002b68   Data           2  protocol.o(.data)
    ktProtocolSetter                         0x20002b6a   Data          16  protocol.o(.data)
    tProtocolCtrl                            0x20002b7a   Data           8  protocol.o(.data)
    protocol_Init                            0x20002b84   Data           4  protocol.o(.data)
    protocol_GetMappedPointer                0x20002b88   Data           4  protocol.o(.data)
    protocol_ClearInterrupt                  0x20002b8c   Data           4  protocol.o(.data)
    tProtocolImage                           0x20002c8f   Data          20  protocol_log.o(.data)
    tProtocolLog                             0x20002ca3   Data          12  protocol_log.o(.data)
    crc_value                                0x20002cc4   Data           4  protocol_swip.o(.data)
    ptDummyPacketInfo                        0x20002cec   Data          66  protocol_swip.o(.data)
    s_ptParamFixedMainSet                    0x2000307c   Data           4  param.o(.data)
    s_ptParamPreMainSet                      0x20003080   Data           4  param.o(.data)
    Fncp_PendSV_IRQHandler                   0x2000308c   Data           4  hal_fnc.o(.data_head)
    Fncp_Systick_IRQHandler                  0x20003090   Data           4  hal_fnc.o(.data_head)
    Fncp_I2C_IRQHandler                      0x20003094   Data           4  hal_fnc.o(.data_head)
    Fncp_WDT_IRQHandler                      0x20003098   Data           4  hal_fnc.o(.data_head)
    Fncp_EXTI0_IRQHandler                    0x2000309c   Data           4  hal_fnc.o(.data_head)
    Fncp_EXTI1_IRQHandler                    0x200030a0   Data           4  hal_fnc.o(.data_head)
    Fncp_TIMER_IRQHandler                    0x200030a4   Data           4  hal_fnc.o(.data_head)
    Fncp_TSPI_IRQHandler                     0x200030a8   Data           4  hal_fnc.o(.data_head)
    Fncp_USB_IRQHandler                      0x200030ac   Data           4  hal_fnc.o(.data_head)
    Fncp_PWMDRV_IRQHandler                   0x200030b0   Data           4  hal_fnc.o(.data_head)
    Fncp_MSPI_IRQHandler                     0x200030b4   Data           4  hal_fnc.o(.data_head)
    Fncp_GPDMA_IRQHandler                    0x200030b8   Data           4  hal_fnc.o(.data_head)
    Fncp_DSP_A_IRQHandler                    0x200030bc   Data           4  hal_fnc.o(.data_head)
    Fncp_DSP_B_IRQHandler                    0x200030c0   Data           4  hal_fnc.o(.data_head)
    Fncp_PLL_IRQHandler                      0x200030c4   Data           4  hal_fnc.o(.data_head)
    Fncp_FLITF_IRQHandler                    0x200030c8   Data           4  hal_fnc.o(.data_head)
    sLFOffsetRow                             0x200030d6   Data          96  algorithm.o(.bss)
    sLFOffsetCol                             0x200031cc   Data         192  algorithm.o(.bss)
    FirstTouchEnable                         0x2000328c   Data          16  algorithm_coord.o(.bss)
    PalmRectEnable                           0x2000329c   Data          10  algorithm_label.o(.bss)
    PalmRect                                 0x200032a6   Data          40  algorithm_label.o(.bss)
    tHalIntrHandle                           0x200032d0   Data          36  hal.o(.bss)
    dbg_interrupt                            0x200032f4   Data          40  interrupt.o(.bss)
    FullSharedBuff                           0x2000331c   Data       75412  memory_pool.o(.bss)
    g_RxCommand                              0x200159b0   Data         100  i2c.o(.bss)
    g_Common_I2C                             0x20015a14   Data          66  i2c.o(.bss)
    g_CustomBuffer_I2C                       0x20015a56   Data          66  i2c.o(.bss)
    vectorTable                              0x20015b00   Data         120  misc.o(.bss)
    DFUP_BUFFER                              0x20015b78   Data        4096  flitf.o(.bss)
    VERI_BUFFER                              0x20016b78   Data        4096  flitf.o(.bss)
    BOS_Descriptor                           0x20017b78   Data          12  pe_my_usbtable.o(.bss)
    MS_OS_Descriptor                         0x20017b84   Data          18  pe_my_usbtable.o(.bss)
    MS_OS_Property                           0x20017b96   Data         492  pe_my_usbtable.o(.bss)
    g_Status                                 0x20017d84   Data          18  pe_usb.o(.bss)
    g_IdleDuration                           0x20017d96   Data         255  pe_usb.o(.bss)
    g_HID_Descriptor                         0x20017e95   Data           9  pe_usb.o(.bss)
    g_Touch                                  0x20017e9e   Data          66  pe_usb.o(.bss)
    g_TouchTip                               0x20017ee0   Data          11  pe_usb.o(.bss)
    HID_id                                   0x20017eec   Data          40  pe_usb.o(.bss)
    HID_x                                    0x20017f14   Data          40  pe_usb.o(.bss)
    HID_y                                    0x20017f3c   Data          40  pe_usb.o(.bss)
    HID_status                               0x20017f64   Data          40  pe_usb.o(.bss)
    g_Queue_Common                           0x20017f8c   Data        1991  pe_usb.o(.bss)
    tDebug                                   0x20018754   Data        7000  pe_usb.o(.bss)
    u8_HID_MultiTouchReportDesc_Temp         0x2001a2ac   Data         717  pe_usb.o(.bss)
    g_CustomBuffer                           0x2001a579   Data          64  pe_usb.o(.bss)
    g_BulkCustomBuffer                       0x2001a5b9   Data          66  pe_usb.o(.bss)
    ptPacketInfoQueue                        0x2001a69d   Data         462  protocol_swip.o(.bss)
    __libspace_start                         0x2001db40   Data          96  libspace.o(.bss)
    __temporary_stack_top$libspace           0x2001dba0   Data           0  libspace.o(.bss)
    ktParamFixedMainConf                     0x20027000   Data       12288  param_config_fixed.o(.data)



==============================================================================

Memory Map of the image

  Image Entry point : 0x00004079

  Load Region LOAD_REGION (Base: 0x00004000, Size: 0x000120fc, Max: 0x0001c000, ABSOLUTE, COMPRESSED[0x0000ecd0])

    Execution Region CODE (Base: 0x00004000, Size: 0x000001d4, Max: 0x0001c000, ABSOLUTE)

    Base Addr    Size         Type   Attr      Idx    E Section Name        Object

    0x00004000   0x00000078   Data   RO         1658    RESET               startup.o
    0x00004078   0x00000008   Code   RO         4400  * !!!main             c_wu.l(__main.o)
    0x00004080   0x00000034   Code   RO         4615    !!!scatter          c_wu.l(__scatter.o)
    0x000040b4   0x0000005a   Code   RO         4613    !!dczerorl2         c_wu.l(__dczerorl2.o)
    0x0000410e   0x00000002   PAD
    0x00004110   0x0000001a   Code   RO         4617    !!handler_copy      c_wu.l(__scatter_copy.o)
    0x0000412a   0x00000002   PAD
    0x0000412c   0x0000001c   Code   RO         4619    !!handler_zi        c_wu.l(__scatter_zi.o)
    0x00004148   0x00000040   Code   RO         1659    .text               startup.o
    0x00004188   0x0000000a   Ven    RO         4621    Veneer$$Code        anon$$obj.o
    0x00004192   0x00000002   PAD
    0x00004194   0x00000040   Data   RO         4611    Region$$Table       anon$$obj.o


    Execution Region IBUS_SRAM (Base: 0x10000000, Size: 0x0000be5c, Max: 0x00010000, ABSOLUTE)

    Base Addr    Size         Type   Attr      Idx    E Section Name        Object

    0x10000000   0x00000002   Code   RO         4552    .ARM.Collect$$libinit$$00000000  c_wu.l(libinit.o)
    0x10000002   0x00000000   Code   RO         4439    .ARM.Collect$$libinit$$00000002  c_wu.l(libinit2.o)
    0x10000002   0x00000000   Code   RO         4441    .ARM.Collect$$libinit$$00000004  c_wu.l(libinit2.o)
    0x10000002   0x00000008   Code   RO         4442    .ARM.Collect$$libinit$$00000005  c_wu.l(libinit2.o)
    0x1000000a   0x00000000   Code   RO         4444    .ARM.Collect$$libinit$$0000000A  c_wu.l(libinit2.o)
    0x1000000a   0x00000000   Code   RO         4446    .ARM.Collect$$libinit$$0000000C  c_wu.l(libinit2.o)
    0x1000000a   0x00000000   Code   RO         4448    .ARM.Collect$$libinit$$0000000E  c_wu.l(libinit2.o)
    0x1000000a   0x00000000   Code   RO         4451    .ARM.Collect$$libinit$$00000011  c_wu.l(libinit2.o)
    0x1000000a   0x00000000   Code   RO         4453    .ARM.Collect$$libinit$$00000013  c_wu.l(libinit2.o)
    0x1000000a   0x00000000   Code   RO         4455    .ARM.Collect$$libinit$$00000015  c_wu.l(libinit2.o)
    0x1000000a   0x00000000   Code   RO         4457    .ARM.Collect$$libinit$$00000017  c_wu.l(libinit2.o)
    0x1000000a   0x00000000   Code   RO         4459    .ARM.Collect$$libinit$$00000019  c_wu.l(libinit2.o)
    0x1000000a   0x00000000   Code   RO         4461    .ARM.Collect$$libinit$$0000001B  c_wu.l(libinit2.o)
    0x1000000a   0x00000000   Code   RO         4463    .ARM.Collect$$libinit$$0000001D  c_wu.l(libinit2.o)
    0x1000000a   0x00000000   Code   RO         4465    .ARM.Collect$$libinit$$0000001F  c_wu.l(libinit2.o)
    0x1000000a   0x00000000   Code   RO         4467    .ARM.Collect$$libinit$$00000021  c_wu.l(libinit2.o)
    0x1000000a   0x00000000   Code   RO         4469    .ARM.Collect$$libinit$$00000023  c_wu.l(libinit2.o)
    0x1000000a   0x00000000   Code   RO         4471    .ARM.Collect$$libinit$$00000025  c_wu.l(libinit2.o)
    0x1000000a   0x00000000   Code   RO         4475    .ARM.Collect$$libinit$$0000002C  c_wu.l(libinit2.o)
    0x1000000a   0x00000000   Code   RO         4477    .ARM.Collect$$libinit$$0000002E  c_wu.l(libinit2.o)
    0x1000000a   0x00000000   Code   RO         4479    .ARM.Collect$$libinit$$00000030  c_wu.l(libinit2.o)
    0x1000000a   0x00000000   Code   RO         4481    .ARM.Collect$$libinit$$00000032  c_wu.l(libinit2.o)
    0x1000000a   0x00000002   Code   RO         4482    .ARM.Collect$$libinit$$00000033  c_wu.l(libinit2.o)
    0x1000000c   0x00000002   Code   RO         4610    .ARM.Collect$$libshutdown$$00000000  c_wu.l(libshutdown.o)
    0x1000000e   0x00000000   Code   RO         4568    .ARM.Collect$$libshutdown$$00000002  c_wu.l(libshutdown2.o)
    0x1000000e   0x00000000   Code   RO         4570    .ARM.Collect$$libshutdown$$00000004  c_wu.l(libshutdown2.o)
    0x1000000e   0x00000000   Code   RO         4573    .ARM.Collect$$libshutdown$$00000007  c_wu.l(libshutdown2.o)
    0x1000000e   0x00000000   Code   RO         4576    .ARM.Collect$$libshutdown$$0000000A  c_wu.l(libshutdown2.o)
    0x1000000e   0x00000000   Code   RO         4578    .ARM.Collect$$libshutdown$$0000000C  c_wu.l(libshutdown2.o)
    0x1000000e   0x00000000   Code   RO         4581    .ARM.Collect$$libshutdown$$0000000F  c_wu.l(libshutdown2.o)
    0x1000000e   0x00000002   Code   RO         4582    .ARM.Collect$$libshutdown$$00000010  c_wu.l(libshutdown2.o)
    0x10000010   0x00000000   Code   RO         4404    .ARM.Collect$$rtentry$$00000000  c_wu.l(__rtentry.o)
    0x10000010   0x00000000   Code   RO         4489    .ARM.Collect$$rtentry$$00000002  c_wu.l(__rtentry2.o)
    0x10000010   0x00000006   Code   RO         4501    .ARM.Collect$$rtentry$$00000004  c_wu.l(__rtentry4.o)
    0x10000016   0x00000000   Code   RO         4491    .ARM.Collect$$rtentry$$00000009  c_wu.l(__rtentry2.o)
    0x10000016   0x00000004   Code   RO         4492    .ARM.Collect$$rtentry$$0000000A  c_wu.l(__rtentry2.o)
    0x1000001a   0x00000000   Code   RO         4494    .ARM.Collect$$rtentry$$0000000C  c_wu.l(__rtentry2.o)
    0x1000001a   0x00000008   Code   RO         4495    .ARM.Collect$$rtentry$$0000000D  c_wu.l(__rtentry2.o)
    0x10000022   0x00000002   Code   RO         4555    .ARM.Collect$$rtexit$$00000000  c_wu.l(rtexit.o)
    0x10000024   0x00000000   Code   RO         4586    .ARM.Collect$$rtexit$$00000002  c_wu.l(rtexit2.o)
    0x10000024   0x00000004   Code   RO         4587    .ARM.Collect$$rtexit$$00000003  c_wu.l(rtexit2.o)
    0x10000028   0x00000006   Code   RO         4588    .ARM.Collect$$rtexit$$00000004  c_wu.l(rtexit2.o)
    0x1000002e   0x00000002   PAD
    0x10000030   0x00000000   Code   RO         4507    .emb_text           c_wu.l(maybetermalloc1.o)
    0x10000030   0x0000005e   Code   RO         4326    .text               c_wu.l(h1_alloc.o)
    0x1000008e   0x0000004e   Code   RO         4328    .text               c_wu.l(h1_free.o)
    0x100000dc   0x000000ee   Code   RO         4384    .text               c_wu.l(lludivv7m.o)
    0x100001ca   0x0000008a   Code   RO         4390    .text               c_wu.l(rt_memcpy_v6.o)
    0x10000254   0x00000010   Code   RO         4392    .text               c_wu.l(aeabi_memset.o)
    0x10000264   0x00000044   Code   RO         4394    .text               c_wu.l(rt_memclr.o)
    0x100002a8   0x0000004e   Code   RO         4396    .text               c_wu.l(rt_memclr_w.o)
    0x100002f6   0x00000006   Code   RO         4398    .text               c_wu.l(heapauxi.o)
    0x100002fc   0x00000008   Code   RO         4412    .text               c_wu.l(rt_heap_descriptor_intlibspace.o)
    0x10000304   0x00000004   Code   RO         4414    .text               c_wu.l(hguard.o)
    0x10000308   0x0000008a   Code   RO         4416    .text               c_wu.l(init_alloc.o)
    0x10000392   0x0000000e   Code   RO         4420    .text               c_wu.l(h1_init.o)
    0x100003a0   0x00000064   Code   RO         4434    .text               c_wu.l(rt_memcpy_w.o)
    0x10000404   0x00000008   Code   RO         4485    .text               c_wu.l(libspace.o)
    0x1000040c   0x00000034   Code   RO         4509    .text               c_wu.l(h1_extend.o)
    0x10000440   0x0000000e   Code   RO         4513    .text               c_wu.l(defsig_rtmem_outer.o)
    0x1000044e   0x00000002   Code   RO         4524    .text               c_wu.l(use_no_semi.o)
    0x10000450   0x00000000   Code   RO         4526    .text               c_wu.l(indicate_semi.o)
    0x10000450   0x0000004a   Code   RO         4527    .text               c_wu.l(sys_stackheap_outer.o)
    0x1000049a   0x00000012   Code   RO         4533    .text               c_wu.l(exit.o)
    0x100004ac   0x0000000a   Code   RO         4535    .text               c_wu.l(defsig_exit.o)
    0x100004b6   0x00000002   PAD
    0x100004b8   0x00000050   Code   RO         4541    .text               c_wu.l(defsig_rtmem_inner.o)
    0x10000508   0x0000000c   Code   RO         4553    .text               c_wu.l(sys_exit.o)
    0x10000514   0x00000032   Code   RO         4563    .text               c_wu.l(defsig_general.o)
    0x10000546   0x0000000e   Code   RO         4583    .text               c_wu.l(sys_wrch.o)
    0x10000554   0x00000140   Code   RO            4    APP                 app.o
    0x10000694   0x0000000a   Ven    RO         4622    Veneer$$Code        anon$$obj.o
    0x1000069e   0x00000002   PAD
    0x100006a0   0x00000014   Code   RO         1736    i.CheckI2CReady     i2c.o
    0x100006b4   0x0000004c   Code   RO         4181    i.Crc16WordCalc     crc.o
    0x10000700   0x00000454   Code   RO         2771    i.EP0_SetupPacket   pe_usb.o
    0x10000b54   0x0000026c   Code   RO         2772    i.EP0_SetupPacket_GetDescriptor  pe_usb.o
    0x10000dc0   0x00000080   Code   RO         2773    i.EP0_TxRx_Proc     pe_usb.o
    0x10000e40   0x00000058   Code   RO         1666    i.EXTI0_InterruptHandler  gpio.o
    0x10000e98   0x00000002   Code   RO         1667    i.EXTI1_InterruptHandler  gpio.o
    0x10000e9a   0x00000002   PAD
    0x10000e9c   0x00000080   Code   RO         2627    i.FLASH_Write       flitf.o
    0x10000f1c   0x0000002c   Code   RO         1668    i.GPIO_Initialize   gpio.o
    0x10000f48   0x0000005c   Code   RO         2774    i.GetScanTime       pe_usb.o
    0x10000fa4   0x00000050   Code   RO         1309    i.HAL_CheckSensningModeChange  hal.o
    0x10000ff4   0x00000046   Code   RO         1310    i.HAL_ECLK_Off      hal.o
    0x1000103a   0x00000046   Code   RO         1311    i.HAL_ECLK_On       hal.o
    0x10001080   0x00000020   Code   RO         1313    i.HAL_GetECLKOnOffControl  hal.o
    0x100010a0   0x0000000c   Code   RO         1314    i.HAL_GetSensingChangeMode  hal.o
    0x100010ac   0x0000000c   Code   RO         1315    i.HAL_GetSensingMode  hal.o
    0x100010b8   0x00000020   Code   RO         1316    i.HAL_GetTPICMuxEnControl  hal.o
    0x100010d8   0x00000028   Code   RO         1317    i.HAL_Initialize    hal.o
    0x10001100   0x00000060   Code   RO         1318    i.HAL_SetECLKOnOffControl  hal.o
    0x10001160   0x00000080   Code   RO         1320    i.HAL_SetSensingChangeMode  hal.o
    0x100011e0   0x0000000c   Code   RO         1321    i.HAL_SetSensingMode  hal.o
    0x100011ec   0x00000018   Code   RO         1322    i.HAL_SetTPICMuxEnControl  hal.o
    0x10001204   0x0000001c   Code   RO         2231    i.Hal_Kick_DOG      wdgt.o
    0x10001220   0x000002f4   Code   RO         1323    i.Hal_VccOff_State  hal.o
    0x10001514   0x0000003c   Code   RO         2233    i.Hal_WDT_DeInit    wdgt.o
    0x10001550   0x00000048   Code   RO         2234    i.Hal_WDT_Init      wdgt.o
    0x10001598   0x000000f0   Code   RO         1324    i.Hal_sric_start    hal.o
    0x10001688   0x00000002   Code   RO         1524    i.HardFault_Handler  interrupt.o
    0x1000168a   0x00000002   PAD
    0x1000168c   0x000000c0   Code   RO         2776    i.HidReadWrite__Read  pe_usb.o
    0x1000174c   0x0000006e   Code   RO         2777    i.HidReadWrite__Read_I2C  pe_usb.o
    0x100017ba   0x0000004e   Code   RO         2778    i.HidReadWrite__Write  pe_usb.o
    0x10001808   0x0000005c   Code   RO         1739    i.I2C_Initialize    i2c.o
    0x10001864   0x00000400   Code   RO         1740    i.I2C_InterruptHandler  i2c.o
    0x10001c64   0x000000d8   Code   RO         3337    i.LX98405_EvenOdd_Short_Setting  roic_ctrl_lx98405.o
    0x10001d3c   0x0000010e   Code   RO         3338    i.LX98405_OpenShort_Local_Global_Tune  roic_ctrl_lx98405.o
    0x10001e4a   0x00000002   PAD
    0x10001e4c   0x0000004c   Code   RO         3339    i.LX98405_OpenShort_Mux_Low_En  roic_ctrl_lx98405.o
    0x10001e98   0x0000005c   Code   RO         3340    i.LX98405_OpenShort_SourceGnd_Setting  roic_ctrl_lx98405.o
    0x10001ef4   0x00000490   Code   RO         3341    i.LX98405_Reg_CRTuneSetting  roic_ctrl_lx98405.o
    0x10002384   0x0000007c   Code   RO         3343    i.LX98405_Reg_Restore_Setting  roic_ctrl_lx98405.o
    0x10002400   0x000002a4   Code   RO         3344    i.LX98405_RegisterInit  roic_ctrl_lx98405.o
    0x100026a4   0x0000010c   Code   RO         3345    i.LX98405_Short_Local_Global_Tune  roic_ctrl_lx98405.o
    0x100027b0   0x0000001c   Code   RO         3006    i.MODULE_Initialize  module.o
    0x100027cc   0x00000014   Code   RO         1974    i.MSPI_Cmd          mspi.o
    0x100027e0   0x0000014c   Code   RO         1976    i.MSPI_EachRegisterWrite  mspi.o
    0x1000292c   0x0000029c   Code   RO         1977    i.MSPI_GPIO_Init    mspi.o
    0x10002bc8   0x00000028   Code   RO         1978    i.MSPI_ITConfig     mspi.o
    0x10002bf0   0x0000003c   Code   RO         1979    i.MSPI_Initialize   mspi.o
    0x10002c2c   0x00000088   Code   RO         1981    i.MSPI_InterruptHandler  mspi.o
    0x10002cb4   0x00000150   Code   RO         1982    i.MSPI_RegisterAllSricWrite  mspi.o
    0x10002e04   0x00000194   Code   RO         1983    i.MSPI_RegisterRead  mspi.o
    0x10002f98   0x00000154   Code   RO         1984    i.MSPI_RegisterWrite  mspi.o
    0x100030ec   0x00000068   Code   RO         1986    i.MSPI_Reset        mspi.o
    0x10003154   0x000001a8   Code   RO         1987    i.MSPI_Set_AITMODE  mspi.o
    0x100032fc   0x00000140   Code   RO         1993    i.MSPI_Set_GLF      mspi.o
    0x1000343c   0x000000cc   Code   RO         1994    i.MSPI_Set_TLPMODE  mspi.o
    0x10003508   0x00000010   Code   RO         4205    i.PARAM_GetMode     param.o
    0x10003518   0x0000000c   Code   RO         4206    i.PARAM_GetPreMainSet  param.o
    0x10003524   0x0000002c   Code   RO         4207    i.PARAM_InitConfig  param.o
    0x10003550   0x00000060   Code   RO         4208    i.PARAM_Initialize  param.o
    0x100035b0   0x0000000c   Code   RO         4210    i.PARAM_SetMode     param.o
    0x100035bc   0x0000000e   Code   RO         1821    i.PWMDRV_Cmd        pwmdrv.o
    0x100035ca   0x00000002   PAD
    0x100035cc   0x000000bc   Code   RO         1827    i.PWMDRV_GPIO_Init  pwmdrv.o
    0x10003688   0x00000022   Code   RO         1828    i.PWMDRV_ITConfig   pwmdrv.o
    0x100036aa   0x00000002   PAD
    0x100036ac   0x0000018c   Code   RO         1829    i.PWMDRV_Init       pwmdrv.o
    0x10003838   0x00000010   Code   RO         1830    i.PWMDRV_Initialize  pwmdrv.o
    0x10003848   0x00000198   Code   RO         1831    i.PWMDRV_InterruptHandler_FullScan  pwmdrv.o
    0x100039e0   0x00000034   Code   RO         1832    i.PWMDRV_InterruptHandler_LPWG  pwmdrv.o
    0x10003a14   0x00000004   Code   RO         1833    i.PWMDRV_InterruptHandler_PartialScan  pwmdrv.o
    0x10003a18   0x000001ac   Code   RO         1840    i.PWMDRV_Set_Pulse_Config  pwmdrv.o
    0x10003bc4   0x00000014   Code   RO         1525    i.PendSV_InterruptHandler  interrupt.o
    0x10003bd8   0x00000058   Code   RO         2628    i.Protection_UnLock  flitf.o
    0x10003c30   0x00000104   Code   RO         2779    i.QueueCommonData_USB  pe_usb.o
    0x10003d34   0x0000002c   Code   RO         2584    i.ReMapVectorTableToRam  misc.o
    0x10003d60   0x00000390   Code   RO         2559    i.SCRB_Initialize   scrb.o
    0x100040f0   0x00000012   Code   RO         3421    i.SRIC_Init         sric.o
    0x10004102   0x00000002   Code   RO         3422    i.SRIC_Initialize   sric.o
    0x10004104   0x00000008   Code   RO         3423    i.SRIC_Run          sric.o
    0x1000410c   0x00000008   Code   RO         3426    i.SRIC_Stop         sric.o
    0x10004114   0x00000034   Code   RO         1743    i.SendCustomData_I2C  i2c.o
    0x10004148   0x00000274   Code   RO         2786    i.SendTouchData     pe_usb.o
    0x100043bc   0x0000008c   Code   RO         2787    i.SendTouchData_USB  pe_usb.o
    0x10004448   0x00000040   Code   RO         1526    i.SensingBufferInit  interrupt.o
    0x10004488   0x00000012   Code   RO         2790    i.StaticQueue_CheckFull  pe_usb.o
    0x1000449a   0x00000026   Code   RO         2791    i.StaticQueue_CheckInit  pe_usb.o
    0x100044c0   0x0000003c   Code   RO         2794    i.StaticQueue_Init  pe_usb.o
    0x100044fc   0x0000005a   Code   RO         2796    i.StaticQueue_Push  pe_usb.o
    0x10004556   0x00000002   PAD
    0x10004558   0x00000038   Code   RO         2135    i.SysTick_Initialize  systick.o
    0x10004590   0x0000001c   Code   RO         2136    i.SysTick_InterruptHandler  systick.o
    0x100045ac   0x00000100   Code   RO         2797    i.USB_DevInit       pe_usb.o
    0x100046ac   0x000004b8   Code   RO         2798    i.USB_InterruptHandler  pe_usb.o
    0x10004b64   0x000000bc   Code   RO         2799    i.USB_ResetResume   pe_usb.o
    0x10004c20   0x0000006a   Code   RO         2239    i.WDGT_Init         wdgt.o
    0x10004c8a   0x00000002   PAD
    0x10004c8c   0x00000070   Code   RO         2243    i.WDT_InterruptHandler  wdgt.o
    0x10004cfc   0x0000000a   Code   RO          825    i.__ARM_common_memclr4_10  algorithm.o
    0x10004d06   0x00000008   Code   RO         2996    i.__ARM_common_memclr4_8  pe_usb.o
    0x10004d0e   0x00000002   PAD
    0x10004d10   0x00000024   Code   RO          889    i.abnormal_rawdata_temp  algorithm_baseline.o
    0x10004d34   0x00000068   Code   RO          715    i.algorithm_CheckFingerIdleModeControl  algorithm.o
    0x10004d9c   0x0000000c   Code   RO          837    i.algorithm_GetCommonConfig  algorithm_conf.o
    0x10004da8   0x0000000c   Code   RO          838    i.algorithm_GetInfo  algorithm_conf.o
    0x10004db4   0x0000000c   Code   RO          839    i.algorithm_GetModeConfig  algorithm_conf.o
    0x10004dc0   0x00000314   Code   RO          716    i.algorithm_PendTouchEvent  algorithm.o
    0x100050d4   0x0000000c   Code   RO          840    i.algorithm_SetCommonConfig  algorithm_conf.o
    0x100050e0   0x0000000c   Code   RO          841    i.algorithm_SetModeConfig  algorithm_conf.o
    0x100050ec   0x00000198   Code   RO          890    i.algorithm_baseline_calculate_delta  algorithm_baseline.o
    0x10005284   0x00000034   Code   RO          892    i.algorithm_baseline_init  algorithm_baseline.o
    0x100052b8   0x00000018   Code   RO          894    i.algorithm_baseline_init_param  algorithm_baseline.o
    0x100052d0   0x000000b4   Code   RO          895    i.algorithm_baseline_tracking_continuous  algorithm_baseline.o
    0x10005384   0x000000a0   Code   RO          897    i.algorithm_baseline_tracking_initial  algorithm_baseline.o
    0x10005424   0x0000007c   Code   RO          718    i.algorithm_calc_sqrt  algorithm.o
    0x100054a0   0x00000058   Code   RO          973    i.algorithm_coord_IsEdgeArea  algorithm_coord.o
    0x100054f8   0x00000244   Code   RO          975    i.algorithm_coord_OutInDrawing  algorithm_coord.o
    0x1000573c   0x00000590   Code   RO          977    i.algorithm_coord_PostProcess_1  algorithm_coord.o
    0x10005ccc   0x00000144   Code   RO          978    i.algorithm_coord_UpdatePosHistoryInfo  algorithm_coord.o
    0x10005e10   0x00000104   Code   RO          981    i.algorithm_coord_calc_pos  algorithm_coord.o
    0x10005f14   0x0000015c   Code   RO          983    i.algorithm_coord_init  algorithm_coord.o
    0x10006070   0x00000010   Code   RO          984    i.algorithm_coord_init_param  algorithm_coord.o
    0x10006080   0x000000d4   Code   RO          985    i.algorithm_coord_initialise_pos_buffer  algorithm_coord.o
    0x10006154   0x00000038   Code   RO          986    i.algorithm_coord_process  algorithm_coord.o
    0x1000618c   0x00000736   Code   RO          987    i.algorithm_coord_smoothing_pos  algorithm_coord.o
    0x100068c2   0x00000002   PAD
    0x100068c4   0x00000914   Code   RO          988    i.algorithm_coord_tracking_pos  algorithm_coord.o
    0x100071d8   0x00000054   Code   RO          720    i.algorithm_init    algorithm.o
    0x1000722c   0x0000009c   Code   RO         1131    i.algorithm_label_Add_NewNode_to_LabelRecord  algorithm_label.o
    0x100072c8   0x00000410   Code   RO          989    i.algorithm_label_EdgeExpand_Finger  algorithm_coord.o
    0x100076d8   0x000001b4   Code   RO         1132    i.algorithm_label_GetConflictInfo  algorithm_label.o
    0x1000788c   0x0000007c   Code   RO         1133    i.algorithm_label_Insert_NewRecord_to_LabelTable  algorithm_label.o
    0x10007908   0x0000015c   Code   RO         1134    i.algorithm_label_MarkBoundary  algorithm_label.o
    0x10007a64   0x0000044a   Code   RO         1135    i.algorithm_label_Merge  algorithm_label.o
    0x10007eae   0x00000002   PAD
    0x10007eb0   0x0000031c   Code   RO         1136    i.algorithm_label_Merge_PostProcess  algorithm_label.o
    0x100081cc   0x00000358   Code   RO         1137    i.algorithm_label_SearchValidArea  algorithm_label.o
    0x10008524   0x00000268   Code   RO         1138    i.algorithm_label_Split  algorithm_label.o
    0x1000878c   0x000001f8   Code   RO         1139    i.algorithm_label_SplitNMerge_process  algorithm_label.o
    0x10008984   0x00000030   Code   RO         1141    i.algorithm_label_init  algorithm_label.o
    0x100089b4   0x00000010   Code   RO         1142    i.algorithm_label_init_param  algorithm_label.o
    0x100089c4   0x00000754   Code   RO         1144    i.algorithm_label_palm_rejection  algorithm_label.o
    0x10009118   0x000000ac   Code   RO         1145    i.algorithm_label_process  algorithm_label.o
    0x100091c4   0x000000b8   Code   RO          723    i.algorithm_process  algorithm.o
    0x1000927c   0x0000027c   Code   RO          991    i.alogorithm_coord_modify_pos  algorithm_coord.o
    0x100094f8   0x0000000c   Code   RO          261    i.app_GetCommonConfig  app_conf.o
    0x10009504   0x0000000c   Code   RO          262    i.app_GetInfo       app_conf.o
    0x10009510   0x00000074   Code   RO          478    i.app_MainProc      app_main.o
    0x10009584   0x0000000c   Code   RO          263    i.app_SetCommonConfig  app_conf.o
    0x10009590   0x0000002c   Code   RO          366    i.app_dfup_oper_handler  app_dfup.o
    0x100095bc   0x00000a6c   Code   RO          404    i.app_diag_oper_handler  app_diag.o
    0x1000a028   0x00000348   Code   RO          510    i.app_normal_oper_handler  app_normal.o
    0x1000a370   0x00000078   Code   RO         2137    i.delay_ms          systick.o
    0x1000a3e8   0x00000070   Code   RO         2140    i.delay_us          systick.o
    0x1000a458   0x0000003c   Code   RO         2142    i.getElapsedLongSYSTICK  systick.o
    0x1000a494   0x00000012   Code   RO         2143    i.getElapsedSYSTICK  systick.o
    0x1000a4a6   0x00000002   PAD
    0x1000a4a8   0x0000000c   Code   RO         1450    i.hal_GetInfo       hal_conf.o
    0x1000a4b4   0x0000001c   Code   RO         1527    i.hal_PendSVHandlerInitialize  interrupt.o
    0x1000a4d0   0x0000000c   Code   RO         1451    i.hal_SetCommonConfig  hal_conf.o
    0x1000a4dc   0x0000000c   Code   RO         3009    i.hal_clear_SubState_flag  module.o
    0x1000a4e8   0x0000000c   Code   RO         3010    i.hal_clear_irq_flag  module.o
    0x1000a4f4   0x0000000c   Code   RO         3011    i.hal_clear_overlap_pen  module.o
    0x1000a500   0x00000224   Code   RO         2634    i.hal_flitf_another_process  flitf.o
    0x1000a724   0x0000000c   Code   RO         3013    i.hal_get_SubState_flag  module.o
    0x1000a730   0x0000000c   Code   RO         1452    i.hal_mspi_GetCommonConfig  hal_conf.o
    0x1000a73c   0x0000000c   Code   RO         1453    i.hal_pwmdrv_GetCommonConfig  hal_conf.o
    0x1000a748   0x0000000c   Code   RO         3018    i.hal_set_irq_flag  module.o
    0x1000a754   0x0000000c   Code   RO         3019    i.hal_set_overlap_pen  module.o
    0x1000a760   0x000000ac   Code   RO         1326    i.initBoardGPIO     hal.o
    0x1000a80c   0x00000060   Code   RO         1327    i.initECLK          hal.o
    0x1000a86c   0x0000011c   Code   RO         1669    i.initGPIO          gpio.o
    0x1000a988   0x0000013c   Code   RO         1671    i.init_EXIT         gpio.o
    0x1000aac4   0x0000000a   Code   RO            5    i.main              app.o
    0x1000aace   0x00000002   PAD
    0x1000aad0   0x0000001c   Code   RO         3024    i.module_Defense_Recovery  module.o
    0x1000aaec   0x0000000c   Code   RO         3274    i.module_GetCommonConfig  module_conf.o
    0x1000aaf8   0x0000000c   Code   RO         3275    i.module_GetFixedConfig  module_conf.o
    0x1000ab04   0x0000000c   Code   RO         3277    i.module_GetModeConfig  module_conf.o
    0x1000ab10   0x00000174   Code   RO         3025    i.module_HW_Init    module.o
    0x1000ac84   0x00000018   Code   RO         3026    i.module_Init_LcdOn  module.o
    0x1000ac9c   0x00000040   Code   RO         3030    i.module_Protocol_Init  module.o
    0x1000acdc   0x0000000c   Code   RO         3278    i.module_SetCommonConfig  module_conf.o
    0x1000ace8   0x0000000c   Code   RO         3279    i.module_SetFixedConfig  module_conf.o
    0x1000acf4   0x0000000c   Code   RO         3280    i.module_SetModeConfig  module_conf.o
    0x1000ad00   0x00000044   Code   RO         3034    i.module_Smt_Mode_Enter  module.o
    0x1000ad44   0x00000006   Code   RO         3035    i.module_Start      module.o
    0x1000ad4a   0x00000002   Code   RO         3036    i.module_Stop       module.o
    0x1000ad4c   0x00000030   Code   RO         3038    i.module_Tsync1_SignalBypass  module.o
    0x1000ad7c   0x00000004   Code   RO         3040    i.module_Watch_Enable  module.o
    0x1000ad80   0x000000b8   Code   RO         3041    i.module_boot_vidpid_change  module.o
    0x1000ae38   0x0000006c   Code   RO         3044    i.module_start_delay  module.o
    0x1000aea4   0x000000dc   Code   RO         3046    i.module_wait_full_sample_done  module.o
    0x1000af80   0x0000000c   Code   RO         3570    i.protocol_GetCommonConfig  protocol_conf.o
    0x1000af8c   0x0000000c   Code   RO         3571    i.protocol_GetInfo  protocol_conf.o
    0x1000af98   0x0000005c   Code   RO         3683    i.protocol_Log      protocol_log.o
    0x1000aff4   0x0000000c   Code   RO         3572    i.protocol_SetCommonConfig  protocol_conf.o
    0x1000b000   0x0000004c   Code   RO         3610    i.protocol_dfup_ClearInterrupt  protocol_dfup.o
    0x1000b04c   0x00000114   Code   RO         3611    i.protocol_dfup_GetMappedPointer  protocol_dfup.o
    0x1000b160   0x00000030   Code   RO         3613    i.protocol_dfup_Init  protocol_dfup.o
    0x1000b190   0x00000028   Code   RO         3614    i.protocol_dfup_PendReadyStatus  protocol_dfup.o
    0x1000b1b8   0x00000060   Code   RO         2801    i.protocol_hid_PushTouchEvent  pe_usb.o
    0x1000b218   0x00000098   Code   RO         2802    i.protocol_hid_mapping_emul_handler  pe_usb.o
    0x1000b2b0   0x0000004c   Code   RO         3532    i.protocol_init     protocol.o
    0x1000b2fc   0x000000b4   Code   RO         3810    i.protocol_swip_ClearInterrupt  protocol_swip.o
    0x1000b3b0   0x0000000c   Code   RO         3821    i.protocol_swip_GetJitterAVGCount  protocol_swip.o
    0x1000b3bc   0x0000000c   Code   RO         3822    i.protocol_swip_GetJitterMAXCount  protocol_swip.o
    0x1000b3c8   0x00000074   Code   RO         3824    i.protocol_swip_GetMappedPointer  protocol_swip.o
    0x1000b43c   0x0000000c   Code   RO         3825    i.protocol_swip_GetMode  protocol_swip.o
    0x1000b448   0x0000000c   Code   RO         3827    i.protocol_swip_GetPacketFormatId  protocol_swip.o
    0x1000b454   0x0000000c   Code   RO         3830    i.protocol_swip_GetReadModuleConfigStatus  protocol_swip.o
    0x1000b460   0x0000000c   Code   RO         3831    i.protocol_swip_GetRecalibrate  protocol_swip.o
    0x1000b46c   0x0000000c   Code   RO         3833    i.protocol_swip_GetTestType  protocol_swip.o
    0x1000b478   0x000000f0   Code   RO         3834    i.protocol_swip_Init  protocol_swip.o
    0x1000b568   0x00000020   Code   RO         3835    i.protocol_swip_InitTouchEventBuffer  protocol_swip.o
    0x1000b588   0x0000004c   Code   RO         3836    i.protocol_swip_PendEventInterrupt  protocol_swip.o
    0x1000b5d4   0x00000018   Code   RO         3837    i.protocol_swip_PendReadyStatus  protocol_swip.o
    0x1000b5ec   0x00000038   Code   RO         3839    i.protocol_swip_PendTestResult  protocol_swip.o
    0x1000b624   0x0000030c   Code   RO         3840    i.protocol_swip_PushTouchEvent  protocol_swip.o
    0x1000b930   0x0000018c   Code   RO         3842    i.protocol_swip_SendTouchEvent  protocol_swip.o
    0x1000babc   0x0000000c   Code   RO         3855    i.protocol_swip_SetReadModuleConfigStatus  protocol_swip.o
    0x1000bac8   0x0000000c   Code   RO         3856    i.protocol_swip_SetRecalibrate  protocol_swip.o
    0x1000bad4   0x0000000a   Code   RO         2585    i.udelay            misc.o
    0x1000bade   0x00000002   PAD
    0x1000bae0   0x00000038   Code   RO         1673    i.writeBitToGPIO    gpio.o
    0x1000bb18   0x00000026   Data   RO          405    .constdata          app_diag.o
    0x1000bb3e   0x00000002   PAD
    0x1000bb40   0x0000000e   Data   RO          511    .constdata          app_normal.o
    0x1000bb4e   0x00000002   PAD
    0x1000bb50   0x0000000e   Data   RO          731    .constdata          algorithm.o
    0x1000bb5e   0x00000002   PAD
    0x1000bb60   0x00000028   Data   RO         3863    .constdata          protocol_swip.o
    0x1000bb88   0x000002d4   Data   RO         4298    .constdata          param_config_preset.o


    Execution Region RW_IRAM (Base: 0x20000000, Size: 0x0001e7a0, Max: 0x00020000, ABSOLUTE, COMPRESSED[0x00000814])

    Base Addr    Size         Type   Attr      Idx    E Section Name        Object

    0x20000000   0x00000008   Data   RW          265    .data               app_conf.o
    0x20000008   0x00000004   Data   RW          367    .data               app_dfup.o
    0x2000000c   0x00000018   Data   RW          406    .data               app_diag.o
    0x20000024   0x00000010   Data   RW          512    .data               app_normal.o
    0x20000034   0x000000de   Data   RW          732    .data               algorithm.o
    0x20000112   0x00000001   Data   RW          733    .data               algorithm.o
    0x20000113   0x00000001   PAD
    0x20000114   0x00001fbc   Data   RW          842    .data               algorithm_conf.o
    0x200020d0   0x0000000c   Data   RW          843    .data               algorithm_conf.o
    0x200020dc   0x00000018   Data   RW          898    .data               algorithm_baseline.o
    0x200020f4   0x00000001   Data   RW          899    .data               algorithm_baseline.o
    0x200020f5   0x00000003   PAD
    0x200020f8   0x00000020   Data   RW          997    .data               algorithm_coord.o
    0x20002118   0x000000d6   Data   RW         1151    .data               algorithm_label.o
    0x200021ee   0x00000002   PAD
    0x200021f0   0x00000004   Data   RW         1330    .data               hal.o
    0x200021f4   0x00000008   Data   RW         1454    .data               hal_conf.o
    0x200021fc   0x00000008   Data   RW         1455    .data               hal_conf.o
    0x20002204   0x00000018   Data   RW         1529    .data               interrupt.o
    0x2000221c   0x00000004   Data   RW         1674    .data               gpio.o
    0x20002220   0x00000040   Data   RW         1747    .data               i2c.o
    0x20002260   0x00000020   Data   RW         1842    .data               pwmdrv.o
    0x20002280   0x00000004   Data   RW         1997    .data               mspi.o
    0x20002284   0x00000008   Data   RW         2146    .data               systick.o
    0x2000228c   0x00000001   Data   RW         2244    .data               wdgt.o
    0x2000228d   0x00000008   Data   RW         2637    .data               flitf.o
    0x20002295   0x00000003   PAD
    0x20002298   0x0000000c   Data   RW         2638    .data               flitf.o
    0x200022a4   0x00000012   Data   RW         2735    .data               pe_my_usbtable.o
    0x200022b6   0x00000052   Data   RW         2736    .data               pe_my_usbtable.o
    0x20002308   0x00000004   Data   RW         2737    .data               pe_my_usbtable.o
    0x2000230c   0x00000032   Data   RW         2738    .data               pe_my_usbtable.o
    0x2000233e   0x0000001a   Data   RW         2739    .data               pe_my_usbtable.o
    0x20002358   0x00000008   Data   RW         2740    .data               pe_my_usbtable.o
    0x20002360   0x00000040   Data   RW         2741    .data               pe_my_usbtable.o
    0x200023a0   0x00000045   Data   RW         2742    .data               pe_my_usbtable.o
    0x200023e5   0x00000101   Data   RW         2743    .data               pe_my_usbtable.o
    0x200024e6   0x00000026   Data   RW         2744    .data               pe_my_usbtable.o
    0x2000250c   0x00000004   PAD
    0x20002510   0x00000090   Data   RW         2804    .data               pe_usb.o
    0x200025a0   0x00000020   Data   RW         3051    .data               module.o
    0x200025c0   0x00000004   Data   RW         3053    .data               module.o
    0x200025c4   0x00000018   Data   RW         3281    .data               module_conf.o
    0x200025dc   0x00000010   Data   RW         3282    .data               module_conf.o
    0x200025ec   0x00000574   Data   RW         3346    .data               roic_ctrl_lx98405.o
    0x20002b60   0x00000008   Data   RW         3533    .data               protocol.o
    0x20002b68   0x00000002   Data   RW         3534    .data               protocol.o
    0x20002b6a   0x00000010   Data   RW         3535    .data               protocol.o
    0x20002b7a   0x00000008   Data   RW         3536    .data               protocol.o
    0x20002b82   0x00000002   PAD
    0x20002b84   0x0000000c   Data   RW         3537    .data               protocol.o
    0x20002b90   0x00000007   Data   RW         3573    .data               protocol_conf.o
    0x20002b97   0x00000001   PAD
    0x20002b98   0x00000008   Data   RW         3574    .data               protocol_conf.o
    0x20002ba0   0x00000007   Data   RW         3617    .data               protocol_dfup.o
    0x20002ba7   0x00000001   PAD
    0x20002ba8   0x00000004   Data   RW         3618    .data               protocol_dfup.o
    0x20002bac   0x00000006   Data   RW         3619    .data               protocol_dfup.o
    0x20002bb2   0x0000000c   Data   RW         3620    .data               protocol_dfup.o
    0x20002bbe   0x00000002   Data   RW         3621    .data               protocol_dfup.o
    0x20002bc0   0x0000000c   Data   RW         3622    .data               protocol_dfup.o
    0x20002bcc   0x00000003   Data   RW         3623    .data               protocol_dfup.o
    0x20002bcf   0x0000000c   Data   RW         3624    .data               protocol_dfup.o
    0x20002bdb   0x00000001   Data   RW         3625    .data               protocol_dfup.o
    0x20002bdc   0x0000000c   Data   RW         3626    .data               protocol_dfup.o
    0x20002be8   0x0000000e   Data   RW         3627    .data               protocol_dfup.o
    0x20002bf6   0x00000002   PAD
    0x20002bf8   0x00000084   Data   RW         3628    .data               protocol_dfup.o
    0x20002c7c   0x00000008   Data   RW         3629    .data               protocol_dfup.o
    0x20002c84   0x00000006   Data   RW         3630    .data               protocol_dfup.o
    0x20002c8a   0x00000004   Data   RW         3687    .data               protocol_log.o
    0x20002c8e   0x00000001   Data   RW         3688    .data               protocol_log.o
    0x20002c8f   0x00000020   Data   RW         3689    .data               protocol_log.o
    0x20002caf   0x00000004   Data   RW         3690    .data               protocol_log.o
    0x20002cb3   0x00000005   Data   RW         3691    .data               protocol_log.o
    0x20002cb8   0x000000f0   Data   RW         3864    .data               protocol_swip.o
    0x20002da8   0x0000000e   Data   RW         3865    .data               protocol_swip.o
    0x20002db6   0x00000004   Data   RW         3866    .data               protocol_swip.o
    0x20002dba   0x0000000a   Data   RW         3867    .data               protocol_swip.o
    0x20002dc4   0x00000004   Data   RW         3868    .data               protocol_swip.o
    0x20002dc8   0x00000004   Data   RW         3869    .data               protocol_swip.o
    0x20002dcc   0x00000004   Data   RW         3870    .data               protocol_swip.o
    0x20002dd0   0x00000004   Data   RW         3871    .data               protocol_swip.o
    0x20002dd4   0x00000008   Data   RW         3872    .data               protocol_swip.o
    0x20002ddc   0x00000003   Data   RW         3873    .data               protocol_swip.o
    0x20002ddf   0x00000002   Data   RW         3874    .data               protocol_swip.o
    0x20002de1   0x00000001   Data   RW         3875    .data               protocol_swip.o
    0x20002de2   0x00000003   Data   RW         3876    .data               protocol_swip.o
    0x20002de5   0x00000005   Data   RW         3877    .data               protocol_swip.o
    0x20002dea   0x00000003   Data   RW         3878    .data               protocol_swip.o
    0x20002ded   0x00000003   Data   RW         3879    .data               protocol_swip.o
    0x20002df0   0x00000001   Data   RW         3880    .data               protocol_swip.o
    0x20002df1   0x0000000c   Data   RW         3881    .data               protocol_swip.o
    0x20002dfd   0x0000000c   Data   RW         3882    .data               protocol_swip.o
    0x20002e09   0x0000000c   Data   RW         3883    .data               protocol_swip.o
    0x20002e15   0x0000000c   Data   RW         3884    .data               protocol_swip.o
    0x20002e21   0x0000000c   Data   RW         3885    .data               protocol_swip.o
    0x20002e2d   0x0000000c   Data   RW         3886    .data               protocol_swip.o
    0x20002e39   0x0000000c   Data   RW         3887    .data               protocol_swip.o
    0x20002e45   0x0000000c   Data   RW         3888    .data               protocol_swip.o
    0x20002e51   0x0000000c   Data   RW         3889    .data               protocol_swip.o
    0x20002e5d   0x00000008   Data   RW         3890    .data               protocol_swip.o
    0x20002e65   0x00000006   Data   RW         3891    .data               protocol_swip.o
    0x20002e6b   0x00000004   Data   RW         3892    .data               protocol_swip.o
    0x20002e6f   0x00000002   Data   RW         3893    .data               protocol_swip.o
    0x20002e71   0x00000007   Data   RW         3894    .data               protocol_swip.o
    0x20002e78   0x00000200   Data   RW         4183    .data               crc.o
    0x20003078   0x00000001   Data   RW         4213    .data               param.o
    0x20003079   0x00000003   PAD
    0x2000307c   0x00000010   Data   RW         4214    .data               param.o
    0x2000308c   0x00000040   Data   RW         1500    .data_head          hal_fnc.o
    0x200030cc   0x0000000a   Zero   RW          264    .bss                app_conf.o
    0x200030d6   0x000001b6   Zero   RW          730    .bss                algorithm.o
    0x2000328c   0x00000010   Zero   RW          993    .bss                algorithm_coord.o
    0x2000329c   0x00000032   Zero   RW         1150    .bss                algorithm_label.o
    0x200032ce   0x00000002   PAD
    0x200032d0   0x00000024   Zero   RW         1329    .bss                hal.o
    0x200032f4   0x00000028   Zero   RW         1528    .bss                interrupt.o
    0x2000331c   0x00012694   Zero   RW         1577    .bss                memory_pool.o
    0x200159b0   0x000000e8   Zero   RW         1745    .bss                i2c.o
    0x20015a98   0x00000068   PAD
    0x20015b00   0x00000078   Zero   RW         2586    .bss                misc.o
    0x20015b78   0x00002000   Zero   RW         2636    .bss                flitf.o
    0x20017b78   0x0000000c   Zero   RW         2731    .bss                pe_my_usbtable.o
    0x20017b84   0x00000012   Zero   RW         2732    .bss                pe_my_usbtable.o
    0x20017b96   0x000001ec   Zero   RW         2734    .bss                pe_my_usbtable.o
    0x20017d82   0x00000002   PAD
    0x20017d84   0x00002877   Zero   RW         2803    .bss                pe_usb.o
    0x2001a5fb   0x0000000c   Zero   RW         3615    .bss                protocol_dfup.o
    0x2001a607   0x00000040   Zero   RW         3616    .bss                protocol_dfup.o
    0x2001a647   0x00000016   Zero   RW         3860    .bss                protocol_swip.o
    0x2001a65d   0x00000040   Zero   RW         3861    .bss                protocol_swip.o
    0x2001a69d   0x000001ce   Zero   RW         3862    .bss                protocol_swip.o
    0x2001a86b   0x00003000   Zero   RW         4211    .bss                param.o
    0x2001d86b   0x000002d4   Zero   RW         4212    .bss                param.o
    0x2001db3f   0x00000001   PAD
    0x2001db40   0x00000060   Zero   RW         4486    .bss                c_wu.l(libspace.o)
    0x2001dba0   0x00000400   Zero   RW         1657    HEAP                startup.o
    0x2001dfa0   0x00000800   Zero   RW         1656    STACK               startup.o


    Execution Region RW_IRAM4 (Base: 0x20027000, Size: 0x00003000, Max: 0x00008800, ABSOLUTE, COMPRESSED[0x0000248c])

    Base Addr    Size         Type   Attr      Idx    E Section Name        Object

    0x20027000   0x00003000   Data   RW         4270    .data               param_config_fixed.o


==============================================================================

Image component sizes


      Code (inc. data)   RO Data    RW Data    ZI Data      Debug   Object Name

      1294         62         14        223        438      10061   algorithm.o
       860         72          0         25          0       7953   algorithm_baseline.o
        60         30          0       8136          0       3656   algorithm_conf.o
      9154         74          0         32         16      34577   algorithm_coord.o
      7046        146          0        214         50      38351   algorithm_label.o
       330         64          0          0          0     120206   app.o
        36         18          0          8         10      34422   app_conf.o
        44         14          0          4          0       1703   app_dfup.o
      2668         62         38         24          0      33147   app_diag.o
       116         14          0          0          0        643   app_main.o
       840         46         14         16          0      48850   app_normal.o
        76          6          0        512          0       1716   crc.o
       764         78          0         20       8192      10324   flitf.o
       790         46          0          4          0       5240   gpio.o
      1872         86          0          4         36      33328   hal.o
        48         22          0         16          0       2792   hal_conf.o
         0          0          0         64          0       1708   hal_fnc.o
      1188         54          0         64        232      29398   i2c.o
       114         30          0         24         40      25504   interrupt.o
         0          0          0          0      75412      24334   memory_pool.o
        54          8          0          0        120       1835   misc.o
      1228        100          0         36          0      14448   module.o
        72         36          0         40          0       4068   module_conf.o
      3388        166          0          4          0      10811   mspi.o
       180         32          0         17      13012       3758   param.o
         0          0          0      12288          0        335   param_config_fixed.o
         0          0        724          0          0        756   param_config_preset.o
         0          0          0        616        522       1712   pe_my_usbtable.o
      5470        328          0        144      10359      25211   pe_usb.o
        76         34          0         46          0       3186   protocol.o
        36         18          0         15          0       2429   protocol_conf.o
       440         32          0        231         76       4729   protocol_dfup.o
        92         14          0         46          0       6925   protocol_log.o
      2008        178         40        448        548      15944   protocol_swip.o
      1540         54          0         32          0      31210   pwmdrv.o
      2890         30          0       1396          0      32375   roic_ctrl_lx98405.o
       912         10          0          0          0       1490   scrb.o
        36          0          0          0          0       2914   sric.o
        64         22        120          0       3072        816   startup.o
       394         40          0          8          0      27810   systick.o
       378         46          0          1          0       4734   wdgt.o

    ----------------------------------------------------------------------
     46608       2072       1020      24780     112244     665409   Object Totals
        20          0         64          0          0          0   (incl. Generated)
        30          0          6         22        109          0   (incl. Padding)

    ----------------------------------------------------------------------

      Code (inc. data)   RO Data    RW Data    ZI Data      Debug   Library Member Name

        90          0          0          0          0          0   __dczerorl2.o
         8          0          0          0          0         68   __main.o
         0          0          0          0          0          0   __rtentry.o
        12          0          0          0          0          0   __rtentry2.o
         6          0          0          0          0          0   __rtentry4.o
        52          8          0          0          0          0   __scatter.o
        26          0          0          0          0          0   __scatter_copy.o
        28          0          0          0          0          0   __scatter_zi.o
        16          0          0          0          0         68   aeabi_memset.o
        10          0          0          0          0         68   defsig_exit.o
        50          0          0          0          0         88   defsig_general.o
        80         58          0          0          0         76   defsig_rtmem_inner.o
        14          0          0          0          0         80   defsig_rtmem_outer.o
        18          0          0          0          0         80   exit.o
        94          0          0          0          0         80   h1_alloc.o
        52          0          0          0          0         68   h1_extend.o
        78          0          0          0          0         80   h1_free.o
        14          0          0          0          0         84   h1_init.o
         6          0          0          0          0        152   heapauxi.o
         4          0          0          0          0        136   hguard.o
         0          0          0          0          0          0   indicate_semi.o
       138          0          0          0          0        168   init_alloc.o
         2          0          0          0          0          0   libinit.o
        10          0          0          0          0          0   libinit2.o
         2          0          0          0          0          0   libshutdown.o
         2          0          0          0          0          0   libshutdown2.o
         8          4          0          0         96         68   libspace.o
       238          0          0          0          0        100   lludivv7m.o
         0          0          0          0          0          0   maybetermalloc1.o
         8          4          0          0          0         68   rt_heap_descriptor_intlibspace.o
        68          0          0          0          0         68   rt_memclr.o
        78          0          0          0          0         80   rt_memclr_w.o
       138          0          0          0          0         68   rt_memcpy_v6.o
       100          0          0          0          0         80   rt_memcpy_w.o
         2          0          0          0          0          0   rtexit.o
        10          0          0          0          0          0   rtexit2.o
        12          4          0          0          0         68   sys_exit.o
        74          0          0          0          0         80   sys_stackheap_outer.o
        14          0          0          0          0         76   sys_wrch.o
         2          0          0          0          0         68   use_no_semi.o

    ----------------------------------------------------------------------
      1572         78          0          0         96       2120   Library Totals
         8          0          0          0          0          0   (incl. Padding)

    ----------------------------------------------------------------------

      Code (inc. data)   RO Data    RW Data    ZI Data      Debug   Library Name

      1564         78          0          0         96       2120   c_wu.l

    ----------------------------------------------------------------------
      1572         78          0          0         96       2120   Library Totals

    ----------------------------------------------------------------------

==============================================================================


      Code (inc. data)   RO Data    RW Data    ZI Data      Debug   

     48180       2150       1020      24780     112340     655529   Grand Totals
     48180       2150       1020      11424     112340     655529   ELF Image Totals (compressed)
     48180       2150       1020      11424          0          0   ROM Totals

==============================================================================

    Total RO  Size (Code + RO Data)                49200 (  48.05kB)
    Total RW  Size (RW Data + ZI Data)            137120 ( 133.91kB)
    Total ROM Size (Code + RO Data + RW Data)      60624 (  59.20kB)

==============================================================================

