<html>
<body>
<pre>
<h1>킮ision Build Log</h1>
<h2>Tool Versions:</h2>
IDE-Version: μVision V5.23.0.0
Copyright (C) 2017 ARM Ltd and ARM Germany GmbH. All rights reserved.
License Information: LX Semicon LX Semicon, LX Semicon Co., Ltd., LIC=8WSNR-KWL6M-MWI2L-YV1JX-47UGM-XLR9Z
 
Tool Versions:
Toolchain:       MDK-ARM Standard Cortex-M only  Version: 5.23
Toolchain Path:  C:\Keil_v5\ARM\ARMCC\Bin
C Compiler:      Armcc.exe V5.06 update 4 (build 422)
Assembler:       Armasm.exe V5.06 update 4 (build 422)
Linker/Locator:  ArmLink.exe V5.06 update 4 (build 422)
Library Manager: ArmAr.exe V5.06 update 4 (build 422)
Hex Converter:   FromElf.exe V5.06 update 4 (build 422)
CPU DLL:         SARMCM3.DLL V5.23
Dialog DLL:      DCM.DLL V1.15.0.0
Target DLL:      UL2CM3.DLL V1.159.7.0
Dialog DLL:      TCM.DLL V1.27.0.0
 
<h2>Project:</h2>
C:\Users\heon2\Desktop\Separation_Test_Monitor_SW47702_BOE_MNT_23.8_FHD_SW97500_Dell_AEGIS_USB_Finger\KeilProjects\APPLICATION\APPLICATION.uvprojx
Project File Date:  09/02/2022

<h2>Output:</h2>
*** Using Compiler 'V5.06 update 4 (build 422)', folder: 'C:\Keil_v5\ARM\ARMCC\Bin'
Build Project 'APPLICATION' - Target 'MFTP FPGA'
compiling algorithm.c...
linking...
C:\Users\heon2\Desktop\Separation_Test_Monitor_SW47702_BOE_MNT_23.8_FHD_SW97500_Dell_AEGIS_USB_Finger\KeilProjects\APPLICATION\MFTP_SiW_APP.scat(50): warning: L6329W: Pattern memory_pool_local.o(RW) only matches removed unused sections.
C:\Users\heon2\Desktop\Separation_Test_Monitor_SW47702_BOE_MNT_23.8_FHD_SW97500_Dell_AEGIS_USB_Finger\KeilProjects\APPLICATION\MFTP_SiW_APP.scat(50): warning: L6329W: Pattern memory_pool_local.o(ZI) only matches removed unused sections.
Program Size: Code=67204 RO-data=11452 RW-data=6844 ZI-data=86876  
Finished: 0 information, 2 warning and 0 error messages.
FromELF: creating hex file...
After Build - User command #1: app_Build_post_process.bat
C:\Users\heon2\Desktop\Separation_Test_Monitor_SW47702_BOE_MNT_23.8_FHD_SW97500_Dell_AEGIS_USB_Finger\KeilProjects\APPLICATION>fromelf.exe --bin "bin\MFTP.axf" -o "bin\Binary\APP.bin" 
'fromelf.exe'은(는) 내부 또는 외부 명령, 실행할 수 있는 프로그램, 또는
배치 파일이 아닙니다.
C:\Users\heon2\Desktop\Separation_Test_Monitor_SW47702_BOE_MNT_23.8_FHD_SW97500_Dell_AEGIS_USB_Finger\KeilProjects\APPLICATION>copy "bin\MFTP.axf" "bin\Binary\APP.axf" 
지정된 경로를 찾을 수 없습니다.
        0개 파일이 복사되었습니다.
C:\Users\heon2\Desktop\Separation_Test_Monitor_SW47702_BOE_MNT_23.8_FHD_SW97500_Dell_AEGIS_USB_Finger\KeilProjects\APPLICATION>copy "bin\MFTP.hex" "bin\Binary\APP.hex" 
지정된 경로를 찾을 수 없습니다.
        0개 파일이 복사되었습니다.
C:\Users\heon2\Desktop\Separation_Test_Monitor_SW47702_BOE_MNT_23.8_FHD_SW97500_Dell_AEGIS_USB_Finger\KeilProjects\APPLICATION>copy "list\MFTP.map" "bin\Binary\APP.map" 
지정된 경로를 찾을 수 없습니다.
        0개 파일이 복사되었습니다.
C:\Users\heon2\Desktop\Separation_Test_Monitor_SW47702_BOE_MNT_23.8_FHD_SW97500_Dell_AEGIS_USB_Finger\KeilProjects\APPLICATION>fromelf -c -d -o "bin\Binary\APP.lst" "bin\Binary\APP.axf" 
'fromelf'은(는) 내부 또는 외부 명령, 실행할 수 있는 프로그램, 또는
배치 파일이 아닙니다.
C:\Users\heon2\Desktop\Separation_Test_Monitor_SW47702_BOE_MNT_23.8_FHD_SW97500_Dell_AEGIS_USB_Finger\KeilProjects\APPLICATION>..\tool\arm-none-eabi-objcopy -I elf32-little -O binary "bin\app_info.o" "bin\Binary\APP_INFO.bin" 
..\tool\arm-none-eabi-objcopy:bin\Binary\APP_INFO.bin: No such file or directory
C:\Users\heon2\Desktop\Separation_Test_Monitor_SW47702_BOE_MNT_23.8_FHD_SW97500_Dell_AEGIS_USB_Finger\KeilProjects\APPLICATION>..\tool\bin_tool.exe -fulltotal "bin\Binary\APP_FULLMEM.img" "bin\Binary\TOTAL_FULLMEM.img" "..\ref\BOOT_NoTrim_702.img" "bin\Binary\APP.bin" 
=========================================================
================ Binary Convert Start  ==================
<< SW4770X Firmware Tool version 00.03 >>
App bin file open error bin\Binary\APP.bin
++++++++++++++++ Binary Convert Fail!! ++++++++++++++++++
=========================================================
".\bin\MFTP.axf" - 0 Error(s), 2 Warning(s).

<h2>Collection of Component include folders:</h2>
  .\RTE\_MFTP_FPGA
  C:\Keil_v5\ARM\PACK\ARM\CMSIS\5.0.1\Device\ARM\ARMCM3\Include

<h2>Collection of Component Files used:</h2>
Build Time Elapsed:  00:00:03
</pre>
</body>
</html>
