Component: ARM Compiler 5.06 update 4 (build 422) Tool: armlink [4d35d2]

==============================================================================

Section Cross References

    app.o(APP) refers to hal_fnc.o(.data_head) for Fncp_PendSV_IRQHandler
    app.o(i.main) refers to module.o(i.module_Check_LcdOn) for module_Check_LcdOn
    app.o(i.main) refers to gpio.o(i.GPIO_Get_IN) for GPIO_Get_IN
    app.o(i.main) refers to hal.o(i.initBoardGPIO) for initBoardGPIO
    app.o(i.main) refers to app_main.o(i.app_MainProc) for app_MainProc
    app_conf.o(i.app_GetCommonConfig) refers to app_conf.o(.data) for .data
    app_conf.o(i.app_GetCurrentSelectFrequency) refers to app_conf.o(.data) for .data
    app_conf.o(i.app_GetInfo) refers to app_conf.o(.data) for .data
    app_conf.o(i.app_GetSelectFrequency) refers to app_conf.o(.data) for .data
    app_conf.o(i.app_SetCommonConfig) refers to app_conf.o(.data) for .data
    app_conf.o(i.app_SetCurrentSelectFrequency) refers to app_conf.o(.data) for .data
    app_conf.o(i.app_SetSelectFrequency) refers to app_conf.o(.data) for .data
    app_conf.o(.data) refers to app_conf.o(.data) for <Data1>
    app_dfup.o(i.app_dfup_oper_handler) refers to protocol_swip.o(i.protocol_swip_GetDFUP_Ready) for protocol_swip_GetDFUP_Ready
    app_dfup.o(i.app_dfup_oper_handler) refers to rt_memclr_w.o(.text) for __aeabi_memclr4
    app_dfup.o(i.app_dfup_oper_handler) refers to scrb.o(i.SCRB_Remap_And_Reset) for SCRB_Remap_And_Reset
    app_diag.o(i.app_diag_Init) refers to algorithm_conf.o(i.algorithm_GetInfo) for algorithm_GetInfo
    app_diag.o(i.app_diag_Init) refers to app_diag.o(.data) for .data
    app_diag.o(i.app_diag_oper_handler) refers to algorithm_conf.o(i.algorithm_GetInfo) for algorithm_GetInfo
    app_diag.o(i.app_diag_oper_handler) refers to protocol_swip.o(i.protocol_swip_PendReadyStatus) for protocol_swip_PendReadyStatus
    app_diag.o(i.app_diag_oper_handler) refers to module_conf.o(i.module_GetCommonConfig) for module_GetCommonConfig
    app_diag.o(i.app_diag_oper_handler) refers to algorithm_conf.o(i.algorithm_GetModeConfig) for algorithm_GetModeConfig
    app_diag.o(i.app_diag_oper_handler) refers to protocol_swip.o(i.protocol_swip_GetTestType) for protocol_swip_GetTestType
    app_diag.o(i.app_diag_oper_handler) refers to rt_memclr_w.o(.text) for __aeabi_memclr4
    app_diag.o(i.app_diag_oper_handler) refers to module.o(i.module_wait_full_sample_done) for module_wait_full_sample_done
    app_diag.o(i.app_diag_oper_handler) refers to protocol_swip.o(i.protocol_swip_GetABSAvrCount) for protocol_swip_GetABSAvrCount
    app_diag.o(i.app_diag_oper_handler) refers to algorithm.o(i.alogorithm_linefilter_2) for alogorithm_linefilter_2
    app_diag.o(i.app_diag_oper_handler) refers to hal.o(i.HAL_SetDiagTestSensingChangeMode) for HAL_SetDiagTestSensingChangeMode
    app_diag.o(i.app_diag_oper_handler) refers to app_diag.o(.data) for .data
    app_diag.o(i.app_diag_oper_handler) refers to memory_pool.o(.bss) for FullSharedBuff
    app_diag.o(i.app_diag_oper_handler) refers to app_diag.o(.constdata) for .constdata
    app_diag.o(i.app_diag_oper_handler) refers to module_conf.o(i.module_GetModeConfig) for module_GetModeConfig
    app_diag.o(i.app_diag_oper_handler) refers to rt_memclr.o(.text) for __aeabi_memclr
    app_diag.o(i.app_diag_oper_handler) refers to protocol_swip.o(i.protocol_swip_PendTestResult) for protocol_swip_PendTestResult
    app_diag.o(i.app_diag_oper_handler) refers to protocol_swip.o(i.protocol_swip_GetMode) for protocol_swip_GetMode
    app_diag.o(i.app_diag_oper_handler) refers to module.o(i.module_Stop) for module_Stop
    app_diag.o(i.app_diag_oper_handler) refers to algorithm_baseline.o(.data) for g_pFingerBaseImage
    app_main.o(i.app_MainProc) refers to module.o(i.module_HW_Init) for module_HW_Init
    app_main.o(i.app_MainProc) refers to param.o(i.PARAM_Initialize) for PARAM_Initialize
    app_main.o(i.app_MainProc) refers to hal.o(i.HAL_Initialize) for HAL_Initialize
    app_main.o(i.app_MainProc) refers to wdgt.o(i.Hal_WDT_ForceReset) for Hal_WDT_ForceReset
    app_main.o(i.app_MainProc) refers to app_normal.o(i.app_normal_oper_handler) for app_normal_oper_handler
    app_main.o(i.app_MainProc) refers to app_diag.o(i.app_diag_oper_handler) for app_diag_oper_handler
    app_main.o(i.app_MainProc) refers to app_dfup.o(i.app_dfup_oper_handler) for app_dfup_oper_handler
    app_normal.o(i.app_normal_Init) refers to algorithm_conf.o(i.algorithm_GetInfo) for algorithm_GetInfo
    app_normal.o(i.app_normal_Init) refers to app_conf.o(i.app_GetCommonConfig) for app_GetCommonConfig
    app_normal.o(i.app_normal_Init) refers to app_normal.o(.data) for .data
    app_normal.o(i.app_normal_oper_handler) refers to algorithm_conf.o(i.algorithm_GetInfo) for algorithm_GetInfo
    app_normal.o(i.app_normal_oper_handler) refers to app_conf.o(i.app_GetCommonConfig) for app_GetCommonConfig
[...]
    SRIC_Run                                 0x000071a5   Thumb Code     6  sric.o(i.SRIC_Run)
    SRIC_SetDiagTestOperationMode            0x000071b1   Thumb Code    28  sric.o(i.SRIC_SetDiagTestOperationMode)
    SRIC_SetRuntimeChangeRegister            0x000071d1   Thumb Code    28  sric.o(i.SRIC_SetRuntimeChangeRegister)
    SW92513_Initialize                       0x000071f1   Thumb Code    12  roic_ctrl_sw92513.o(i.SW92513_Initialize)
    SW92513_RegisterInit                     0x000075b5   Thumb Code  1280  roic_ctrl_sw92513.o(i.SW92513_RegisterInit)
    SW92513_Reset                            0x00007ab5   Thumb Code    86  roic_ctrl_sw92513.o(i.SW92513_Reset)
    SW92513_Run                              0x00007b0d   Thumb Code    78  roic_ctrl_sw92513.o(i.SW92513_Run)
    SW92513_SetActiveOperationMode           0x00007b61   Thumb Code     2  roic_ctrl_sw92513.o(i.SW92513_SetActiveOperationMode)
    SW92513_SetDiagTestOperationMode         0x00007b65   Thumb Code  4420  roic_ctrl_sw92513.o(i.SW92513_SetDiagTestOperationMode)
    SW92513_SetIdleOperationMode             0x00008cad   Thumb Code     2  roic_ctrl_sw92513.o(i.SW92513_SetIdleOperationMode)
    SW92513_SetLocalIndex                    0x00008caf   Thumb Code     2  roic_ctrl_sw92513.o(i.SW92513_SetLocalIndex)
    SW92513_SetRuntimeChangeRegister         0x00008cb1   Thumb Code   696  roic_ctrl_sw92513.o(i.SW92513_SetRuntimeChangeRegister)
    SendCustomData_I2C                       0x00008f6d   Thumb Code    52  i2c.o(i.SendCustomData_I2C)
    SendTouchData                            0x00008fa5   Thumb Code   556  pe_usb.o(i.SendTouchData)
    SendTouchData_I2C                        0x000091ed   Thumb Code    44  i2c.o(i.SendTouchData_I2C)
    SensingBufferInit                        0x00009221   Thumb Code    40  interrupt.o(i.SensingBufferInit)
    StaticQueue_CheckEmpty                   0x00009251   Thumb Code    18  pe_usb.o(i.StaticQueue_CheckEmpty)
    StaticQueue_CheckFull                    0x00009265   Thumb Code    26  pe_usb.o(i.StaticQueue_CheckFull)
    StaticQueue_CheckInit                    0x00009285   Thumb Code    38  pe_usb.o(i.StaticQueue_CheckInit)
    StaticQueue_HeadDelete                   0x000092ab   Thumb Code    66  pe_usb.o(i.StaticQueue_HeadDelete)
    StaticQueue_Init                         0x000092ed   Thumb Code    46  pe_usb.o(i.StaticQueue_Init)
    StaticQueue_Pop                          0x00009325   Thumb Code    94  pe_usb.o(i.StaticQueue_Pop)
    StaticQueue_Push                         0x00009383   Thumb Code    90  pe_usb.o(i.StaticQueue_Push)
    TIMER_Initialize                         0x000093dd   Thumb Code   116  timer.o(i.TIMER_Initialize)
    TIMER_InterruptHandler                   0x00009459   Thumb Code   114  timer.o(i.TIMER_InterruptHandler)
    TIMER_SetPeriodicMode                    0x000094d5   Thumb Code   198  timer.o(i.TIMER_SetPeriodicMode)
    TIMER_StartTimer                         0x000095a1   Thumb Code   152  timer.o(i.TIMER_StartTimer)
    TimerTick_GetIdleModeCheckTimeSec        0x00009641   Thumb Code    20  timer_tick.o(i.TimerTick_GetIdleModeCheckTimeSec)
    TimerTick_Initialize                     0x0000965d   Thumb Code    42  timer_tick.o(i.TimerTick_Initialize)
    TimerTick_InterruptHandler               0x00009695   Thumb Code    28  timer_tick.o(i.TimerTick_InterruptHandler)
    TimerTick_ResetIdleModeCheckTime         0x000096b5   Thumb Code     8  timer_tick.o(i.TimerTick_ResetIdleModeCheckTime)
    USB_DevInit                              0x000096c1   Thumb Code    36  pe_usb.o(i.USB_DevInit)
    WDGT_InterruptHandler                    0x000096ed   Thumb Code    60  wdgt.o(i.WDGT_InterruptHandler)
    __ARM_common_memclr4_10                  0x00009735   Thumb Code    10  algorithm.o(i.__ARM_common_memclr4_10)
    algorithm_CheckFingerIdleModeControl     0x00009741   Thumb Code   122  algorithm.o(i.algorithm_CheckFingerIdleModeControl)
    algorithm_Check_FreqHopping              0x000097c1   Thumb Code   174  algorithm_noise.o(i.algorithm_Check_FreqHopping)
    algorithm_Check_Mux_Delta                0x00009875   Thumb Code    96  algorithm.o(i.algorithm_Check_Mux_Delta)
    algorithm_GetCommonConfig                0x000098d9   Thumb Code     6  algorithm_conf.o(i.algorithm_GetCommonConfig)
    algorithm_GetInfo                        0x000098e5   Thumb Code     6  algorithm_conf.o(i.algorithm_GetInfo)
    algorithm_GetModeConfig                  0x000098f1   Thumb Code     6  algorithm_conf.o(i.algorithm_GetModeConfig)
    algorithm_PendTouchEvent                 0x000098fd   Thumb Code   760  algorithm.o(i.algorithm_PendTouchEvent)
    algorithm_SetCommonConfig                0x00009c11   Thumb Code     6  algorithm_conf.o(i.algorithm_SetCommonConfig)
    algorithm_SetModeConfig                  0x00009c1d   Thumb Code     6  algorithm_conf.o(i.algorithm_SetModeConfig)
    algorithm_baseline_calculate_delta       0x00009c29   Thumb Code   712  algorithm_baseline.o(i.algorithm_baseline_calculate_delta)
    algorithm_baseline_calculate_delta_dspA  0x00009ef9   Thumb Code   132  dspa.o(i.algorithm_baseline_calculate_delta_dspA)
    algorithm_baseline_calculate_delta_idle  0x00009f91   Thumb Code   520  algorithm_baseline.o(i.algorithm_baseline_calculate_delta_idle)
    algorithm_baseline_init                  0x0000a1a1   Thumb Code    60  algorithm_baseline.o(i.algorithm_baseline_init)
    algorithm_baseline_init_param            0x0000a1f1   Thumb Code    18  algorithm_baseline.o(i.algorithm_baseline_init_param)
    algorithm_baseline_tracking_continuous   0x0000a209   Thumb Code   244  algorithm_baseline.o(i.algorithm_baseline_tracking_continuous)
    algorithm_baseline_tracking_continuous_idle 0x0000a315   Thumb Code   112  algorithm_baseline.o(i.algorithm_baseline_tracking_continuous_idle)
    algorithm_baseline_tracking_initial      0x0000a399   Thumb Code   284  algorithm_baseline.o(i.algorithm_baseline_tracking_initial)
    algorithm_baseline_tracking_initial_idle 0x0000a4bd   Thumb Code   168  algorithm_baseline.o(i.algorithm_baseline_tracking_initial_idle)
    algorithm_calc_sqrt                      0x0000a56d   Thumb Code   124  algorithm.o(i.algorithm_calc_sqrt)
    algorithm_coord_EdgeExpand_BigFinger     0x0000a5e9   Thumb Code  1530  algorithm_coord.o(i.algorithm_coord_EdgeExpand_BigFinger)
    algorithm_coord_IsEdgeArea               0x0000abed   Thumb Code    84  algorithm_coord.o(i.algorithm_coord_IsEdgeArea)
    algorithm_coord_OutInDrawing             0x0000ac45   Thumb Code   574  algorithm_coord.o(i.algorithm_coord_OutInDrawing)
    algorithm_coord_PostProcess_1            0x0000ae89   Thumb Code  1424  algorithm_coord.o(i.algorithm_coord_PostProcess_1)
    algorithm_coord_UpdatePosHistoryInfo     0x0000b419   Thumb Code   318  algorithm_coord.o(i.algorithm_coord_UpdatePosHistoryInfo)
    algorithm_coord_calc_distance            0x0000b55d   Thumb Code    16  algorithm_coord.o(i.algorithm_coord_calc_distance)
    algorithm_coord_calc_pos                 0x0000b56d   Thumb Code   280  algorithm_coord.o(i.algorithm_coord_calc_pos)
    algorithm_coord_init                     0x0000b689   Thumb Code   344  algorithm_coord.o(i.algorithm_coord_init)
    algorithm_coord_init_param               0x0000b7e5   Thumb Code    12  algorithm_coord.o(i.algorithm_coord_init_param)
    algorithm_coord_initialise_pos_buffer    0x0000b7f5   Thumb Code   214  algorithm_coord.o(i.algorithm_coord_initialise_pos_buffer)
    algorithm_coord_process                  0x0000b8d1   Thumb Code    54  algorithm_coord.o(i.algorithm_coord_process)
    algorithm_coord_smoothing_pos            0x0000b90d   Thumb Code  1850  algorithm_coord.o(i.algorithm_coord_smoothing_pos)
    algorithm_coord_tracking_pos             0x0000c04d   Thumb Code  4842  algorithm_coord.o(i.algorithm_coord_tracking_pos)
    algorithm_init                           0x0000d345   Thumb Code   116  algorithm.o(i.algorithm_init)
    algorithm_init_dspA                      0x0000d3bd   Thumb Code    50  dspa.o(i.algorithm_init_dspA)
    algorithm_label_Add_NewNode_to_LabelRecord 0x0000d3f9   Thumb Code   150  algorithm_label.o(i.algorithm_label_Add_NewNode_to_LabelRecord)
    algorithm_label_EdgeExpand_Finger        0x0000d495   Thumb Code   988  algorithm_coord.o(i.algorithm_label_EdgeExpand_Finger)
    algorithm_label_GetConflictInfo          0x0000d879   Thumb Code   608  algorithm_label.o(i.algorithm_label_GetConflictInfo)
    algorithm_label_Insert_NewRecord_to_LabelTable 0x0000daed   Thumb Code   116  algorithm_label.o(i.algorithm_label_Insert_NewRecord_to_LabelTable)
    algorithm_label_MarkBoundary             0x0000db6d   Thumb Code   336  algorithm_label.o(i.algorithm_label_MarkBoundary)
    algorithm_label_Merge                    0x0000dcc9   Thumb Code  1152  algorithm_label.o(i.algorithm_label_Merge)
    algorithm_label_Merge_PostProcess        0x0000e149   Thumb Code   578  algorithm_label.o(i.algorithm_label_Merge_PostProcess)
    algorithm_label_SearchValidArea          0x0000e395   Thumb Code   854  algorithm_label.o(i.algorithm_label_SearchValidArea)
    algorithm_label_Split                    0x0000e6f5   Thumb Code   786  algorithm_label.o(i.algorithm_label_Split)
    algorithm_label_SplitNMerge_process      0x0000ea19   Thumb Code   490  algorithm_label.o(i.algorithm_label_SplitNMerge_process)
    algorithm_label_init                     0x0000ec11   Thumb Code    40  algorithm_label.o(i.algorithm_label_init)
    algorithm_label_init_param               0x0000ec45   Thumb Code    12  algorithm_label.o(i.algorithm_label_init_param)
    algorithm_label_palm_rejection           0x0000ec55   Thumb Code  1848  algorithm_label.o(i.algorithm_label_palm_rejection)
    algorithm_label_process                  0x0000f395   Thumb Code   128  algorithm_label.o(i.algorithm_label_process)
    algorithm_noise_detection_v2             0x0000f421   Thumb Code   678  algorithm_noise.o(i.algorithm_noise_detection_v2)
    algorithm_noise_init                     0x0000f6cd   Thumb Code    24  algorithm_noise.o(i.algorithm_noise_init)
    algorithm_noise_initialize               0x0000f6e9   Thumb Code    88  algorithm_noise.o(i.algorithm_noise_initialize)
    algorithm_noise_process                  0x0000f745   Thumb Code    18  algorithm_noise.o(i.algorithm_noise_process)
    algorithm_process                        0x0000f75d   Thumb Code  1150  algorithm.o(i.algorithm_process)
    algorithm_process_Idle                   0x0000fbdd   Thumb Code    84  algorithm.o(i.algorithm_process_Idle)
    alogorithm_coord_modify_pos              0x0000fc45   Thumb Code  1334  algorithm_coord.o(i.alogorithm_coord_modify_pos)
    alogorithm_linefilter_2                  0x0001017d   Thumb Code   370  algorithm.o(i.alogorithm_linefilter_2)
    alogorithm_linefilter_idle               0x00010339   Thumb Code   174  algorithm.o(i.alogorithm_linefilter_idle)
    app_GetCommonConfig                      0x000103f9   Thumb Code     6  app_conf.o(i.app_GetCommonConfig)
    app_GetInfo                              0x00010405   Thumb Code     6  app_conf.o(i.app_GetInfo)
    app_MainProc                             0x00010411   Thumb Code    58  app_main.o(i.app_MainProc)
    app_SetCommonConfig                      0x0001044d   Thumb Code     6  app_conf.o(i.app_SetCommonConfig)
    app_SetCurrentSelectFrequency            0x00010459   Thumb Code     8  app_conf.o(i.app_SetCurrentSelectFrequency)
    app_dfup_oper_handler                    0x00010465   Thumb Code   140  app_dfup.o(i.app_dfup_oper_handler)
    app_diag_oper_handler                    0x000104f1   Thumb Code  1790  app_diag.o(i.app_diag_oper_handler)
    app_normal_oper_handler                  0x00010c0d   Thumb Code   708  app_normal.o(i.app_normal_oper_handler)
    delay_us                                 0x00010ed5   Thumb Code   122  timer_tick.o(i.delay_us)
    getElapsedLongSYSTICK                    0x00010f55   Thumb Code    58  timer_tick.o(i.getElapsedLongSYSTICK)
    hal_GetInfo                              0x00010f95   Thumb Code     6  hal_conf.o(i.hal_GetInfo)
    hal_Info_GetChangeWGPPenBeaconType       0x00010fa1   Thumb Code     8  hal_conf.o(i.hal_Info_GetChangeWGPPenBeaconType)
    hal_Info_GetControlActivePenOPType       0x00010fad   Thumb Code    10  hal_conf.o(i.hal_Info_GetControlActivePenOPType)
    hal_Info_GetControlLocalFingerOPType     0x00010fbd   Thumb Code    10  hal_conf.o(i.hal_Info_GetControlLocalFingerOPType)
    hal_Info_GetPenDectionEnable             0x00010fcd   Thumb Code    10  hal_conf.o(i.hal_Info_GetPenDectionEnable)
    hal_Info_SetChangeCompleteWGPPenBeaconType 0x00010fdd   Thumb Code     8  hal_conf.o(i.hal_Info_SetChangeCompleteWGPPenBeaconType)
    hal_Info_SetChangeWGPPenBeaconType       0x00010fe9   Thumb Code     8  hal_conf.o(i.hal_Info_SetChangeWGPPenBeaconType)
    hal_SetCommonConfig                      0x00010ff5   Thumb Code     6  hal_conf.o(i.hal_SetCommonConfig)
    hal_clear_irq_flag                       0x00011001   Thumb Code     8  module.o(i.hal_clear_irq_flag)
    hal_clear_overlap_pen                    0x0001100d   Thumb Code     8  module.o(i.hal_clear_overlap_pen)
    hal_get_irq_flag                         0x00011019   Thumb Code     6  module.o(i.hal_get_irq_flag)
    hal_mspi_GetCommonConfig                 0x00011025   Thumb Code     6  hal_conf.o(i.hal_mspi_GetCommonConfig)
    hal_mspi_GetControlConfig                0x00011031   Thumb Code     6  hal_conf.o(i.hal_mspi_GetControlConfig)
    hal_pwmdrv_GetCommonConfig               0x0001103d   Thumb Code     8  hal_conf.o(i.hal_pwmdrv_GetCommonConfig)
    hal_pwmdrv_GetControlConfig              0x00011049   Thumb Code     8  hal_conf.o(i.hal_pwmdrv_GetControlConfig)
    hal_set_irq_flag                         0x00011055   Thumb Code     8  module.o(i.hal_set_irq_flag)
    hal_set_overlap_pen                      0x00011061   Thumb Code     8  module.o(i.hal_set_overlap_pen)
    initBoardGPIO                            0x0001106d   Thumb Code    42  hal.o(i.initBoardGPIO)
    initECLK                                 0x00011099   Thumb Code    60  hal.o(i.initECLK)
    init_DSP_B                               0x000110d9   Thumb Code    28  dsp_b.o(i.init_DSP_B)
    main                                     0x00011101   Thumb Code    56  app.o(i.main)
    medium_delay                             0x00011139   Thumb Code    54  timer.o(i.medium_delay)
    module_Check_LcdOn                       0x00011175   Thumb Code    24  module.o(i.module_Check_LcdOn)
    module_Check_SMT_Mode                    0x0001118d   Thumb Code    28  module.o(i.module_Check_SMT_Mode)
    module_Enter_SMT_Mode                    0x000111a9   Thumb Code    30  module.o(i.module_Enter_SMT_Mode)
    module_Exit_SMT_Mode                     0x000111c7   Thumb Code     2  module.o(i.module_Exit_SMT_Mode)
    module_GetCommonConfig                   0x000111c9   Thumb Code     6  module_conf.o(i.module_GetCommonConfig)
    module_GetFixedConfig                    0x000111d5   Thumb Code     6  module_conf.o(i.module_GetFixedConfig)
    module_GetModeConfig                     0x000111e1   Thumb Code     6  module_conf.o(i.module_GetModeConfig)
    module_HW_Init                           0x000111ed   Thumb Code    90  module.o(i.module_HW_Init)
    module_Init_Signal                       0x00011251   Thumb Code   108  module.o(i.module_Init_Signal)
    module_SRIC_GetCommonConfig              0x000112c1   Thumb Code     6  module_conf.o(i.module_SRIC_GetCommonConfig)
    module_SetCommonConfig                   0x000112cd   Thumb Code     6  module_conf.o(i.module_SetCommonConfig)
    module_SetFixedConfig                    0x000112d9   Thumb Code     6  module_conf.o(i.module_SetFixedConfig)
    module_SetModeConfig                     0x000112e5   Thumb Code     6  module_conf.o(i.module_SetModeConfig)
    module_SignalOut_SMT_Mode                0x000112f1   Thumb Code    26  module.o(i.module_SignalOut_SMT_Mode)
    module_Skip_Event                        0x0001130b   Thumb Code    26  module.o(i.module_Skip_Event)
    module_Start                             0x00011325   Thumb Code     6  module.o(i.module_Start)
    module_Stop                              0x0001132d   Thumb Code   140  module.o(i.module_Stop)
    module_Switch_Freq                       0x000113bd   Thumb Code    66  module.o(i.module_Switch_Freq)
    module_Watch_Disable                     0x00011405   Thumb Code    14  module.o(i.module_Watch_Disable)
    module_Watch_Enable                      0x00011419   Thumb Code     4  module.o(i.module_Watch_Enable)
    module_start_delay                       0x0001141d   Thumb Code    44  module.o(i.module_start_delay)
    module_wait_NI_sample_done               0x00011449   Thumb Code   182  module.o(i.module_wait_NI_sample_done)
    module_wait_full_sample_done             0x00011511   Thumb Code   252  module.o(i.module_wait_full_sample_done)
    protocol_GetCommonConfig                 0x0001161d   Thumb Code     6  protocol_conf.o(i.protocol_GetCommonConfig)
    protocol_GetInfo                         0x00011629   Thumb Code     6  protocol_conf.o(i.protocol_GetInfo)
    protocol_Log                             0x00011635   Thumb Code   118  protocol_log.o(i.protocol_Log)
    protocol_SetCommonConfig                 0x000116b9   Thumb Code     6  protocol_conf.o(i.protocol_SetCommonConfig)
    protocol_hid_PushTouchEvent              0x000116c5   Thumb Code    84  pe_usb.o(i.protocol_hid_PushTouchEvent)
    protocol_init                            0x00011725   Thumb Code    18  protocol.o(i.protocol_init)
    protocol_swip_ClearInterrupt             0x00011749   Thumb Code   144  protocol_swip.o(i.protocol_swip_ClearInterrupt)
    protocol_swip_GetABSAvrCount             0x000117e5   Thumb Code     8  protocol_swip.o(i.protocol_swip_GetABSAvrCount)
    protocol_swip_GetDFUP_Ready              0x000117f1   Thumb Code     8  protocol_swip.o(i.protocol_swip_GetDFUP_Ready)
    protocol_swip_GetMappedPointer           0x000117fd   Thumb Code   110  protocol_swip.o(i.protocol_swip_GetMappedPointer)
    protocol_swip_GetMode                    0x00011875   Thumb Code     8  protocol_swip.o(i.protocol_swip_GetMode)
    protocol_swip_GetPacketFormatId          0x00011881   Thumb Code     8  protocol_swip.o(i.protocol_swip_GetPacketFormatId)
    protocol_swip_GetTestType                0x0001188d   Thumb Code     8  protocol_swip.o(i.protocol_swip_GetTestType)
    protocol_swip_Init                       0x00011899   Thumb Code   170  protocol_swip.o(i.protocol_swip_Init)
    protocol_swip_InitTouchEventBuffer       0x00011959   Thumb Code    14  protocol_swip.o(i.protocol_swip_InitTouchEventBuffer)
    protocol_swip_PendReadyStatus            0x0001196d   Thumb Code    18  protocol_swip.o(i.protocol_swip_PendReadyStatus)
    protocol_swip_PendTestResult             0x00011985   Thumb Code    50  protocol_swip.o(i.protocol_swip_PendTestResult)
    protocol_swip_PushTouchEvent             0x000119c9   Thumb Code   504  protocol_swip.o(i.protocol_swip_PushTouchEvent)
    protocol_swip_SendTouchEvent             0x00011bd1   Thumb Code   370  protocol_swip.o(i.protocol_swip_SendTouchEvent)
    protocol_swip_WaitEventInterruptCleared  0x00011d55   Thumb Code   206  protocol_swip.o(i.protocol_swip_WaitEventInterruptCleared)
    __aeabi_fadd                             0x00011e2d   Thumb Code     0  faddsub_clz.o(x$fpl$fadd)
    _fadd                                    0x00011e2d   Thumb Code   196  faddsub_clz.o(x$fpl$fadd)
    __aeabi_fdiv                             0x00011ef1   Thumb Code     0  fdiv.o(x$fpl$fdiv)
    _fdiv                                    0x00011ef1   Thumb Code   384  fdiv.o(x$fpl$fdiv)
    __aeabi_f2iz                             0x00012075   Thumb Code     0  ffix.o(x$fpl$ffix)
    _ffix                                    0x00012075   Thumb Code    54  ffix.o(x$fpl$ffix)
    __aeabi_i2f                              0x000120ad   Thumb Code     0  fflt_clz.o(x$fpl$fflt)
    _fflt                                    0x000120ad   Thumb Code    48  fflt_clz.o(x$fpl$fflt)
    __aeabi_ui2f                             0x000120dd   Thumb Code     0  fflt_clz.o(x$fpl$ffltu)
    _ffltu                                   0x000120dd   Thumb Code    38  fflt_clz.o(x$fpl$ffltu)
    __aeabi_fmul                             0x00012105   Thumb Code     0  fmul.o(x$fpl$fmul)
    _fmul                                    0x00012105   Thumb Code   258  fmul.o(x$fpl$fmul)
    __fpl_fnaninf                            0x00012207   Thumb Code   140  fnaninf.o(x$fpl$fnaninf)
    __fpl_fretinf                            0x00012293   Thumb Code    10  fretinf.o(x$fpl$fretinf)
    __aeabi_fsub                             0x0001229d   Thumb Code     0  faddsub_clz.o(x$fpl$fsub)
    _fsub                                    0x0001229d   Thumb Code   234  faddsub_clz.o(x$fpl$fsub)
    __I$use$fp                               0x00012386   Number         0  usenofp.o(x$fpl$usenofp)
    ktParamFixedMainConf                     0x00012468   Data        9744  param_config_fixed.o(.constdata)
    ktParamPresetMainConf                    0x00014a78   Data        2245  param_config_preset.o(.constdata)
    Region$$Table$$Base                      0x00015340   Number         0  anon$$obj.o(Region$$Table)
    Region$$Table$$Limit                     0x00015370   Number         0  anon$$obj.o(Region$$Table)
    Fncp_PendSV_IRQHandler                   0x20010000   Data           4  hal_fnc.o(.data_head)
    Fncp_Systick_IRQHandler                  0x20010004   Data           4  hal_fnc.o(.data_head)
    Fncp_WDGT_IRQHandler                     0x20010008   Data           4  hal_fnc.o(.data_head)
    Fncp_TIMER_IRQHandler                    0x2001000c   Data           4  hal_fnc.o(.data_head)
    Fncp_DBG_I2C_IRQHandler                  0x20010010   Data           4  hal_fnc.o(.data_head)
    Fncp_FLITF_IRQHandler                    0x20010014   Data           4  hal_fnc.o(.data_head)
    Fncp_DBG_SPI_IRQHandler                  0x20010018   Data           4  hal_fnc.o(.data_head)
    Fncp_AB_ACC_IRQHandler                   0x2001001c   Data           4  hal_fnc.o(.data_head)
    Fncp_GDMA_IRQHandler                     0x20010020   Data           4  hal_fnc.o(.data_head)
    Fncp_USER_IRQHandler                     0x20010024   Data           4  hal_fnc.o(.data_head)
    Fncp_GPIOA_IRQHandler                    0x20010028   Data           4  hal_fnc.o(.data_head)
    Fncp_GPIOM_IRQHandler                    0x2001002c   Data           4  hal_fnc.o(.data_head)
    Fncp_VSYNC_IN_IRQHandler                 0x20010030   Data           4  hal_fnc.o(.data_head)
    Fncp_TSYNC_IN_IRQHandler                 0x20010034   Data           4  hal_fnc.o(.data_head)
    Fncp_TSYNC_OUT_IRQHandler                0x20010038   Data           4  hal_fnc.o(.data_head)
    Fncp_PWMDRV_IRQHandler                   0x2001003c   Data           4  hal_fnc.o(.data_head)
    Fncp_DSP_A_IRQHandler                    0x20010040   Data           4  hal_fnc.o(.data_head)
    Fncp_DSP_B_IRQHandler                    0x20010044   Data           4  hal_fnc.o(.data_head)
    Fncp_USB_IRQHandler                      0x20010048   Data           4  hal_fnc.o(.data_head)
    Fncp_MSPI_IRQHandler                     0x2001004c   Data           4  hal_fnc.o(.data_head)
    Fncp_TLVDS_IRQHandler                    0x20010050   Data           4  hal_fnc.o(.data_head)
    Fncp_I2C_MST_IRQHandler                  0x20010054   Data           4  hal_fnc.o(.data_head)
    Fncp_I2C_MST_Sleep_IRQHandler            0x20010058   Data           4  hal_fnc.o(.data_head)
    Fncp_I2C_MST_Wakeup_IRQHandler           0x2001005c   Data           4  hal_fnc.o(.data_head)
    Fncp_I2C_SLV_IRQHandler                  0x20010060   Data           4  hal_fnc.o(.data_head)
    Fncp_I2C_SLV_Sleep_IRQHandler            0x20010064   Data           4  hal_fnc.o(.data_head)
    Fncp_I2C_SLV_Wakeup_IRQHandler           0x20010068   Data           4  hal_fnc.o(.data_head)
    TP_EN_CHECK_value                        0x20010098   Data           4  app_diag.o(.data)
    fw_crc_value                             0x2001009c   Data           4  app_diag.o(.data)
    ulFrame1Count                            0x200100a0   Data           4  app_diag.o(.data)
    ulFrame2Count                            0x200100a4   Data           4  app_diag.o(.data)
    TEST_LOCAL_STATE                         0x200100b4   Data           4  app_normal.o(.data)
    gbSkipTouch                              0x200100b8   Data           1  algorithm.o(.data)
    gusSkipTouchCnt                          0x200100ba   Data           2  algorithm.o(.data)
    DebugAlgorithmInfo                       0x200100cc   Data           4  algorithm.o(.data)
    tTempAlgorithmInfoDebug                  0x200100d0   Data           4  algorithm.o(.data)
    ulMuxSensingOrder                        0x200100d4   Data          64  algorithm.o(.data)
    g_ucFrameCnt                             0x20010114   Data           1  algorithm_baseline.o(.data)
    g_ucAbnormalDeltaCnt                     0x20010115   Data           1  algorithm_baseline.o(.data)
    gulESD_DletaSum                          0x20010128   Data           4  algorithm_baseline.o(.data)
    g_pFingerBaseImage                       0x20010134   Data           4  algorithm_baseline.o(.data)
    g_pFingerESDBaseImage                    0x20010138   Data           4  algorithm_baseline.o(.data)
    g_pFingerHop1BaseImage                   0x2001013c   Data           4  algorithm_baseline.o(.data)
    g_pFingerHop1ESDBaseImage                0x20010140   Data           4  algorithm_baseline.o(.data)
    AddDistTh                                0x20010144   Data           2  algorithm_coord.o(.data)
    bContiFlag                               0x20010158   Data           4  algorithm_coord.o(.data)
    max_d                                    0x2001015c   Data           4  algorithm_coord.o(.data)
    sum_r                                    0x20010160   Data           4  algorithm_coord.o(.data)
    sum_c                                    0x20010164   Data           4  algorithm_coord.o(.data)
    sum_TB                                   0x20010168   Data           4  algorithm_coord.o(.data)
    sum_LR                                   0x2001016c   Data           4  algorithm_coord.o(.data)
    PalmRegionNum                            0x20010170   Data           1  algorithm_label.o(.data)
    FreqChangeDelay                          0x20010248   Data           1  algorithm_noise.o(.data)
    CheckHoppingReliability                  0x20010249   Data           1  algorithm_noise.o(.data)
    HoppingThdCnt                            0x2001024a   Data           1  algorithm_noise.o(.data)
    add_hopping_thd                          0x20010258   Data           4  algorithm_noise.o(.data)
    RealDiffIIR                              0x2001025c   Data           4  algorithm_noise.o(.data)
    RealDiffNoiseCnt                         0x20010260   Data           4  algorithm_noise.o(.data)
    ptHalInfo                                0x20010264   Data           4  hal.o(.data)
    p_currentRowStart                        0x200102b8   Data           2  interrupt.o(.data)
    sensingRowStart                          0x200102ba   Data           2  interrupt.o(.data)
    currentRowStart                          0x200102bc   Data           2  interrupt.o(.data)
    sensingRowStart_Tilt                     0x200102be   Data           2  interrupt.o(.data)
    pFreqHoppingAndModeTest                  0x200102c0   Data           4  interrupt.o(.data)
    shape_array_table                        0x200102c4   Data         900  memory_pool.o(.data)
    g_Ready                                  0x20010648   Data           1  i2c.o(.data)
    g_FeatureDataLength                      0x20010649   Data           1  i2c.o(.data)
    g_bReset                                 0x2001064a   Data           1  i2c.o(.data)
    g_nResetTxCount                          0x2001064b   Data           1  i2c.o(.data)
    g_CheckComplete_Common_I2C               0x2001064c   Data           1  i2c.o(.data)
    g_bCallReadyStatus                       0x2001064d   Data           1  i2c.o(.data)
    g_MaxTouchCount_I2C                      0x2001064e   Data           2  i2c.o(.data)
    g_TouchIdle_I2C                          0x20010650   Data           2  i2c.o(.data)
    g_tDelayCheckInfo                        0x20010652   Data           4  i2c.o(.data)
    g_RxCommandIndex                         0x20010658   Data           4  i2c.o(.data)
    g_TxPtr                                  0x2001065c   Data           4  i2c.o(.data)
    g_TxIndex                                0x20010660   Data           4  i2c.o(.data)
    g_TxPtr_Common                           0x20010664   Data           4  i2c.o(.data)
    g_TxIndex_Common                         0x20010668   Data           4  i2c.o(.data)
    g_TxSendCount                            0x2001066c   Data           4  i2c.o(.data)
    g_TxByteInterruptCount                   0x20010670   Data           4  i2c.o(.data)
    g_tCP_LHB_CONFIG21                       0x20010674   Data           4  pwmdrv.o(.data)
    g_tCP_LHB_CONFIG22                       0x20010678   Data           4  pwmdrv.o(.data)
    g_tCP_LHB_CONFIG23                       0x2001067c   Data           4  pwmdrv.o(.data)
    g_tCP_LHB_CONFIG24                       0x20010680   Data           4  pwmdrv.o(.data)
    wdt_init                                 0x20010688   Data           1  wdgt.o(.data)
    raw_idx                                  0x2001068c   Data           1  dspa.o(.data)
    base_idx                                 0x2001068d   Data           1  dspa.o(.data)
    raw_idx_MuxSum                           0x2001068e   Data           1  dspa.o(.data)
    base_idx_MuxSum                          0x2001068f   Data           1  dspa.o(.data)
    LoopCntDspA                              0x200106a0   Data           4  dspa.o(.data)
    RawAddr                                  0x200106a4   Data           4  dspa.o(.data)
    BaseAddr                                 0x200106a8   Data           4  dspa.o(.data)
    BaseAddr_MuxSum                          0x200106ac   Data           4  dspa.o(.data)
    RawAddr_MuxSum                           0x200106b0   Data           4  dspa.o(.data)
    g_pLocalBaseImage                        0x200106b4   Data           4  dspa.o(.data)
    g_pFullHoverImage                        0x200106b8   Data           4  dspa.o(.data)
    g_pLocalHop1BaseImage                    0x200106bc   Data           4  dspa.o(.data)
    ulTimerOneShotEn                         0x200106c4   Data           8  timer.o(.data)
    ulTimerTickIdleCheckCount                0x200106cc   Data           4  timer_tick.o(.data)
    _timertick_high_rank_count_              0x200106d0   Data           4  timer_tick.o(.data)
    _timer_clock_                            0x200106d4   Data           4  timer_tick.o(.data)
    ulTimeSec                                0x200106d8   Data           4  timer_tick.o(.data)
    vulTrimInfoAddr                          0x200106dc   Data           8  flitf.o(.data)
    u8_HID_MultiTouch_Descriptor_Head        0x200106e4   Data           8  pe_my_usbtable.o(.data)
    u8_HID_MultiTouch_Descriptor_Main        0x200106ec   Data          67  pe_my_usbtable.o(.data)
    u8_HID_MultiTouch_Descriptor_Tail        0x2001072f   Data          69  pe_my_usbtable.o(.data)
    u8_HID_Touch_Blob                        0x20010774   Data         257  pe_my_usbtable.o(.data)
    u8_HID_Custom_Descriptor                 0x20010875   Data         128  pe_my_usbtable.o(.data)
    g_Configuration                          0x200108f8   Data           1  pe_usb.o(.data)
    g_HIDReady                               0x200108f9   Data           1  pe_usb.o(.data)
    g_PenEventNum                            0x200108fa   Data           1  pe_usb.o(.data)
    g_usRegAddr                              0x200108fc   Data           2  pe_usb.o(.data)
    g_ScanTime                               0x20010900   Data           4  pe_usb.o(.data)
    HID_PEN_X                                0x20010904   Data           4  pe_usb.o(.data)
    HID_PEN_Y                                0x20010908   Data           4  pe_usb.o(.data)
    HID_PEN_STATUS                           0x2001090c   Data           4  pe_usb.o(.data)
    g_Full                                   0x20010910   Data           4  pe_usb.o(.data)
    rmi_read_ptr                             0x20010914   Data           4  pe_usb.o(.data)
    rmi_write_ptr                            0x20010918   Data           4  pe_usb.o(.data)
    protocol_sent_byte                       0x2001091c   Data           4  pe_usb.o(.data)
    protocol_received_byte                   0x20010920   Data           4  pe_usb.o(.data)
    hid_index                                0x20010928   Data           4  pe_usb.o(.data)
    g_StartTime                              0x20010930   Data           8  pe_usb.o(.data)
    gucOverlapFPend                          0x20010938   Data           1  module.o(.data)
    gLocalTypeFlag                           0x20010939   Data           1  module.o(.data)
    _GPIO                                    0x20010948   Data           4  module.o(.data)
    Fncp_ROIC_Reset                          0x20010974   Data           4  sric.o(.data)
    Fncp_ROIC_RegisterInit                   0x20010978   Data           4  sric.o(.data)
    Fncp_ROIC_Run                            0x2001097c   Data           4  sric.o(.data)
    Fncp_ROIC_SetLocalIndex                  0x20010980   Data           4  sric.o(.data)
    Fncp_ROIC_IdleOperation                  0x20010984   Data           4  sric.o(.data)
    Fncp_ROIC_ActiveOperation                0x20010988   Data           4  sric.o(.data)
    Fncp_ROIC_SetRuntimeChangeRegigster      0x2001098c   Data           4  sric.o(.data)
    Fncp_ROIC_DiagTestOperation              0x20010990   Data           4  sric.o(.data)
    s_pktmoduleSRICCommonConf                0x20010994   Data           4  roic_ctrl_sw92513.o(.data)
    tIdle_CH_MUX_NUM                         0x20010998   Data           4  roic_ctrl_sw92513.o(.data)
    tIdle_FIG_MUX_CFG_00                     0x2001099c   Data           4  roic_ctrl_sw92513.o(.data)
    tIdle_PWM_FIG_CTL                        0x200109a0   Data           4  roic_ctrl_sw92513.o(.data)
    tIdle_R0_LHB_MUX_CTL                     0x200109a4   Data           4  roic_ctrl_sw92513.o(.data)
    tIdle_R1_LHB_MUX_CTL                     0x200109a8   Data           4  roic_ctrl_sw92513.o(.data)
    tIdle_SMPL_CTL                           0x200109ac   Data           4  roic_ctrl_sw92513.o(.data)
    tSW92513_HoppFreq_AFEReg_CFG             0x200109b0   Data          88  roic_ctrl_sw92513.o(.data)
    t_IDLE_R0_CR_GTUNE1                      0x20010a08   Data          24  roic_ctrl_sw92513.o(.data)
    t_IDLE_R1_CR_GTUNE1                      0x20010a20   Data          24  roic_ctrl_sw92513.o(.data)
    tIDLE_R0_CR_R1G_MUX1_2                   0x20010a38   Data          16  roic_ctrl_sw92513.o(.data)
    tIDLE_R0_CR_R2G_MUX1_2                   0x20010a48   Data          24  roic_ctrl_sw92513.o(.data)
    tIDLE_R0_CR_R3G_MUX1_2                   0x20010a60   Data          24  roic_ctrl_sw92513.o(.data)
    tIDLE_R1_CR_R1G_MUX1_2                   0x20010a78   Data          24  roic_ctrl_sw92513.o(.data)
    tIDLE_R1_CR_R2G_MUX1_2                   0x20010a90   Data          24  roic_ctrl_sw92513.o(.data)
    tIDLE_R1_CR_R3G_MUX1_2                   0x20010aa8   Data          24  roic_ctrl_sw92513.o(.data)
    vtProtocolBufferPointers                 0x20010ac0   Data           8  protocol.o(.data)
    ktProtocolGetter                         0x20010ac8   Data           2  protocol.o(.data)
    tProtocolCtrl                            0x20010aca   Data           8  protocol.o(.data)
    protocol_Init                            0x20010ad4   Data           4  protocol.o(.data)
    protocol_GetMappedPointer                0x20010ad8   Data           4  protocol.o(.data)
    protocol_ClearInterrupt                  0x20010adc   Data           4  protocol.o(.data)
    tProtocolImage                           0x20010af5   Data          20  protocol_log.o(.data)
    tProtocolLog                             0x20010b09   Data          12  protocol_log.o(.data)
    s_ptParamFixedMainSet                    0x20010c80   Data           4  param.o(.data)
    s_ptParamPreMainSet                      0x20010c84   Data           4  param.o(.data)
    sLFOffsetRow                             0x20010c90   Data          96  algorithm.o(.bss)
    gvsCurrentCheckRawData_AFE_1             0x20010cf0   Data         160  algorithm.o(.bss)
    gvsCurrentCheckRawData_AFE_2             0x20010d90   Data         160  algorithm.o(.bss)
    gvsPastCheckRawData_AFE_1                0x20010e30   Data         160  algorithm.o(.bss)
    gvsPastCheckRawData_AFE_2                0x20010ed0   Data         160  algorithm.o(.bss)
    sLFOffsetCol                             0x20011006   Data         168  algorithm.o(.bss)
    FirstTouchEnable                         0x200110ae   Data          16  algorithm_coord.o(.bss)
    ProjectionEnable                         0x200110be   Data          16  algorithm_coord.o(.bss)
    IIRProjectionVector                      0x200110ce   Data          80  algorithm_coord.o(.bss)
    PalmRectEnable                           0x2001111e   Data          10  algorithm_label.o(.bss)
    PalmRect                                 0x20011128   Data          40  algorithm_label.o(.bss)
    split_buf                                0x20011150   Data         200  algorithm_label.o(.bss)
    split_pos                                0x20011218   Data         400  algorithm_label.o(.bss)
    tHalIntrHandle                           0x200113a8   Data          44  hal.o(.bss)
    FullSharedBuff                           0x200113d4   Data       78624  memory_pool.o(.bss)
    DspA_LF_ArrayS32_1                       0x200246f4   Data          32  memory_pool.o(.bss)
    g_FeatureData                            0x20024714   Data          61  i2c.o(.bss)
    g_RxCommand                              0x20024751   Data         100  i2c.o(.bss)
    g_I2CHidDescriptor                       0x200247b5   Data          28  i2c.o(.bss)
    g_HID_ReportDesc_Temp                    0x200247d1   Data        1026  i2c.o(.bss)
    g_Common_I2C                             0x20024bd3   Data          66  i2c.o(.bss)
    g_CustomBuffer_I2C                       0x20024c15   Data          66  i2c.o(.bss)
    tDSPAOutPutInfo                          0x20024c58   Data          60  dspa.o(.bss)
    ulTimerIRQHandle                         0x20024c94   Data          32  timer.o(.bss)
    g_TouchTip                               0x20024cb4   Data          11  pe_usb.o(.bss)
    HID_id                                   0x20024cc0   Data          40  pe_usb.o(.bss)
    HID_x                                    0x20024ce8   Data          40  pe_usb.o(.bss)
    HID_y                                    0x20024d10   Data          40  pe_usb.o(.bss)
    HID_status                               0x20024d38   Data          40  pe_usb.o(.bss)
    g_Queue_Common                           0x20024d60   Data        1991  pe_usb.o(.bss)
    gbIrqFlag                                0x20025527   Data          10  module.o(.bss)
    ktProtocolSetter                         0x20025531   Data          20  protocol.o(.bss)
    ptPacketInfoQueue                        0x200255b2   Data         462  protocol_swip.o(.bss)
    __libspace_start                         0x20028658   Data          96  libspace.o(.bss)
    __temporary_stack_top$libspace           0x200286b8   Data           0  libspace.o(.bss)



==============================================================================

Memory Map of the image

  Image Entry point : 0x0000331d

  Load Region LOAD_REGION (Base: 0x00003000, Size: 0x000142cc, Max: 0x0001c400, ABSOLUTE, COMPRESSED[0x00012830])

    Execution Region APP_CODE (Base: 0x00003000, Size: 0x0000031c, Max: 0x0001c400, ABSOLUTE)

    Base Addr    Size         Type   Attr      Idx    E Section Name        Object

    0x00003000   0x000000d8   Data   RO         1916    VECTOR              startup.o
    0x000030d8   0x00000040   Code   RO         1917    .text               startup.o
    0x00003118   0x00000204   Code   RO            4    APP                 app.o


    Execution Region APP_CODE2 (Base: 0x0000331c, Size: 0x00012054, Max: 0xffffffff, ABSOLUTE, FIXED)

    Base Addr    Size         Type   Attr      Idx    E Section Name        Object

    0x0000331c   0x00000008   Code   RO         4482  * !!!main             c_wu.l(__main.o)
    0x00003324   0x00000034   Code   RO         4762    !!!scatter          c_wu.l(__scatter.o)
    0x00003358   0x0000005a   Code   RO         4760    !!dczerorl2         c_wu.l(__dczerorl2.o)
    0x000033b2   0x00000002   PAD
    0x000033b4   0x0000001c   Code   RO         4764    !!handler_zi        c_wu.l(__scatter_zi.o)
    0x000033d0   0x00000002   Code   RO         4697    .ARM.Collect$$libinit$$00000000  c_wu.l(libinit.o)
    0x000033d2   0x00000000   Code   RO         4569    .ARM.Collect$$libinit$$00000002  c_wu.l(libinit2.o)
    0x000033d2   0x00000000   Code   RO         4571    .ARM.Collect$$libinit$$00000004  c_wu.l(libinit2.o)
    0x000033d2   0x00000008   Code   RO         4572    .ARM.Collect$$libinit$$00000005  c_wu.l(libinit2.o)
    0x000033da   0x00000000   Code   RO         4574    .ARM.Collect$$libinit$$0000000A  c_wu.l(libinit2.o)
    0x000033da   0x00000000   Code   RO         4576    .ARM.Collect$$libinit$$0000000C  c_wu.l(libinit2.o)
    0x000033da   0x00000000   Code   RO         4578    .ARM.Collect$$libinit$$0000000E  c_wu.l(libinit2.o)
    0x000033da   0x00000000   Code   RO         4581    .ARM.Collect$$libinit$$00000011  c_wu.l(libinit2.o)
    0x000033da   0x00000000   Code   RO         4583    .ARM.Collect$$libinit$$00000013  c_wu.l(libinit2.o)
    0x000033da   0x00000000   Code   RO         4585    .ARM.Collect$$libinit$$00000015  c_wu.l(libinit2.o)
    0x000033da   0x00000000   Code   RO         4587    .ARM.Collect$$libinit$$00000017  c_wu.l(libinit2.o)
    0x000033da   0x00000000   Code   RO         4589    .ARM.Collect$$libinit$$00000019  c_wu.l(libinit2.o)
    0x000033da   0x00000000   Code   RO         4591    .ARM.Collect$$libinit$$0000001B  c_wu.l(libinit2.o)
    0x000033da   0x00000000   Code   RO         4593    .ARM.Collect$$libinit$$0000001D  c_wu.l(libinit2.o)
    0x000033da   0x00000000   Code   RO         4595    .ARM.Collect$$libinit$$0000001F  c_wu.l(libinit2.o)
    0x000033da   0x00000000   Code   RO         4597    .ARM.Collect$$libinit$$00000021  c_wu.l(libinit2.o)
    0x000033da   0x00000000   Code   RO         4599    .ARM.Collect$$libinit$$00000023  c_wu.l(libinit2.o)
    0x000033da   0x00000000   Code   RO         4601    .ARM.Collect$$libinit$$00000025  c_wu.l(libinit2.o)
    0x000033da   0x00000000   Code   RO         4605    .ARM.Collect$$libinit$$0000002C  c_wu.l(libinit2.o)
    0x000033da   0x00000000   Code   RO         4607    .ARM.Collect$$libinit$$0000002E  c_wu.l(libinit2.o)
    0x000033da   0x00000000   Code   RO         4609    .ARM.Collect$$libinit$$00000030  c_wu.l(libinit2.o)
    0x000033da   0x00000000   Code   RO         4611    .ARM.Collect$$libinit$$00000032  c_wu.l(libinit2.o)
    0x000033da   0x00000002   Code   RO         4612    .ARM.Collect$$libinit$$00000033  c_wu.l(libinit2.o)
    0x000033dc   0x00000002   Code   RO         4757    .ARM.Collect$$libshutdown$$00000000  c_wu.l(libshutdown.o)
    0x000033de   0x00000000   Code   RO         4715    .ARM.Collect$$libshutdown$$00000002  c_wu.l(libshutdown2.o)
    0x000033de   0x00000000   Code   RO         4717    .ARM.Collect$$libshutdown$$00000004  c_wu.l(libshutdown2.o)
    0x000033de   0x00000000   Code   RO         4720    .ARM.Collect$$libshutdown$$00000007  c_wu.l(libshutdown2.o)
    0x000033de   0x00000000   Code   RO         4723    .ARM.Collect$$libshutdown$$0000000A  c_wu.l(libshutdown2.o)
    0x000033de   0x00000000   Code   RO         4725    .ARM.Collect$$libshutdown$$0000000C  c_wu.l(libshutdown2.o)
    0x000033de   0x00000000   Code   RO         4728    .ARM.Collect$$libshutdown$$0000000F  c_wu.l(libshutdown2.o)
    0x000033de   0x00000002   Code   RO         4729    .ARM.Collect$$libshutdown$$00000010  c_wu.l(libshutdown2.o)
    0x000033e0   0x00000000   Code   RO         4528    .ARM.Collect$$rtentry$$00000000  c_wu.l(__rtentry.o)
    0x000033e0   0x00000000   Code   RO         4632    .ARM.Collect$$rtentry$$00000002  c_wu.l(__rtentry2.o)
    0x000033e0   0x00000006   Code   RO         4644    .ARM.Collect$$rtentry$$00000004  c_wu.l(__rtentry4.o)
    0x000033e6   0x00000000   Code   RO         4634    .ARM.Collect$$rtentry$$00000009  c_wu.l(__rtentry2.o)
    0x000033e6   0x00000004   Code   RO         4635    .ARM.Collect$$rtentry$$0000000A  c_wu.l(__rtentry2.o)
    0x000033ea   0x00000000   Code   RO         4637    .ARM.Collect$$rtentry$$0000000C  c_wu.l(__rtentry2.o)
    0x000033ea   0x00000008   Code   RO         4638    .ARM.Collect$$rtentry$$0000000D  c_wu.l(__rtentry2.o)
    0x000033f2   0x00000002   Code   RO         4702    .ARM.Collect$$rtexit$$00000000  c_wu.l(rtexit.o)
    0x000033f4   0x00000000   Code   RO         4733    .ARM.Collect$$rtexit$$00000002  c_wu.l(rtexit2.o)
    0x000033f4   0x00000004   Code   RO         4734    .ARM.Collect$$rtexit$$00000003  c_wu.l(rtexit2.o)
    0x000033f8   0x00000006   Code   RO         4735    .ARM.Collect$$rtexit$$00000004  c_wu.l(rtexit2.o)
    0x000033fe   0x00000002   PAD
    0x00003400   0x00000000   Code   RO         4650    .emb_text           c_wu.l(maybetermalloc1.o)
    0x00003400   0x0000005e   Code   RO         4414    .text               c_wu.l(h1_alloc.o)
    0x0000345e   0x000000ee   Code   RO         4468    .text               c_wu.l(lludivv7m.o)
    0x0000354c   0x00000048   Code   RO         4470    .text               c_wu.l(llsdiv.o)
    0x00003594   0x0000008a   Code   RO         4472    .text               c_wu.l(rt_memcpy_v6.o)
    0x0000361e   0x00000010   Code   RO         4474    .text               c_wu.l(aeabi_memset.o)
    0x0000362e   0x00000044   Code   RO         4476    .text               c_wu.l(rt_memclr.o)
    0x00003672   0x0000004e   Code   RO         4478    .text               c_wu.l(rt_memclr_w.o)
    0x000036c0   0x00000006   Code   RO         4480    .text               c_wu.l(heapauxi.o)
    0x000036c6   0x00000002   PAD
    0x000036c8   0x00000008   Code   RO         4536    .text               c_wu.l(rt_heap_descriptor_intlibspace.o)
    0x000036d0   0x00000004   Code   RO         4538    .text               c_wu.l(hguard.o)
    0x000036d4   0x0000008a   Code   RO         4540    .text               c_wu.l(init_alloc.o)
    0x0000375e   0x0000000e   Code   RO         4546    .text               c_wu.l(h1_init.o)
    0x0000376c   0x0000004e   Code   RO         4548    .text               c_wu.l(h1_free.o)
    0x000037ba   0x00000064   Code   RO         4564    .text               c_wu.l(rt_memcpy_w.o)
    0x0000381e   0x00000002   PAD
    0x00003820   0x00000008   Code   RO         4628    .text               c_wu.l(libspace.o)
    0x00003828   0x00000034   Code   RO         4652    .text               c_wu.l(h1_extend.o)
    0x0000385c   0x0000000e   Code   RO         4656    .text               c_wu.l(defsig_rtmem_outer.o)
    0x0000386a   0x00000002   Code   RO         4669    .text               c_wu.l(use_no_semi.o)
    0x0000386c   0x00000000   Code   RO         4671    .text               c_wu.l(indicate_semi.o)
    0x0000386c   0x0000004a   Code   RO         4672    .text               c_wu.l(sys_stackheap_outer.o)
    0x000038b6   0x00000012   Code   RO         4678    .text               c_wu.l(exit.o)
    0x000038c8   0x0000000a   Code   RO         4680    .text               c_wu.l(defsig_exit.o)
    0x000038d2   0x00000002   PAD
    0x000038d4   0x00000050   Code   RO         4686    .text               c_wu.l(defsig_rtmem_inner.o)
    0x00003924   0x0000000c   Code   RO         4700    .text               c_wu.l(sys_exit.o)
    0x00003930   0x00000032   Code   RO         4710    .text               c_wu.l(defsig_general.o)
    0x00003962   0x0000000e   Code   RO         4730    .text               c_wu.l(sys_wrch.o)
    0x00003970   0x00000388   Code   RO         2423    i.DSPA_CalculateDelta_Process  dspa.o
    0x00003cf8   0x0000003c   Code   RO         2424    i.DSPA_Initialize   dspa.o
    0x00003d34   0x000000a0   Code   RO         2428    i.DSPA_WaitForIrq   dspa.o
    0x00003dd4   0x00000030   Code   RO         2430    i.DSP_A_InterruptHandler  dspa.o
    0x00003e04   0x00000020   Code   RO         2547    i.DSP_B_InterruptHandler  dsp_b.o
    0x00003e24   0x00000030   Code   RO         2868    i.FLITF_Calc32bitCheckSum  flitf.o
    0x00003e54   0x000000cc   Code   RO         2869    i.FLITF_CheckTrimInfoSectionIntegrity  flitf.o
    0x00003f20   0x0000007c   Code   RO         2870    i.FLITF_EnsureBootInterfaceCodeFlashIntegrity  flitf.o
    0x00003f9c   0x00000078   Code   RO         2871    i.FLITF_FlashInformationRegionWriteOperation  flitf.o
    0x00004014   0x0000001e   Code   RO         1924    i.GPIOA_InterruptHandler  gpio.o
    0x00004032   0x0000001e   Code   RO         1925    i.GPIOM_InterruptHandler  gpio.o
    0x00004050   0x0000007e   Code   RO         1926    i.GPIO_Get_IN       gpio.o
    0x000040ce   0x0000007e   Code   RO         1927    i.GPIO_Get_OUT      gpio.o
    0x0000414c   0x0000002e   Code   RO         1928    i.GPIO_Init         gpio.o
    0x0000417a   0x00000002   PAD
    0x0000417c   0x00000020   Code   RO         1929    i.GPIO_Initialize   gpio.o
    0x0000419c   0x000000b4   Code   RO         1930    i.GPIO_Set_DATA     gpio.o
    0x00004250   0x000000e2   Code   RO         1931    i.GPIO_Set_DS       gpio.o
    0x00004332   0x000000b4   Code   RO         1932    i.GPIO_Set_Dir      gpio.o
    0x000043e6   0x000000e2   Code   RO         1934    i.GPIO_Set_Mode     gpio.o
    0x000044c8   0x000000e2   Code   RO         1935    i.GPIO_Set_PE       gpio.o
    0x000045aa   0x0000001a   Code   RO         1936    i.GPIO_Toggle       gpio.o
    0x000045c4   0x00000098   Code   RO         1344    i.HAL_CheckBootInterfaceInfoOnSecurityRegion  hal.o
    0x0000465c   0x00000100   Code   RO         1345    i.HAL_CheckSensningModeChange  hal.o
    0x0000475c   0x00000018   Code   RO         1346    i.HAL_ConfigInit    hal.o
    0x00004774   0x00000014   Code   RO         1347    i.HAL_ECLK_Off      hal.o
    0x00004788   0x00000014   Code   RO         1348    i.HAL_ECLK_On       hal.o
    0x0000479c   0x0000003c   Code   RO         1349    i.HAL_GetBaseImagePointer  hal.o
    0x000047d8   0x00000020   Code   RO         1351    i.HAL_GetECLKOnOffControl  hal.o
    0x000047f8   0x00000020   Code   RO         1352    i.HAL_GetHoppBaselineContinueEnControl  hal.o
    0x00004818   0x0000000c   Code   RO         1354    i.HAL_GetSensingChangeMode  hal.o
    0x00004824   0x0000000c   Code   RO         1355    i.HAL_GetSensingMode  hal.o
    0x00004830   0x00000020   Code   RO         1356    i.HAL_GetTPICMuxEnControl  hal.o
    0x00004850   0x00000020   Code   RO         1357    i.HAL_GetTouchReportEnControl  hal.o
    0x00004870   0x00000010   Code   RO         1358    i.HAL_Initialize    hal.o
    0x00004880   0x0000001c   Code   RO         1794    i.HAL_PendSVHandlerInitialize  interrupt.o
    0x0000489c   0x00000030   Code   RO         1359    i.HAL_SetDiagTestSensingChangeMode  hal.o
    0x000048cc   0x00000030   Code   RO         1360    i.HAL_SetECLKOnOffControl  hal.o
    0x000048fc   0x00000018   Code   RO         1361    i.HAL_SetHoppBaselineContinueEnControl  hal.o
    0x00004914   0x0000002c   Code   RO         1363    i.HAL_SetSensingChangeMode  hal.o
    0x00004940   0x00000038   Code   RO         1365    i.HAL_SetTPICMuxEnControl  hal.o
    0x00004978   0x00000018   Code   RO         1366    i.HAL_SetTouchReportEnControl  hal.o
    0x00004990   0x0000000e   Code   RO         2355    i.Hal_Kick_DOG      wdgt.o
    0x0000499e   0x0000000e   Code   RO         2356    i.Hal_Long_Kick_DOG  wdgt.o
    0x000049ac   0x00000228   Code   RO         1367    i.Hal_VccOff_State  hal.o
    0x00004bd4   0x00000038   Code   RO         2357    i.Hal_WDT_DeInit    wdgt.o
    0x00004c0c   0x0000005c   Code   RO         2358    i.Hal_WDT_ForceReset  wdgt.o
    0x00004c68   0x0000005c   Code   RO         2359    i.Hal_WDT_Init      wdgt.o
    0x00004cc4   0x000000e8   Code   RO         1368    i.Hal_sric_start    hal.o
    0x00004dac   0x00000002   Code   RO         1795    i.HardFault_Handler  interrupt.o
    0x00004dae   0x00000002   PAD
    0x00004db0   0x00000068   Code   RO         2945    i.HidReadWrite__Read_I2C  pe_usb.o
    0x00004e18   0x00000058   Code   RO         2946    i.HidReadWrite__Write  pe_usb.o
    0x00004e70   0x00000114   Code   RO         2024    i.I2C_Initialize    i2c.o
    0x00004f84   0x000004e8   Code   RO         2025    i.I2C_InterruptHandler  i2c.o
    0x0000546c   0x00000030   Code   RO         3167    i.MODULE_Initialize  module.o
    0x0000549c   0x0000000e   Code   RO         2259    i.MSPI_Cmd          mspi.o
    0x000054aa   0x000004d0   Code   RO         2260    i.MSPI_GPIO_Init    mspi.o
    0x0000597a   0x00000002   PAD
    0x0000597c   0x00000028   Code   RO         2261    i.MSPI_ITConfig     mspi.o
    0x000059a4   0x0000006c   Code   RO         2262    i.MSPI_Initialize   mspi.o
    0x00005a10   0x0000014c   Code   RO         2264    i.MSPI_InterruptHandler  mspi.o
    0x00005b5c   0x00000184   Code   RO         2265    i.MSPI_RegisterMultiWrite  mspi.o
    0x00005ce0   0x00000120   Code   RO         2267    i.MSPI_RegisterWrite  mspi.o
    0x00005e00   0x0000029c   Code   RO         2268    i.MSPI_Set_AITMODE  mspi.o
    0x0000609c   0x00000044   Code   RO         2269    i.MSPI_Set_BUFSIZE_FingerPenMode  mspi.o
    0x000060e0   0x000000ac   Code   RO         2270    i.MSPI_Set_TLPMODE  mspi.o
    0x0000618c   0x00000010   Code   RO         4298    i.PARAM_GetMode     param.o
    0x0000619c   0x0000000c   Code   RO         4299    i.PARAM_GetPreMainSet  param.o
    0x000061a8   0x00000024   Code   RO         4300    i.PARAM_InitConfig  param.o
    0x000061cc   0x00000064   Code   RO         4301    i.PARAM_Initialize  param.o
    0x00006230   0x0000000c   Code   RO         4303    i.PARAM_SetMode     param.o
    0x0000623c   0x0000001c   Code   RO         2155    i.PWMDRV_Cmd        pwmdrv.o
    0x00006258   0x00000054   Code   RO         2156    i.PWMDRV_FullScanIdleModeSetting  pwmdrv.o
    0x000062ac   0x00000086   Code   RO         2158    i.PWMDRV_ITConfig   pwmdrv.o
    0x00006332   0x00000002   PAD
    0x00006334   0x000001cc   Code   RO         2159    i.PWMDRV_Init       pwmdrv.o
    0x00006500   0x0000005a   Code   RO         2161    i.PWMDRV_PWM_Out_InterruptHandler  pwmdrv.o
    0x0000655a   0x00000002   PAD
    0x0000655c   0x00000464   Code   RO         2162    i.PWMDRV_RegisterInit  pwmdrv.o
    0x000069c0   0x00000254   Code   RO         2165    i.PWMDRV_TSync_In_InterruptHandler  pwmdrv.o
    0x00006c14   0x00000048   Code   RO         2166    i.PWMDRV_TSync_Out_InterruptHandler  pwmdrv.o
    0x00006c5c   0x00000030   Code   RO         2167    i.PWMDRV_VSync_In_InterruptHandler  pwmdrv.o
    0x00006c8c   0x00000004   Code   RO         1796    i.PendSV_InterruptHandler  interrupt.o
    0x00006c90   0x0000003c   Code   RO         2947    i.Protocol_hid_FromDeviceToHost  pe_usb.o
    0x00006ccc   0x00000010   Code   RO         2948    i.Protocol_hid_Init  pe_usb.o
    0x00006cdc   0x0000001c   Code   RO         2949    i.Protocol_hid__FromHostToDevice  pe_usb.o
    0x00006cf8   0x00000028   Code   RO         2950    i.Protocol_hid__SetAddress  pe_usb.o
    0x00006d20   0x00000114   Code   RO         2028    i.QueueCommonData_I2C  i2c.o
    0x00006e34   0x000002f8   Code   RO         2715    i.SCRB_Initialize   scrb.o
    0x0000712c   0x0000000e   Code   RO         2718    i.SCRB_Remap_And_Reset  scrb.o
    0x0000713a   0x00000002   PAD
    0x0000713c   0x00000050   Code   RO         3450    i.SRIC_Initialize   sric.o
    0x0000718c   0x0000000c   Code   RO         3451    i.SRIC_RegisterInit  sric.o
    0x00007198   0x0000000c   Code   RO         3452    i.SRIC_Reset        sric.o
    0x000071a4   0x0000000c   Code   RO         3453    i.SRIC_Run          sric.o
    0x000071b0   0x00000020   Code   RO         3455    i.SRIC_SetDiagTestOperationMode  sric.o
    0x000071d0   0x00000020   Code   RO         3458    i.SRIC_SetRuntimeChangeRegister  sric.o
    0x000071f0   0x00000010   Code   RO         3803    i.SW92513_Initialize  roic_ctrl_sw92513.o
    0x00007200   0x000001c4   Code   RO         3804    i.SW92513_Reg_AFESetting  roic_ctrl_sw92513.o
    0x000073c4   0x000001f0   Code   RO         3805    i.SW92513_Reg_CRTuneSetting  roic_ctrl_sw92513.o
    0x000075b4   0x00000500   Code   RO         3806    i.SW92513_RegisterInit  roic_ctrl_sw92513.o
    0x00007ab4   0x00000056   Code   RO         3807    i.SW92513_Reset     roic_ctrl_sw92513.o
    0x00007b0a   0x00000002   PAD
    0x00007b0c   0x00000054   Code   RO         3808    i.SW92513_Run       roic_ctrl_sw92513.o
    0x00007b60   0x00000002   Code   RO         3809    i.SW92513_SetActiveOperationMode  roic_ctrl_sw92513.o
    0x00007b62   0x00000002   PAD
    0x00007b64   0x00001148   Code   RO         3810    i.SW92513_SetDiagTestOperationMode  roic_ctrl_sw92513.o
    0x00008cac   0x00000002   Code   RO         3811    i.SW92513_SetIdleOperationMode  roic_ctrl_sw92513.o
    0x00008cae   0x00000002   Code   RO         3812    i.SW92513_SetLocalIndex  roic_ctrl_sw92513.o
    0x00008cb0   0x000002bc   Code   RO         3813    i.SW92513_SetRuntimeChangeRegister  roic_ctrl_sw92513.o
    0x00008f6c   0x00000038   Code   RO         2030    i.SendCustomData_I2C  i2c.o
    0x00008fa4   0x00000248   Code   RO         2958    i.SendTouchData     pe_usb.o
    0x000091ec   0x00000034   Code   RO         2031    i.SendTouchData_I2C  i2c.o
    0x00009220   0x00000030   Code   RO         1797    i.SensingBufferInit  interrupt.o
    0x00009250   0x00000012   Code   RO         2960    i.StaticQueue_CheckEmpty  pe_usb.o
    0x00009262   0x00000002   PAD
    0x00009264   0x00000020   Code   RO         2961    i.StaticQueue_CheckFull  pe_usb.o
    0x00009284   0x00000026   Code   RO         2962    i.StaticQueue_CheckInit  pe_usb.o
    0x000092aa   0x00000042   Code   RO         2964    i.StaticQueue_HeadDelete  pe_usb.o
    0x000092ec   0x00000038   Code   RO         2965    i.StaticQueue_Init  pe_usb.o
    0x00009324   0x0000005e   Code   RO         2966    i.StaticQueue_Pop   pe_usb.o
    0x00009382   0x0000005a   Code   RO         2967    i.StaticQueue_Push  pe_usb.o
    0x000093dc   0x0000007c   Code   RO         2629    i.TIMER_Initialize  timer.o
    0x00009458   0x0000007c   Code   RO         2630    i.TIMER_InterruptHandler  timer.o
    0x000094d4   0x000000cc   Code   RO         2633    i.TIMER_SetPeriodicMode  timer.o
    0x000095a0   0x000000a0   Code   RO         2634    i.TIMER_StartTimer  timer.o
    0x00009640   0x0000001c   Code   RO         2764    i.TimerTick_GetIdleModeCheckTimeSec  timer_tick.o
    0x0000965c   0x00000038   Code   RO         2765    i.TimerTick_Initialize  timer_tick.o
    0x00009694   0x00000020   Code   RO         2766    i.TimerTick_InterruptHandler  timer_tick.o
    0x000096b4   0x0000000c   Code   RO         2767    i.TimerTick_ResetIdleModeCheckTime  timer_tick.o
    0x000096c0   0x0000002c   Code   RO         2968    i.USB_DevInit       pe_usb.o
    0x000096ec   0x00000048   Code   RO         2362    i.WDGT_InterruptHandler  wdgt.o
    0x00009734   0x0000000a   Code   RO          790    i.__ARM_common_memclr4_10  algorithm.o
    0x0000973e   0x00000002   PAD
    0x00009740   0x00000080   Code   RO          662    i.algorithm_CheckFingerIdleModeControl  algorithm.o
    0x000097c0   0x000000b4   Code   RO         1285    i.algorithm_Check_FreqHopping  algorithm_noise.o
    0x00009874   0x00000064   Code   RO          663    i.algorithm_Check_Mux_Delta  algorithm.o
    0x000098d8   0x0000000c   Code   RO          799    i.algorithm_GetCommonConfig  algorithm_conf.o
    0x000098e4   0x0000000c   Code   RO          800    i.algorithm_GetInfo  algorithm_conf.o
    0x000098f0   0x0000000c   Code   RO          801    i.algorithm_GetModeConfig  algorithm_conf.o
    0x000098fc   0x00000314   Code   RO          664    i.algorithm_PendTouchEvent  algorithm.o
    0x00009c10   0x0000000c   Code   RO          802    i.algorithm_SetCommonConfig  algorithm_conf.o
    0x00009c1c   0x0000000c   Code   RO          803    i.algorithm_SetModeConfig  algorithm_conf.o
    0x00009c28   0x000002d0   Code   RO          876    i.algorithm_baseline_calculate_delta  algorithm_baseline.o
    0x00009ef8   0x00000098   Code   RO         2431    i.algorithm_baseline_calculate_delta_dspA  dspa.o
    0x00009f90   0x00000210   Code   RO          877    i.algorithm_baseline_calculate_delta_idle  algorithm_baseline.o
    0x0000a1a0   0x00000050   Code   RO          879    i.algorithm_baseline_init  algorithm_baseline.o
    0x0000a1f0   0x00000018   Code   RO          881    i.algorithm_baseline_init_param  algorithm_baseline.o
    0x0000a208   0x0000010c   Code   RO          882    i.algorithm_baseline_tracking_continuous  algorithm_baseline.o
    0x0000a314   0x00000084   Code   RO          883    i.algorithm_baseline_tracking_continuous_idle  algorithm_baseline.o
    0x0000a398   0x00000124   Code   RO          884    i.algorithm_baseline_tracking_initial  algorithm_baseline.o
    0x0000a4bc   0x000000b0   Code   RO          885    i.algorithm_baseline_tracking_initial_idle  algorithm_baseline.o
    0x0000a56c   0x0000007c   Code   RO          666    i.algorithm_calc_sqrt  algorithm.o
    0x0000a5e8   0x00000604   Code   RO          964    i.algorithm_coord_EdgeExpand_BigFinger  algorithm_coord.o
    0x0000abec   0x00000058   Code   RO          965    i.algorithm_coord_IsEdgeArea  algorithm_coord.o
    0x0000ac44   0x00000244   Code   RO          967    i.algorithm_coord_OutInDrawing  algorithm_coord.o
    0x0000ae88   0x00000590   Code   RO          969    i.algorithm_coord_PostProcess_1  algorithm_coord.o
    0x0000b418   0x00000144   Code   RO          970    i.algorithm_coord_UpdatePosHistoryInfo  algorithm_coord.o
    0x0000b55c   0x00000010   Code   RO          972    i.algorithm_coord_calc_distance  algorithm_coord.o
    0x0000b56c   0x0000011c   Code   RO          973    i.algorithm_coord_calc_pos  algorithm_coord.o
    0x0000b688   0x0000015c   Code   RO          976    i.algorithm_coord_init  algorithm_coord.o
    0x0000b7e4   0x00000010   Code   RO          977    i.algorithm_coord_init_param  algorithm_coord.o
    0x0000b7f4   0x000000dc   Code   RO          978    i.algorithm_coord_initialise_pos_buffer  algorithm_coord.o
    0x0000b8d0   0x0000003c   Code   RO          979    i.algorithm_coord_process  algorithm_coord.o
    0x0000b90c   0x00000740   Code   RO          980    i.algorithm_coord_smoothing_pos  algorithm_coord.o
    0x0000c04c   0x000012f8   Code   RO          981    i.algorithm_coord_tracking_pos  algorithm_coord.o
    0x0000d344   0x00000078   Code   RO          668    i.algorithm_init    algorithm.o
    0x0000d3bc   0x0000003c   Code   RO         2433    i.algorithm_init_dspA  dspa.o
    0x0000d3f8   0x0000009c   Code   RO         1124    i.algorithm_label_Add_NewNode_to_LabelRecord  algorithm_label.o
    0x0000d494   0x000003e4   Code   RO          982    i.algorithm_label_EdgeExpand_Finger  algorithm_coord.o
    0x0000d878   0x00000274   Code   RO         1125    i.algorithm_label_GetConflictInfo  algorithm_label.o
    0x0000daec   0x00000080   Code   RO         1126    i.algorithm_label_Insert_NewRecord_to_LabelTable  algorithm_label.o
    0x0000db6c   0x0000015c   Code   RO         1127    i.algorithm_label_MarkBoundary  algorithm_label.o
    0x0000dcc8   0x00000480   Code   RO         1128    i.algorithm_label_Merge  algorithm_label.o
    0x0000e148   0x0000024c   Code   RO         1129    i.algorithm_label_Merge_PostProcess  algorithm_label.o
    0x0000e394   0x00000360   Code   RO         1130    i.algorithm_label_SearchValidArea  algorithm_label.o
    0x0000e6f4   0x00000324   Code   RO         1131    i.algorithm_label_Split  algorithm_label.o
    0x0000ea18   0x000001f8   Code   RO         1132    i.algorithm_label_SplitNMerge_process  algorithm_label.o
    0x0000ec10   0x00000034   Code   RO         1134    i.algorithm_label_init  algorithm_label.o
    0x0000ec44   0x00000010   Code   RO         1135    i.algorithm_label_init_param  algorithm_label.o
    0x0000ec54   0x00000740   Code   RO         1137    i.algorithm_label_palm_rejection  algorithm_label.o
    0x0000f394   0x0000008c   Code   RO         1138    i.algorithm_label_process  algorithm_label.o
    0x0000f420   0x000002ac   Code   RO         1287    i.algorithm_noise_detection_v2  algorithm_noise.o
    0x0000f6cc   0x0000001c   Code   RO         1288    i.algorithm_noise_init  algorithm_noise.o
    0x0000f6e8   0x0000005c   Code   RO         1289    i.algorithm_noise_initialize  algorithm_noise.o
    0x0000f744   0x00000018   Code   RO         1290    i.algorithm_noise_process  algorithm_noise.o
    0x0000f75c   0x0000047e   Code   RO          671    i.algorithm_process  algorithm.o
    0x0000fbda   0x00000002   PAD
    0x0000fbdc   0x00000068   Code   RO          672    i.algorithm_process_Idle  algorithm.o
    0x0000fc44   0x00000536   Code   RO          984    i.alogorithm_coord_modify_pos  algorithm_coord.o
    0x0001017a   0x00000002   PAD
    0x0001017c   0x000001bc   Code   RO          673    i.alogorithm_linefilter_2  algorithm.o
    0x00010338   0x000000c0   Code   RO          674    i.alogorithm_linefilter_idle  algorithm.o
    0x000103f8   0x0000000c   Code   RO          340    i.app_GetCommonConfig  app_conf.o
    0x00010404   0x0000000c   Code   RO          342    i.app_GetInfo       app_conf.o
    0x00010410   0x0000003a   Code   RO          497    i.app_MainProc      app_main.o
    0x0001044a   0x00000002   PAD
    0x0001044c   0x0000000c   Code   RO          344    i.app_SetCommonConfig  app_conf.o
    0x00010458   0x0000000c   Code   RO          345    i.app_SetCurrentSelectFrequency  app_conf.o
    0x00010464   0x0000008c   Code   RO          426    i.app_dfup_oper_handler  app_dfup.o
    0x000104f0   0x0000071c   Code   RO          461    i.app_diag_oper_handler  app_diag.o
    0x00010c0c   0x000002c8   Code   RO          522    i.app_normal_oper_handler  app_normal.o
    0x00010ed4   0x00000080   Code   RO         2771    i.delay_us          timer_tick.o
    0x00010f54   0x00000040   Code   RO         2773    i.getElapsedLongSYSTICK  timer_tick.o
    0x00010f94   0x0000000c   Code   RO         1606    i.hal_GetInfo       hal_conf.o
    0x00010fa0   0x0000000c   Code   RO         1608    i.hal_Info_GetChangeWGPPenBeaconType  hal_conf.o
    0x00010fac   0x00000010   Code   RO         1609    i.hal_Info_GetControlActivePenOPType  hal_conf.o
    0x00010fbc   0x00000010   Code   RO         1612    i.hal_Info_GetControlLocalFingerOPType  hal_conf.o
    0x00010fcc   0x00000010   Code   RO         1614    i.hal_Info_GetPenDectionEnable  hal_conf.o
    0x00010fdc   0x0000000c   Code   RO         1615    i.hal_Info_SetChangeCompleteWGPPenBeaconType  hal_conf.o
    0x00010fe8   0x0000000c   Code   RO         1616    i.hal_Info_SetChangeWGPPenBeaconType  hal_conf.o
    0x00010ff4   0x0000000c   Code   RO         1624    i.hal_SetCommonConfig  hal_conf.o
    0x00011000   0x0000000c   Code   RO         3169    i.hal_clear_irq_flag  module.o
    0x0001100c   0x0000000c   Code   RO         3170    i.hal_clear_overlap_pen  module.o
    0x00011018   0x0000000c   Code   RO         3172    i.hal_get_irq_flag  module.o
    0x00011024   0x0000000c   Code   RO         1625    i.hal_mspi_GetCommonConfig  hal_conf.o
    0x00011030   0x0000000c   Code   RO         1626    i.hal_mspi_GetControlConfig  hal_conf.o
    0x0001103c   0x0000000c   Code   RO         1627    i.hal_pwmdrv_GetCommonConfig  hal_conf.o
    0x00011048   0x0000000c   Code   RO         1628    i.hal_pwmdrv_GetControlConfig  hal_conf.o
    0x00011054   0x0000000c   Code   RO         3175    i.hal_set_irq_flag  module.o
    0x00011060   0x0000000c   Code   RO         3176    i.hal_set_overlap_pen  module.o
    0x0001106c   0x0000002a   Code   RO         1370    i.initBoardGPIO     hal.o
    0x00011096   0x00000002   PAD
    0x00011098   0x00000040   Code   RO         1371    i.initECLK          hal.o
    0x000110d8   0x00000028   Code   RO         2548    i.init_DSP_B        dsp_b.o
    0x00011100   0x00000038   Code   RO            5    i.main              app.o
    0x00011138   0x0000003c   Code   RO         2637    i.medium_delay      timer.o
    0x00011174   0x00000018   Code   RO         3177    i.module_Check_LcdOn  module.o
    0x0001118c   0x0000001c   Code   RO         3178    i.module_Check_SMT_Mode  module.o
    0x000111a8   0x0000001e   Code   RO         3180    i.module_Enter_SMT_Mode  module.o
    0x000111c6   0x00000002   Code   RO         3181    i.module_Exit_SMT_Mode  module.o
    0x000111c8   0x0000000c   Code   RO         3381    i.module_GetCommonConfig  module_conf.o
    0x000111d4   0x0000000c   Code   RO         3382    i.module_GetFixedConfig  module_conf.o
    0x000111e0   0x0000000c   Code   RO         3384    i.module_GetModeConfig  module_conf.o
    0x000111ec   0x00000064   Code   RO         3182    i.module_HW_Init    module.o
    0x00011250   0x00000070   Code   RO         3183    i.module_Init_Signal  module.o
    0x000112c0   0x0000000c   Code   RO         3385    i.module_SRIC_GetCommonConfig  module_conf.o
    0x000112cc   0x0000000c   Code   RO         3386    i.module_SetCommonConfig  module_conf.o
    0x000112d8   0x0000000c   Code   RO         3387    i.module_SetFixedConfig  module_conf.o
    0x000112e4   0x0000000c   Code   RO         3388    i.module_SetModeConfig  module_conf.o
    0x000112f0   0x0000001a   Code   RO         3186    i.module_SignalOut_SMT_Mode  module.o
    0x0001130a   0x0000001a   Code   RO         3187    i.module_Skip_Event  module.o
    0x00011324   0x00000006   Code   RO         3188    i.module_Start      module.o
    0x0001132a   0x00000002   PAD
    0x0001132c   0x00000090   Code   RO         3189    i.module_Stop       module.o
    0x000113bc   0x00000048   Code   RO         3190    i.module_Switch_Freq  module.o
    0x00011404   0x00000014   Code   RO         3191    i.module_Watch_Disable  module.o
    0x00011418   0x00000004   Code   RO         3192    i.module_Watch_Enable  module.o
    0x0001141c   0x0000002c   Code   RO         3195    i.module_start_delay  module.o
    0x00011448   0x000000c8   Code   RO         3196    i.module_wait_NI_sample_done  module.o
    0x00011510   0x0000010c   Code   RO         3198    i.module_wait_full_sample_done  module.o
    0x0001161c   0x0000000c   Code   RO         3932    i.protocol_GetCommonConfig  protocol_conf.o
    0x00011628   0x0000000c   Code   RO         3933    i.protocol_GetInfo  protocol_conf.o
    0x00011634   0x00000084   Code   RO         3971    i.protocol_Log      protocol_log.o
    0x000116b8   0x0000000c   Code   RO         3934    i.protocol_SetCommonConfig  protocol_conf.o
    0x000116c4   0x00000060   Code   RO         2971    i.protocol_hid_PushTouchEvent  pe_usb.o
    0x00011724   0x00000024   Code   RO         3895    i.protocol_init     protocol.o
    0x00011748   0x0000009c   Code   RO         4034    i.protocol_swip_ClearInterrupt  protocol_swip.o
    0x000117e4   0x0000000c   Code   RO         4035    i.protocol_swip_GetABSAvrCount  protocol_swip.o
    0x000117f0   0x0000000c   Code   RO         4037    i.protocol_swip_GetDFUP_Ready  protocol_swip.o
    0x000117fc   0x00000078   Code   RO         4044    i.protocol_swip_GetMappedPointer  protocol_swip.o
    0x00011874   0x0000000c   Code   RO         4045    i.protocol_swip_GetMode  protocol_swip.o
    0x00011880   0x0000000c   Code   RO         4047    i.protocol_swip_GetPacketFormatId  protocol_swip.o
    0x0001188c   0x0000000c   Code   RO         4049    i.protocol_swip_GetTestType  protocol_swip.o
    0x00011898   0x000000c0   Code   RO         4050    i.protocol_swip_Init  protocol_swip.o
    0x00011958   0x00000014   Code   RO         4051    i.protocol_swip_InitTouchEventBuffer  protocol_swip.o
    0x0001196c   0x00000018   Code   RO         4053    i.protocol_swip_PendReadyStatus  protocol_swip.o
    0x00011984   0x00000044   Code   RO         4054    i.protocol_swip_PendTestResult  protocol_swip.o
    0x000119c8   0x00000208   Code   RO         4055    i.protocol_swip_PushTouchEvent  protocol_swip.o
    0x00011bd0   0x00000184   Code   RO         4057    i.protocol_swip_SendTouchEvent  protocol_swip.o
    0x00011d54   0x000000d8   Code   RO         4061    i.protocol_swip_WaitEventInterruptCleared  protocol_swip.o
    0x00011e2c   0x000000c4   Code   RO         4502    x$fpl$fadd          fz_ws.l(faddsub_clz.o)
    0x00011ef0   0x00000184   Code   RO         4509    x$fpl$fdiv          fz_ws.l(fdiv.o)
    0x00012074   0x00000036   Code   RO         4512    x$fpl$ffix          fz_ws.l(ffix.o)
    0x000120aa   0x00000002   PAD
    0x000120ac   0x00000030   Code   RO         4517    x$fpl$fflt          fz_ws.l(fflt_clz.o)
    0x000120dc   0x00000026   Code   RO         4516    x$fpl$ffltu         fz_ws.l(fflt_clz.o)
    0x00012102   0x00000002   PAD
    0x00012104   0x00000102   Code   RO         4522    x$fpl$fmul          fz_ws.l(fmul.o)
    0x00012206   0x0000008c   Code   RO         4621    x$fpl$fnaninf       fz_ws.l(fnaninf.o)
    0x00012292   0x0000000a   Code   RO         4623    x$fpl$fretinf       fz_ws.l(fretinf.o)
    0x0001229c   0x000000ea   Code   RO         4504    x$fpl$fsub          fz_ws.l(faddsub_clz.o)
    0x00012386   0x00000000   Code   RO         4625    x$fpl$usenofp       fz_ws.l(usenofp.o)
    0x00012386   0x00000002   PAD
    0x00012388   0x00000036   Data   RO          462    .constdata          app_diag.o
    0x000123be   0x00000002   PAD
    0x000123c0   0x00000046   Data   RO          680    .constdata          algorithm.o
    0x00012406   0x00000002   PAD
    0x00012408   0x00000030   Data   RO         2168    .constdata          pwmdrv.o
    0x00012438   0x00000030   Data   RO         3201    .constdata          module.o
    0x00012468   0x00002610   Data   RO         4363    .constdata          param_config_fixed.o
    0x00014a78   0x000008c5   Data   RO         4388    .constdata          param_config_preset.o
    0x0001533d   0x00000003   PAD
    0x00015340   0x00000030   Data   RO         4758    Region$$Table       anon$$obj.o


    Execution Region RW_SRAM1 (Base: 0x20000000, Size: 0x000012cc, Max: 0x00010000, ABSOLUTE, COMPRESSED[0x00000034])

    Base Addr    Size         Type   Attr      Idx    E Section Name        Object

    0x20000000   0x000012c0   Data   RW          804    .data               algorithm_conf.o
    0x200012c0   0x0000000c   Data   RW          805    .data               algorithm_conf.o


    Execution Region RW_SRAM2 (Base: 0x20010000, Size: 0x000192b8, Max: 0x0001d000, ABSOLUTE, COMPRESSED[0x0000048c])

    Base Addr    Size         Type   Attr      Idx    E Section Name        Object

    0x20010000   0x0000006c   Data   RW         1770    .data_head          hal_fnc.o
    0x2001006c   0x00000020   Data   RW          347    .data               app_conf.o
    0x2001008c   0x00000008   Data   RW          348    .data               app_conf.o
    0x20010094   0x00000014   Data   RW          463    .data               app_diag.o
    0x200100a8   0x00000010   Data   RW          523    .data               app_normal.o
    0x200100b8   0x0000005c   Data   RW          681    .data               algorithm.o
    0x20010114   0x00000030   Data   RW          886    .data               algorithm_baseline.o
    0x20010144   0x0000002c   Data   RW          990    .data               algorithm_coord.o
    0x20010170   0x000000d6   Data   RW         1144    .data               algorithm_label.o
    0x20010246   0x00000002   PAD
    0x20010248   0x0000001c   Data   RW         1291    .data               algorithm_noise.o
    0x20010264   0x00000004   Data   RW         1373    .data               hal.o
    0x20010268   0x00000048   Data   RW         1629    .data               hal_conf.o
    0x200102b0   0x00000008   Data   RW         1630    .data               hal_conf.o
    0x200102b8   0x0000000c   Data   RW         1798    .data               interrupt.o
    0x200102c4   0x00000384   Data   RW         1852    .data               memory_pool.o
    0x20010648   0x0000002c   Data   RW         2035    .data               i2c.o
    0x20010674   0x00000010   Data   RW         2169    .data               pwmdrv.o
    0x20010684   0x00000004   Data   RW         2274    .data               mspi.o
    0x20010688   0x00000001   Data   RW         2363    .data               wdgt.o
    0x20010689   0x00000003   PAD
    0x2001068c   0x00000034   Data   RW         2440    .data               dspa.o
    0x200106c0   0x00000004   Data   RW         2549    .data               dsp_b.o
    0x200106c4   0x00000008   Data   RW         2639    .data               timer.o
    0x200106cc   0x00000010   Data   RW         2777    .data               timer_tick.o
    0x200106dc   0x00000008   Data   RW         2872    .data               flitf.o
    0x200106e4   0x00000008   Data   RW         2913    .data               pe_my_usbtable.o
    0x200106ec   0x00000043   Data   RW         2914    .data               pe_my_usbtable.o
    0x2001072f   0x00000045   Data   RW         2915    .data               pe_my_usbtable.o
    0x20010774   0x00000101   Data   RW         2916    .data               pe_my_usbtable.o
    0x20010875   0x00000080   Data   RW         2917    .data               pe_my_usbtable.o
    0x200108f5   0x00000003   PAD
    0x200108f8   0x00000040   Data   RW         2976    .data               pe_usb.o
    0x20010938   0x00000014   Data   RW         3202    .data               module.o
    0x2001094c   0x00000018   Data   RW         3389    .data               module_conf.o
    0x20010964   0x00000010   Data   RW         3390    .data               module_conf.o
    0x20010974   0x00000020   Data   RW         3459    .data               sric.o
    0x20010994   0x0000012c   Data   RW         3815    .data               roic_ctrl_sw92513.o
    0x20010ac0   0x00000008   Data   RW         3897    .data               protocol.o
    0x20010ac8   0x00000002   Data   RW         3898    .data               protocol.o
    0x20010aca   0x00000008   Data   RW         3899    .data               protocol.o
    0x20010ad2   0x00000002   PAD
    0x20010ad4   0x0000000c   Data   RW         3900    .data               protocol.o
    0x20010ae0   0x00000005   Data   RW         3935    .data               protocol_conf.o
    0x20010ae5   0x00000003   PAD
    0x20010ae8   0x00000008   Data   RW         3936    .data               protocol_conf.o
    0x20010af0   0x00000004   Data   RW         3975    .data               protocol_log.o
    0x20010af4   0x00000001   Data   RW         3976    .data               protocol_log.o
    0x20010af5   0x00000020   Data   RW         3977    .data               protocol_log.o
    0x20010b15   0x00000004   Data   RW         3978    .data               protocol_log.o
    0x20010b19   0x00000005   Data   RW         3979    .data               protocol_log.o
    0x20010b1e   0x00000002   PAD
    0x20010b20   0x0000009c   Data   RW         4067    .data               protocol_swip.o
    0x20010bbc   0x0000000e   Data   RW         4068    .data               protocol_swip.o
    0x20010bca   0x00000004   Data   RW         4070    .data               protocol_swip.o
    0x20010bce   0x00000007   Data   RW         4071    .data               protocol_swip.o
    0x20010bd5   0x00000004   Data   RW         4072    .data               protocol_swip.o
    0x20010bd9   0x0000000c   Data   RW         4073    .data               protocol_swip.o
    0x20010be5   0x00000004   Data   RW         4074    .data               protocol_swip.o
    0x20010be9   0x00000004   Data   RW         4075    .data               protocol_swip.o
    0x20010bed   0x00000001   PAD
    0x20010bee   0x00000004   Data   RW         4076    .data               protocol_swip.o
    0x20010bf2   0x00000008   Data   RW         4077    .data               protocol_swip.o
    0x20010bfa   0x00000003   Data   RW         4078    .data               protocol_swip.o
    0x20010bfd   0x00000002   Data   RW         4079    .data               protocol_swip.o
    0x20010bff   0x00000001   Data   RW         4080    .data               protocol_swip.o
    0x20010c00   0x00000003   Data   RW         4081    .data               protocol_swip.o
    0x20010c03   0x00000005   Data   RW         4082    .data               protocol_swip.o
    0x20010c08   0x00000003   Data   RW         4083    .data               protocol_swip.o
    0x20010c0b   0x00000003   Data   RW         4084    .data               protocol_swip.o
    0x20010c0e   0x0000000c   Data   RW         4085    .data               protocol_swip.o
    0x20010c1a   0x0000000c   Data   RW         4086    .data               protocol_swip.o
    0x20010c26   0x0000000c   Data   RW         4087    .data               protocol_swip.o
    0x20010c32   0x0000000c   Data   RW         4088    .data               protocol_swip.o
    0x20010c3e   0x0000000c   Data   RW         4089    .data               protocol_swip.o
    0x20010c4a   0x0000000c   Data   RW         4090    .data               protocol_swip.o
    0x20010c56   0x0000000c   Data   RW         4091    .data               protocol_swip.o
    0x20010c62   0x0000000c   Data   RW         4092    .data               protocol_swip.o
    0x20010c6e   0x00000006   Data   RW         4093    .data               protocol_swip.o
    0x20010c74   0x00000002   Data   RW         4094    .data               protocol_swip.o
    0x20010c76   0x00000007   Data   RW         4095    .data               protocol_swip.o
    0x20010c7d   0x00000001   Data   RW         4306    .data               param.o
    0x20010c7e   0x00000002   PAD
    0x20010c80   0x00000010   Data   RW         4307    .data               param.o
    0x20010c90   0x0000041e   Zero   RW          679    .bss                algorithm.o
    0x200110ae   0x00000070   Zero   RW          987    .bss                algorithm_coord.o
    0x2001111e   0x0000028a   Zero   RW         1143    .bss                algorithm_label.o
    0x200113a8   0x0000002c   Zero   RW         1372    .bss                hal.o
    0x200113d4   0x00013320   Zero   RW         1843    .bss                memory_pool.o
    0x200246f4   0x00000020   Zero   RW         1844    .bss                memory_pool.o
    0x20024714   0x00000543   Zero   RW         2033    .bss                i2c.o
    0x20024c57   0x00000001   PAD
    0x20024c58   0x0000003c   Zero   RW         2439    .bss                dspa.o
    0x20024c94   0x00000020   Zero   RW         2638    .bss                timer.o
    0x20024cb4   0x00000873   Zero   RW         2973    .bss                pe_usb.o
    0x20025527   0x0000000a   Zero   RW         3200    .bss                module.o
    0x20025531   0x00000014   Zero   RW         3896    .bss                protocol.o
    0x20025545   0x00000017   Zero   RW         4062    .bss                protocol_swip.o
    0x2002555c   0x0000000a   Zero   RW         4063    .bss                protocol_swip.o
    0x20025566   0x0000000c   Zero   RW         4064    .bss                protocol_swip.o
    0x20025572   0x00000040   Zero   RW         4065    .bss                protocol_swip.o
    0x200255b2   0x000001ce   Zero   RW         4066    .bss                protocol_swip.o
    0x20025780   0x00002610   Zero   RW         4304    .bss                param.o
    0x20027d90   0x000008c5   Zero   RW         4305    .bss                param.o
    0x20028655   0x00000003   PAD
    0x20028658   0x00000060   Zero   RW         4629    .bss                c_wu.l(libspace.o)
    0x200286b8   0x00000400   Zero   RW         1915    HEAP                startup.o
    0x20028ab8   0x00000800   Zero   RW         1914    STACK               startup.o


==============================================================================

Image component sizes


      Code (inc. data)   RO Data    RW Data    ZI Data      Debug   Object Name

      3160        206         70         92       1054      18766   algorithm.o
      2220        102          0         48          0      13348   algorithm_baseline.o
        60         30          0       4812          0      30140   algorithm_conf.o
     13942        144          0         44        112      32255   algorithm_coord.o
      7236        166          0        214        650      49658   algorithm_label.o
      1008         26          0         28          0       5682   algorithm_noise.o
       572        104          0          0          0     199770   app.o
        48         22          0         40          0      16719   app_conf.o
       140          0          0          0          0       1196   app_dfup.o
      1820         50         54         20          0       5196   app_diag.o
         0          0          0          0          0      41476   app_info.o
        58          0          0          0          0        615   app_main.o
       712         12          0         16          0       3092   app_normal.o
        72         22          0          4          0      37941   dsp_b.o
         0          0          0          0          0        836   dsp_b_code.o
      1384         74          0         52         60      31544   dspa.o
       496         22          0          8          0       5713   flitf.o
      1454        424          0          0          0      30327   gpio.o
      1834        144          0          4         44      48556   hal.o
       156         62          0         80          0       7496   hal_conf.o
         0          0          0        108          0       2615   hal_fnc.o
      1916        140          0         44       1347      30956   i2c.o
        82         20          0         12          0      25252   interrupt.o
         0          0          0        900      78656      19657   memory_pool.o
      1214         92         48         20         10      38821   module.o
        84         42          0         40          0       4778   module_conf.o
      3310         46          0          4          0       9020   mspi.o
       176         36          0         17      11989       3842   param.o
         0          0       9744          0          0        755   param_config_fixed.o
         0          0       2245          0          0        788   param_config_preset.o
         0          0          0        529          0       1207   pe_my_usbtable.o
      1454        110          0         64       2163      15881   pe_usb.o
        36         18          0         30         20       3179   protocol.o
        36         18          0         13          0       2509   protocol_conf.o
       132         14          0         46          0       8309   protocol_log.o
      1764        138          0        348        571      13572   protocol_swip.o
      2636         86         48         16          0      32351   pwmdrv.o
      7544        114          0        300          0      13476   roic_ctrl_sw92513.o
       774         24          0          0          0       1825   scrb.o
       180         64          0         32          0       5055   sric.o
        64         24        216          0       3072        804   startup.o
       672         38          0          8         32       4234   timer.o
       320         42          0         16          0       5454   timer_tick.o
       340         46          0          1          0       4601   wdgt.o

    ----------------------------------------------------------------------
     59136       2722      12480       8028      99784     829267   Object Totals
         0          0         48          0          0          0   (incl. Generated)
        30          0          7         18          4          0   (incl. Padding)

    ----------------------------------------------------------------------

      Code (inc. data)   RO Data    RW Data    ZI Data      Debug   Library Member Name

        90          0          0          0          0          0   __dczerorl2.o
         8          0          0          0          0         68   __main.o
         0          0          0          0          0          0   __rtentry.o
        12          0          0          0          0          0   __rtentry2.o
         6          0          0          0          0          0   __rtentry4.o
        52          8          0          0          0          0   __scatter.o
        28          0          0          0          0          0   __scatter_zi.o
        16          0          0          0          0         68   aeabi_memset.o
        10          0          0          0          0         68   defsig_exit.o
        50          0          0          0          0         88   defsig_general.o
        80         58          0          0          0         76   defsig_rtmem_inner.o
        14          0          0          0          0         80   defsig_rtmem_outer.o
        18          0          0          0          0         80   exit.o
        94          0          0          0          0         80   h1_alloc.o
        52          0          0          0          0         68   h1_extend.o
        78          0          0          0          0         80   h1_free.o
        14          0          0          0          0         84   h1_init.o
         6          0          0          0          0        152   heapauxi.o
         4          0          0          0          0        136   hguard.o
         0          0          0          0          0          0   indicate_semi.o
       138          0          0          0          0        168   init_alloc.o
         2          0          0          0          0          0   libinit.o
        10          0          0          0          0          0   libinit2.o
         2          0          0          0          0          0   libshutdown.o
         2          0          0          0          0          0   libshutdown2.o
         8          4          0          0         96         68   libspace.o
        72          0          0          0          0         76   llsdiv.o
       238          0          0          0          0        100   lludivv7m.o
         0          0          0          0          0          0   maybetermalloc1.o
         8          4          0          0          0         68   rt_heap_descriptor_intlibspace.o
        68          0          0          0          0         68   rt_memclr.o
        78          0          0          0          0         80   rt_memclr_w.o
       138          0          0          0          0         68   rt_memcpy_v6.o
       100          0          0          0          0         80   rt_memcpy_w.o
         2          0          0          0          0          0   rtexit.o
        10          0          0          0          0          0   rtexit2.o
        12          4          0          0          0         68   sys_exit.o
        74          0          0          0          0         80   sys_stackheap_outer.o
        14          0          0          0          0         76   sys_wrch.o
         2          0          0          0          0         68   use_no_semi.o
       430          8          0          0          0        168   faddsub_clz.o
       388         76          0          0          0         96   fdiv.o
        54          4          0          0          0         84   ffix.o
        86          0          0          0          0        136   fflt_clz.o
       258          4          0          0          0         84   fmul.o
       140          4          0          0          0         84   fnaninf.o
        10          0          0          0          0         68   fretinf.o
         0          0          0          0          0          0   usenofp.o

    ----------------------------------------------------------------------
      2992        174          0          0         96       2916   Library Totals
        16          0          0          0          0          0   (incl. Padding)

    ----------------------------------------------------------------------

      Code (inc. data)   RO Data    RW Data    ZI Data      Debug   Library Name

      1610         78          0          0         96       2196   c_wu.l
      1366         96          0          0          0        720   fz_ws.l

    ----------------------------------------------------------------------
      2992        174          0          0         96       2916   Library Totals

    ----------------------------------------------------------------------

==============================================================================


      Code (inc. data)   RO Data    RW Data    ZI Data      Debug   

     62128       2896      12480       8028      99880     817359   Grand Totals
     62128       2896      12480       1216      99880     817359   ELF Image Totals (compressed)
     62128       2896      12480       1216          0          0   ROM Totals

==============================================================================

    Total RO  Size (Code + RO Data)                74608 (  72.86kB)
    Total RW  Size (RW Data + ZI Data)            107908 ( 105.38kB)
    Total ROM Size (Code + RO Data + RW Data)      75824 (  74.05kB)

==============================================================================

