Archive member included to satisfy reference by file (symbol)

c:/devenv/mingw/bin/../lib/gcc/mingw32/6.3.0/../../../libmingw32.a(CRTglob.o)
                              c:/devenv/mingw/bin/../lib/gcc/mingw32/6.3.0/../../../crt2.o (_CRT_glob)
c:/devenv/mingw/bin/../lib/gcc/mingw32/6.3.0/../../../libmingw32.a(setargv.o)
                              c:/devenv/mingw/bin/../lib/gcc/mingw32/6.3.0/../../../crt2.o (_setargv)
c:/devenv/mingw/bin/../lib/gcc/mingw32/6.3.0/../../../libmingw32.a(CRTfmode.o)
                              c:/devenv/mingw/bin/../lib/gcc/mingw32/6.3.0/../../../crt2.o (_CRT_fmode)
c:/devenv/mingw/bin/../lib/gcc/mingw32/6.3.0/../../../libmingw32.a(cpu_features.o)
                              c:/devenv/mingw/bin/../lib/gcc/mingw32/6.3.0/../../../crt2.o (__cpu_features_init)
c:/devenv/mingw/bin/../lib/gcc/mingw32/6.3.0/../../../libmingw32.a(CRT_fp10.o)
                              c:/devenv/mingw/bin/../lib/gcc/mingw32/6.3.0/../../../crt2.o (_CRT_fenv)
c:/devenv/mingw/bin/../lib/gcc/mingw32/6.3.0/../../../libmingw32.a(txtmode.o)
                              c:/devenv/mingw/bin/../lib/gcc/mingw32/6.3.0/../../../crt2.o (_fmode)
c:/devenv/mingw/bin/../lib/gcc/mingw32/6.3.0/../../../libmingw32.a(gccmain.o)
                              c:/devenv/mingw/bin/../lib/gcc/mingw32/6.3.0/../../../crt2.o (__main)
c:/devenv/mingw/bin/../lib/gcc/mingw32/6.3.0/../../../libmingw32.a(tlssup.o)
                              c:/devenv/mingw/bin/../lib/gcc/mingw32/6.3.0/../../../crt2.o (__dyn_tls_init_callback)
c:/devenv/mingw/bin/../lib/gcc/mingw32/6.3.0/../../../libmingw32.a(tlsthrd.o)
                              c:/devenv/mingw/bin/../lib/gcc/mingw32/6.3.0/../../../libmingw32.a(tlssup.o) (__mingw_TLScallback)
c:/devenv/mingw/bin/../lib/gcc/mingw32/6.3.0/../../../libmingw32.a(pseudo-reloc.o)
                              c:/devenv/mingw/bin/../lib/gcc/mingw32/6.3.0/../../../crt2.o (_pei386_runtime_relocator)
c:/devenv/mingw/bin/../lib/gcc/mingw32/6.3.0/../../../libmingw32.a(pseudo-reloc-list.o)
                              c:/devenv/mingw/bin/../lib/gcc/mingw32/6.3.0/../../../libmingw32.a(pseudo-reloc.o) (__RUNTIME_PSEUDO_RELOC_LIST__)
c:/devenv/mingw/bin/../lib/gcc/mingw32/6.3.0/../../../libmingw32.a(crtst.o)
                              c:/devenv/mingw/bin/../lib/gcc/mingw32/6.3.0/../../../libmingw32.a(tlssup.o) (_CRT_MT)
c:/devenv/mingw/bin/../lib/gcc/mingw32/6.3.0/libgcc.a(_chkstk_ms.o)
                              c:/devenv/mingw/bin/../lib/gcc/mingw32/6.3.0/../../../libmingw32.a(setargv.o) (__chkstk_ms)
c:/devenv/mingw/bin/../lib/gcc/mingw32/6.3.0/libgcc.a(_ctors.o)
                              c:/devenv/mingw/bin/../lib/gcc/mingw32/6.3.0/../../../libmingw32.a(gccmain.o) (__DTOR_LIST__)
c:/devenv/mingw/bin/../lib/gcc/mingw32/6.3.0/../../../libmingwex.a(fesetenv.o)
                              c:/devenv/mingw/bin/../lib/gcc/mingw32/6.3.0/../../../crt2.o (fesetenv)
c:/devenv/mingw/bin/../lib/gcc/mingw32/6.3.0/../../../libmingwex.a(glob.o)
                              c:/devenv/mingw/bin/../lib/gcc/mingw32/6.3.0/../../../libmingw32.a(setargv.o) (__mingw_glob)
c:/devenv/mingw/bin/../lib/gcc/mingw32/6.3.0/../../../libmingwex.a(dirname.o)
                              c:/devenv/mingw/bin/../lib/gcc/mingw32/6.3.0/../../../libmingwex.a(glob.o) (__mingw_dirname)
c:/devenv/mingw/bin/../lib/gcc/mingw32/6.3.0/../../../libmingwex.a(dirent.o)
                              c:/devenv/mingw/bin/../lib/gcc/mingw32/6.3.0/../../../libmingwex.a(glob.o) (__mingw_opendir)
c:/devenv/mingw/bin/../lib/gcc/mingw32/6.3.0/../../../libmsvcrt.a(djpvbs01325.o)
                              c:/devenv/mingw/bin/../lib/gcc/mingw32/6.3.0/../../../libmingwex.a(dirname.o) (wcstombs)
c:/devenv/mingw/bin/../lib/gcc/mingw32/6.3.0/../../../libmsvcrt.a(djpvbs01284.o)
                              c:/devenv/mingw/bin/../lib/gcc/mingw32/6.3.0/../../../libmingw32.a(pseudo-reloc.o) (vfprintf)
c:/devenv/mingw/bin/../lib/gcc/mingw32/6.3.0/../../../libmsvcrt.a(djpvbs01277.o)
                              c:/devenv/mingw/bin/../lib/gcc/mingw32/6.3.0/../../../libmingwex.a(glob.o) (tolower)
c:/devenv/mingw/bin/../lib/gcc/mingw32/6.3.0/../../../libmsvcrt.a(djpvbs01252.o)
                              ./obj/main.o (strncmp)
c:/devenv/mingw/bin/../lib/gcc/mingw32/6.3.0/../../../libmsvcrt.a(djpvbs01249.o)
                              c:/devenv/mingw/bin/../lib/gcc/mingw32/6.3.0/../../../libmingw32.a(setargv.o) (strlen)
c:/devenv/mingw/bin/../lib/gcc/mingw32/6.3.0/../../../libmsvcrt.a(djpvbs01242.o)
                              c:/devenv/mingw/bin/../lib/gcc/mingw32/6.3.0/../../../libmingwex.a(glob.o) (strcoll)
c:/devenv/mingw/bin/../lib/gcc/mingw32/6.3.0/../../../libmsvcrt.a(djpvbs01232.o)
                              ./obj/main.o (sprintf)
c:/devenv/mingw/bin/../lib/gcc/mingw32/6.3.0/../../../libmsvcrt.a(djpvbs01229.o)
                              c:/devenv/mingw/bin/../lib/gcc/mingw32/6.3.0/../../../crt2.o (signal)
[...]
Memory Configuration

Name             Origin             Length             Attributes
*default*        0x00000000         0xffffffff

Linker script and memory map

                0x00400000                __image_base__ = 0x400000
                0x00000000                __dll__ = 0x0
                0x00400000                ___ImageBase = 0x400000
                0x00001000                __section_alignment__ = 0x1000
                0x00000200                __file_alignment__ = 0x200
                0x00000004                __major_os_version__ = 0x4
                0x00000000                __minor_os_version__ = 0x0
                0x00000001                __major_image_version__ = 0x1
                0x00000000                __minor_image_version__ = 0x0
                0x00000004                __major_subsystem_version__ = 0x4
                0x00000000                __minor_subsystem_version__ = 0x0
                0x00000003                __subsystem__ = 0x3
                0x00200000                __size_of_stack_reserve__ = 0x200000
                0x00001000                __size_of_stack_commit__ = 0x1000
                0x00100000                __size_of_heap_reserve__ = 0x100000
                0x00001000                __size_of_heap_commit__ = 0x1000
                0x00000000                __loader_flags__ = 0x0
                0x00000000                __dll_characteristics__ = 0x0
LOAD c:/devenv/mingw/bin/../lib/gcc/mingw32/6.3.0/../../../crt2.o
LOAD c:/devenv/mingw/bin/../lib/gcc/mingw32/6.3.0/crtbegin.o
LOAD ./obj/main.o
LOAD ./obj/crc.o
LOAD ./obj/lz.o
LOAD c:/devenv/mingw/bin/../lib/gcc/mingw32/6.3.0/../../../libmingw32.a
LOAD c:/devenv/mingw/bin/../lib/gcc/mingw32/6.3.0/libgcc.a
LOAD c:/devenv/mingw/bin/../lib/gcc/mingw32/6.3.0/libgcc_eh.a
LOAD c:/devenv/mingw/bin/../lib/gcc/mingw32/6.3.0/../../../libmoldname.a
LOAD c:/devenv/mingw/bin/../lib/gcc/mingw32/6.3.0/../../../libmingwex.a
LOAD c:/devenv/mingw/bin/../lib/gcc/mingw32/6.3.0/../../../libmsvcrt.a
LOAD c:/devenv/mingw/bin/../lib/gcc/mingw32/6.3.0/../../../libadvapi32.a
LOAD c:/devenv/mingw/bin/../lib/gcc/mingw32/6.3.0/../../../libshell32.a
LOAD c:/devenv/mingw/bin/../lib/gcc/mingw32/6.3.0/../../../libuser32.a
LOAD c:/devenv/mingw/bin/../lib/gcc/mingw32/6.3.0/../../../libkernel32.a
LOAD c:/devenv/mingw/bin/../lib/gcc/mingw32/6.3.0/../../../libmingw32.a
LOAD c:/devenv/mingw/bin/../lib/gcc/mingw32/6.3.0/libgcc.a
LOAD c:/devenv/mingw/bin/../lib/gcc/mingw32/6.3.0/libgcc_eh.a
LOAD c:/devenv/mingw/bin/../lib/gcc/mingw32/6.3.0/../../../libmoldname.a
LOAD c:/devenv/mingw/bin/../lib/gcc/mingw32/6.3.0/../../../libmingwex.a
LOAD c:/devenv/mingw/bin/../lib/gcc/mingw32/6.3.0/../../../libmsvcrt.a
LOAD c:/devenv/mingw/bin/../lib/gcc/mingw32/6.3.0/crtend.o
                0x00000380                . = SIZEOF_HEADERS
                0x00001000                . = ALIGN (__section_alignment__)

.text           0x00401000     0x5600
 *(.init)
 *(.text)
 .text          0x00401000      0x340 c:/devenv/mingw/bin/../lib/gcc/mingw32/6.3.0/../../../crt2.o
                0x004012a0                _mingw32_init_mainargs
                0x004012e0                mainCRTStartup
                0x00401300                WinMainCRTStartup
                0x00401320                atexit
                0x00401330                _onexit
 .text          0x00401340      0x120 c:/devenv/mingw/bin/../lib/gcc/mingw32/6.3.0/crtbegin.o
                0x00401340                __gcc_register_frame
                0x00401430                __gcc_deregister_frame
 .text          0x00401460      0x730 ./obj/main.o
 .text          0x00401b90      0x100 ./obj/crc.o
                0x00401b90                Crc16WordCalc
                0x00401bf0                GetCRCValue
 .text          0x00401c90      0x710 ./obj/lz.o
                0x00401cf0                LZ_Compress
                0x00401f80                LZ_CompressFast
                0x004022a0                LZ_Uncompress
 .text          0x004023a0        0x0 c:/devenv/mingw/bin/../lib/gcc/mingw32/6.3.0/../../../libmingw32.a(CRTglob.o)
 .text          0x004023a0      0x3a0 c:/devenv/mingw/bin/../lib/gcc/mingw32/6.3.0/../../../libmingw32.a(setargv.o)
                0x004023a0                _setargv
 .text          0x00402740        0x0 c:/devenv/mingw/bin/../lib/gcc/mingw32/6.3.0/../../../libmingw32.a(CRTfmode.o)
 .text          0x00402740      0x110 c:/devenv/mingw/bin/../lib/gcc/mingw32/6.3.0/../../../libmingw32.a(cpu_features.o)
                0x00402740                __cpu_features_init
 .text          0x00402850        0x0 c:/devenv/mingw/bin/../lib/gcc/mingw32/6.3.0/../../../libmingw32.a(CRT_fp10.o)
 .text          0x00402850        0x0 c:/devenv/mingw/bin/../lib/gcc/mingw32/6.3.0/../../../libmingw32.a(txtmode.o)
 .text          0x00402850       0xa0 c:/devenv/mingw/bin/../lib/gcc/mingw32/6.3.0/../../../libmingw32.a(gccmain.o)
                0x00402850                __do_global_dtors
                0x00402880                __do_global_ctors
                0x004028d0                __main
 .text          0x004028f0       0xf0 c:/devenv/mingw/bin/../lib/gcc/mingw32/6.3.0/../../../libmingw32.a(tlssup.o)
                0x00402940                __dyn_tls_init@12
                0x004029d0                __tlregdtor
 .text          0x004029e0      0x230 c:/devenv/mingw/bin/../lib/gcc/mingw32/6.3.0/../../../libmingw32.a(tlsthrd.o)
                0x00402a40                ___w64_mingwthr_add_key_dtor
                0x00402ad0                ___w64_mingwthr_remove_key_dtor
                0x00402b70                __mingw_TLScallback
 .text          0x00402c10      0x310 c:/devenv/mingw/bin/../lib/gcc/mingw32/6.3.0/../../../libmingw32.a(pseudo-reloc.o)
                0x00402d50                _pei386_runtime_relocator
 .text          0x00402f20        0x0 c:/devenv/mingw/bin/../lib/gcc/mingw32/6.3.0/../../../libmingw32.a(pseudo-reloc-list.o)
 .text          0x00402f20        0x0 c:/devenv/mingw/bin/../lib/gcc/mingw32/6.3.0/../../../libmingw32.a(crtst.o)
 .text          0x00402f20       0x2c c:/devenv/mingw/bin/../lib/gcc/mingw32/6.3.0/libgcc.a(_chkstk_ms.o)
                0x00402f20                __chkstk_ms
 .text          0x00402f4c        0x0 c:/devenv/mingw/bin/../lib/gcc/mingw32/6.3.0/libgcc.a(_ctors.o)
 *fill*         0x00402f4c        0x4 
 .text          0x00402f50       0x70 c:/devenv/mingw/bin/../lib/gcc/mingw32/6.3.0/../../../libmingwex.a(fesetenv.o)
                0x00402f50                fesetenv
 .text          0x00402fc0     0x1080 c:/devenv/mingw/bin/../lib/gcc/mingw32/6.3.0/../../../libmingwex.a(glob.o)
                0x00403ef0                __mingw_glob
                0x00403fe0                __mingw_globfree
 .text          0x00404040      0x400 c:/devenv/mingw/bin/../lib/gcc/mingw32/6.3.0/../../../libmingwex.a(dirname.o)
                0x00404040                __mingw_dirname
 .text          0x00404440      0x4f0 c:/devenv/mingw/bin/../lib/gcc/mingw32/6.3.0/../../../libmingwex.a(dirent.o)
                0x004045c0                __mingw_opendir
                0x00404780                __mingw_readdir
                0x004047d0                __mingw_closedir
                0x00404820                __mingw_rewinddir
                0x00404880                __mingw_telldir
                0x004048b0                __mingw_seekdir
 .text          0x00404930        0x8 c:/devenv/mingw/bin/../lib/gcc/mingw32/6.3.0/../../../libmsvcrt.a(djpvbs01325.o)
                0x00404930                wcstombs
 .text          0x00404938        0x8 c:/devenv/mingw/bin/../lib/gcc/mingw32/6.3.0/../../../libmsvcrt.a(djpvbs01284.o)
                0x00404938                vfprintf
 .text          0x00404940        0x8 c:/devenv/mingw/bin/../lib/gcc/mingw32/6.3.0/../../../libmsvcrt.a(djpvbs01277.o)
                0x00404940                tolower
 .text          0x00404948        0x8 c:/devenv/mingw/bin/../lib/gcc/mingw32/6.3.0/../../../libmsvcrt.a(djpvbs01252.o)
                0x00404948                strncmp
 .text          0x00404950        0x8 c:/devenv/mingw/bin/../lib/gcc/mingw32/6.3.0/../../../libmsvcrt.a(djpvbs01249.o)
                0x00404950                strlen
 .text          0x00404958        0x8 c:/devenv/mingw/bin/../lib/gcc/mingw32/6.3.0/../../../libmsvcrt.a(djpvbs01242.o)
                0x00404958                strcoll
 .text          0x00404960        0x8 c:/devenv/mingw/bin/../lib/gcc/mingw32/6.3.0/../../../libmsvcrt.a(djpvbs01232.o)
                0x00404960                sprintf
 .text          0x00404968        0x8 c:/devenv/mingw/bin/../lib/gcc/mingw32/6.3.0/../../../libmsvcrt.a(djpvbs01229.o)
                0x00404968                signal
 .text          0x00404970        0x8 c:/devenv/mingw/bin/../lib/gcc/mingw32/6.3.0/../../../libmsvcrt.a(djpvbs01227.o)
                0x00404970                setlocale
 .text          0x00404978        0x8 c:/devenv/mingw/bin/../lib/gcc/mingw32/6.3.0/../../../libmsvcrt.a(djpvbs01220.o)
                0x00404978                realloc
 .text          0x00404980        0x8 c:/devenv/mingw/bin/../lib/gcc/mingw32/6.3.0/../../../libmsvcrt.a(djpvbs01212.o)
                0x00404980                puts
 .text          0x00404988        0x8 c:/devenv/mingw/bin/../lib/gcc/mingw32/6.3.0/../../../libmsvcrt.a(djpvbs01208.o)
                0x00404988                printf
 .text          0x00404990        0x8 c:/devenv/mingw/bin/../lib/gcc/mingw32/6.3.0/../../../libmsvcrt.a(djpvbs01203.o)
                0x00404990                memset
 .text          0x00404998        0x8 c:/devenv/mingw/bin/../lib/gcc/mingw32/6.3.0/../../../libmsvcrt.a(djpvbs01199.o)
                0x00404998                memcpy
 .text          0x004049a0        0x8 c:/devenv/mingw/bin/../lib/gcc/mingw32/6.3.0/../../../libmsvcrt.a(djpvbs01194.o)
                0x004049a0                mbstowcs
 .text          0x004049a8        0x8 c:/devenv/mingw/bin/../lib/gcc/mingw32/6.3.0/../../../libmsvcrt.a(djpvbs01187.o)
                0x004049a8                malloc
 .text          0x004049b0        0x8 c:/devenv/mingw/bin/../lib/gcc/mingw32/6.3.0/../../../libmsvcrt.a(djpvbs01142.o)
                0x004049b0                fwrite
 .text          0x004049b8        0x8 c:/devenv/mingw/bin/../lib/gcc/mingw32/6.3.0/../../../libmsvcrt.a(djpvbs01139.o)
                0x004049b8                ftell
 .text          0x004049c0        0x8 c:/devenv/mingw/bin/../lib/gcc/mingw32/6.3.0/../../../libmsvcrt.a(djpvbs01137.o)
                0x004049c0                fseek
 .text          0x004049c8        0x8 c:/devenv/mingw/bin/../lib/gcc/mingw32/6.3.0/../../../libmsvcrt.a(djpvbs01131.o)
                0x004049c8                free
 .text          0x004049d0        0x8 c:/devenv/mingw/bin/../lib/gcc/mingw32/6.3.0/../../../libmsvcrt.a(djpvbs01130.o)
                0x004049d0                fread
 .text          0x004049d8        0x8 c:/devenv/mingw/bin/../lib/gcc/mingw32/6.3.0/../../../libmsvcrt.a(djpvbs01122.o)
                0x004049d8                fopen
 .text          0x004049e0        0x8 c:/devenv/mingw/bin/../lib/gcc/mingw32/6.3.0/../../../libmsvcrt.a(djpvbs01111.o)
                0x004049e0                fclose
 .text          0x004049e8        0x8 c:/devenv/mingw/bin/../lib/gcc/mingw32/6.3.0/../../../libmsvcrt.a(djpvbs01098.o)
                0x004049e8                calloc
 .text          0x004049f0        0x0 c:/devenv/mingw/bin/../lib/gcc/mingw32/6.3.0/../../../libmsvcrt.a(djpvbs01091.o)
 .text          0x004049f0        0x8 c:/devenv/mingw/bin/../lib/gcc/mingw32/6.3.0/../../../libmsvcrt.a(djpvbs01083.o)
                0x004049f0                abort
 .text          0x004049f8        0x8 c:/devenv/mingw/bin/../lib/gcc/mingw32/6.3.0/../../../libmsvcrt.a(djpvbs00753.o)
                0x004049f8                _setmode
 .text          0x00404a00        0x0 c:/devenv/mingw/bin/../lib/gcc/mingw32/6.3.0/../../../libmsvcrt.a(djpvbs00698.o)
 .text          0x00404a00        0x0 c:/devenv/mingw/bin/../lib/gcc/mingw32/6.3.0/../../../libmsvcrt.a(djpvbs00689.o)
 .text          0x00404a00        0x8 c:/devenv/mingw/bin/../lib/gcc/mingw32/6.3.0/../../../libmsvcrt.a(djpvbs00422.o)
                0x00404a00                _isctype
 .text          0x00404a08        0x0 c:/devenv/mingw/bin/../lib/gcc/mingw32/6.3.0/../../../libmsvcrt.a(djpvbs00417.o)
 .text          0x00404a08        0x8 c:/devenv/mingw/bin/../lib/gcc/mingw32/6.3.0/../../../libmsvcrt.a(djpvbs00350.o)
                0x00404a08                _fullpath
 .text          0x00404a10        0x8 c:/devenv/mingw/bin/../lib/gcc/mingw32/6.3.0/../../../libmsvcrt.a(djpvbs00285.o)
                0x00404a10                _errno
 .text          0x00404a18        0x8 c:/devenv/mingw/bin/../lib/gcc/mingw32/6.3.0/../../../libmsvcrt.a(djpvbs00219.o)
                0x00404a18                _cexit
 .text          0x00404a20        0x8 c:/devenv/mingw/bin/../lib/gcc/mingw32/6.3.0/../../../libmsvcrt.a(djpvbs00133.o)
                0x00404a20                __p__fmode
 .text          0x00404a28        0x8 c:/devenv/mingw/bin/../lib/gcc/mingw32/6.3.0/../../../libmsvcrt.a(djpvbs00131.o)
                0x00404a28                __p__environ
 .text          0x00404a30        0x0 c:/devenv/mingw/bin/../lib/gcc/mingw32/6.3.0/../../../libmsvcrt.a(djpvbs00119.o)
 .text          0x00404a30        0x8 c:/devenv/mingw/bin/../lib/gcc/mingw32/6.3.0/../../../libmsvcrt.a(djpvbs00088.o)
                0x00404a30                __getmainargs
 .text          0x00404a38        0x0 c:/devenv/mingw/bin/../lib/gcc/mingw32/6.3.0/../../../libmsvcrt.a(djpvbh.o)
 .text          0x00404a38        0x0 c:/devenv/mingw/bin/../lib/gcc/mingw32/6.3.0/../../../libmsvcrt.a(djpvbt.o)
 .text          0x00404a38        0x8 c:/devenv/mingw/bin/../lib/gcc/mingw32/6.3.0/../../../libkernel32.a(dujcs01215.o)
                0x00404a38                VirtualQuery@12
 .text          0x00404a40        0x8 c:/devenv/mingw/bin/../lib/gcc/mingw32/6.3.0/../../../libkernel32.a(dujcs01213.o)
                0x00404a40                VirtualProtect@16
 .text          0x00404a48        0x8 c:/devenv/mingw/bin/../lib/gcc/mingw32/6.3.0/../../../libkernel32.a(dujcs01173.o)
                0x00404a48                TlsGetValue@4
 .text          0x00404a50        0x8 c:/devenv/mingw/bin/../lib/gcc/mingw32/6.3.0/../../../libkernel32.a(dujcs01140.o)
                0x00404a50                SetUnhandledExceptionFilter@4
 .text          0x00404a58        0x8 c:/devenv/mingw/bin/../lib/gcc/mingw32/6.3.0/../../../libkernel32.a(dujcs00817.o)
                0x00404a58                LoadLibraryA@4
 .text          0x00404a60        0x8 c:/devenv/mingw/bin/../lib/gcc/mingw32/6.3.0/../../../libkernel32.a(dujcs00814.o)
                0x00404a60                LeaveCriticalSection@4
 .text          0x00404a68        0x8 c:/devenv/mingw/bin/../lib/gcc/mingw32/6.3.0/../../../libkernel32.a(dujcs00734.o)
                0x00404a68                InitializeCriticalSection@4
 .text          0x00404a70        0x8 c:/devenv/mingw/bin/../lib/gcc/mingw32/6.3.0/../../../libkernel32.a(dujcs00577.o)
                0x00404a70                GetProcAddress@8
 .text          0x00404a78        0x8 c:/devenv/mingw/bin/../lib/gcc/mingw32/6.3.0/../../../libkernel32.a(dujcs00529.o)
                0x00404a78                GetModuleHandleA@4
 .text          0x00404a80        0x8 c:/devenv/mingw/bin/../lib/gcc/mingw32/6.3.0/../../../libkernel32.a(dujcs00510.o)
                0x00404a80                GetLastError@0
 .text          0x00404a88        0x8 c:/devenv/mingw/bin/../lib/gcc/mingw32/6.3.0/../../../libkernel32.a(dujcs00388.o)
                0x00404a88                GetCommandLineA@0
 .text          0x00404a90        0x8 c:/devenv/mingw/bin/../lib/gcc/mingw32/6.3.0/../../../libkernel32.a(dujcs00352.o)
                0x00404a90                FreeLibrary@4
 .text          0x00404a98        0x8 c:/devenv/mingw/bin/../lib/gcc/mingw32/6.3.0/../../../libkernel32.a(dujcs00321.o)
                0x00404a98                FindNextFileA@8
 .text          0x00404aa0        0x8 c:/devenv/mingw/bin/../lib/gcc/mingw32/6.3.0/../../../libkernel32.a(dujcs00304.o)
                0x00404aa0                FindFirstFileA@8
 .text          0x00404aa8        0x8 c:/devenv/mingw/bin/../lib/gcc/mingw32/6.3.0/../../../libkernel32.a(dujcs00300.o)
                0x00404aa8                FindClose@4
 .text          0x00404ab0        0x8 c:/devenv/mingw/bin/../lib/gcc/mingw32/6.3.0/../../../libkernel32.a(dujcs00279.o)
                0x00404ab0                ExitProcess@4
 .text          0x00404ab8        0x8 c:/devenv/mingw/bin/../lib/gcc/mingw32/6.3.0/../../../libkernel32.a(dujcs00236.o)
                0x00404ab8                EnterCriticalSection@4
 .text          0x00404ac0        0x8 c:/devenv/mingw/bin/../lib/gcc/mingw32/6.3.0/../../../libkernel32.a(dujcs00207.o)
                0x00404ac0                DeleteCriticalSection@4
 .text          0x00404ac8        0x0 c:/devenv/mingw/bin/../lib/gcc/mingw32/6.3.0/../../../libkernel32.a(dujch.o)
 .text          0x00404ac8        0x0 c:/devenv/mingw/bin/../lib/gcc/mingw32/6.3.0/../../../libkernel32.a(dujct.o)
 .text          0x00404ac8        0x8 c:/devenv/mingw/bin/../lib/gcc/mingw32/6.3.0/../../../libmoldname.a(dagwbs00082.o)
                0x00404ac8                stricoll
 .text          0x00404ad0        0x8 c:/devenv/mingw/bin/../lib/gcc/mingw32/6.3.0/../../../libmoldname.a(dagwbs00080.o)
                0x00404ad0                strdup
 .text          0x00404ad8        0x0 c:/devenv/mingw/bin/../lib/gcc/mingw32/6.3.0/../../../libmoldname.a(dagwbh.o)
 .text          0x00404ad8        0x0 c:/devenv/mingw/bin/../lib/gcc/mingw32/6.3.0/../../../libmoldname.a(dagwbt.o)
 .text          0x00404ad8        0x0 c:/devenv/mingw/bin/../lib/gcc/mingw32/6.3.0/crtend.o
 *(SORT(.text$*))
 *(.text.*)
 *fill*         0x00404ad8        0x8 
 .text.startup  0x00404ae0     0x1920 ./obj/main.o
                0x00404ae0                main
 .text.startup  0x00406400       0x10 c:/devenv/mingw/bin/../lib/gcc/mingw32/6.3.0/crtend.o
 *(.gnu.linkonce.t.*)
 *(.glue_7t)
 *(.glue_7)
                0x00406410                ___CTOR_LIST__ = .
                0x00406410                __CTOR_LIST__ = .
                0x00406410        0x4 LONG 0xffffffff
 *(.ctors)
 *(.ctor)
 *(SORT(.ctors.*))
 .ctors.65535   0x00406414        0x4 c:/devenv/mingw/bin/../lib/gcc/mingw32/6.3.0/crtend.o
                0x00406418        0x4 LONG 0x0
                0x0040641c                ___DTOR_LIST__ = .
                0x0040641c                __DTOR_LIST__ = .
                0x0040641c        0x4 LONG 0xffffffff
 *(.dtors)
 *(.dtor)
 *(SORT(.dtors.*))
                0x00406420        0x4 LONG 0x0
 *(.fini)
 *(.gcc_exc)
                [!provide]                PROVIDE (etext, .)
                [!provide]                PROVIDE (_etext, .)
 *(.gcc_except_table)

.data           0x00407000      0x200
                0x00407000                __data_start__ = .
 *(.data)
 .data          0x00407000        0x0 c:/devenv/mingw/bin/../lib/gcc/mingw32/6.3.0/../../../crt2.o
 .data          0x00407000        0x4 c:/devenv/mingw/bin/../lib/gcc/mingw32/6.3.0/crtbegin.o
 .data          0x00407004        0x0 ./obj/main.o
 .data          0x00407004        0x0 ./obj/crc.o
 .data          0x00407004        0x0 ./obj/lz.o
 .data          0x00407004        0x4 c:/devenv/mingw/bin/../lib/gcc/mingw32/6.3.0/../../../libmingw32.a(CRTglob.o)
                0x00407004                _CRT_glob
 .data          0x00407008        0x0 c:/devenv/mingw/bin/../lib/gcc/mingw32/6.3.0/../../../libmingw32.a(setargv.o)
 .data          0x00407008        0x0 c:/devenv/mingw/bin/../lib/gcc/mingw32/6.3.0/../../../libmingw32.a(CRTfmode.o)
 .data          0x00407008        0x0 c:/devenv/mingw/bin/../lib/gcc/mingw32/6.3.0/../../../libmingw32.a(cpu_features.o)
 .data          0x00407008        0x4 c:/devenv/mingw/bin/../lib/gcc/mingw32/6.3.0/../../../libmingw32.a(CRT_fp10.o)
                0x00407008                _CRT_fenv
 .data          0x0040700c        0x4 c:/devenv/mingw/bin/../lib/gcc/mingw32/6.3.0/../../../libmingw32.a(txtmode.o)
                0x0040700c                _fmode
 .data          0x00407010        0x4 c:/devenv/mingw/bin/../lib/gcc/mingw32/6.3.0/../../../libmingw32.a(gccmain.o)
 .data          0x00407014        0x0 c:/devenv/mingw/bin/../lib/gcc/mingw32/6.3.0/../../../libmingw32.a(tlssup.o)
 .data          0x00407014        0x0 c:/devenv/mingw/bin/../lib/gcc/mingw32/6.3.0/../../../libmingw32.a(tlsthrd.o)
 .data          0x00407014        0x0 c:/devenv/mingw/bin/../lib/gcc/mingw32/6.3.0/../../../libmingw32.a(pseudo-reloc.o)
 .data          0x00407014        0x0 c:/devenv/mingw/bin/../lib/gcc/mingw32/6.3.0/../../../libmingw32.a(pseudo-reloc-list.o)
 .data          0x00407014        0x0 c:/devenv/mingw/bin/../lib/gcc/mingw32/6.3.0/../../../libmingw32.a(crtst.o)
 .data          0x00407014        0x0 c:/devenv/mingw/bin/../lib/gcc/mingw32/6.3.0/libgcc.a(_chkstk_ms.o)
 .data          0x00407014        0x0 c:/devenv/mingw/bin/../lib/gcc/mingw32/6.3.0/libgcc.a(_ctors.o)
 .data          0x00407014        0x4 c:/devenv/mingw/bin/../lib/gcc/mingw32/6.3.0/../../../libmingwex.a(fesetenv.o)
 .data          0x00407018        0x0 c:/devenv/mingw/bin/../lib/gcc/mingw32/6.3.0/../../../libmingwex.a(glob.o)
 .data          0x00407018        0x0 c:/devenv/mingw/bin/../lib/gcc/mingw32/6.3.0/../../../libmingwex.a(dirname.o)
 .data          0x00407018        0x0 c:/devenv/mingw/bin/../lib/gcc/mingw32/6.3.0/../../../libmingwex.a(dirent.o)
 .data          0x00407018        0x0 c:/devenv/mingw/bin/../lib/gcc/mingw32/6.3.0/../../../libmsvcrt.a(djpvbs01325.o)
 .data          0x00407018        0x0 c:/devenv/mingw/bin/../lib/gcc/mingw32/6.3.0/../../../libmsvcrt.a(djpvbs01284.o)
 .data          0x00407018        0x0 c:/devenv/mingw/bin/../lib/gcc/mingw32/6.3.0/../../../libmsvcrt.a(djpvbs01277.o)
 .data          0x00407018        0x0 c:/devenv/mingw/bin/../lib/gcc/mingw32/6.3.0/../../../libmsvcrt.a(djpvbs01252.o)
 .data          0x00407018        0x0 c:/devenv/mingw/bin/../lib/gcc/mingw32/6.3.0/../../../libmsvcrt.a(djpvbs01249.o)
 .data          0x00407018        0x0 c:/devenv/mingw/bin/../lib/gcc/mingw32/6.3.0/../../../libmsvcrt.a(djpvbs01242.o)
 .data          0x00407018        0x0 c:/devenv/mingw/bin/../lib/gcc/mingw32/6.3.0/../../../libmsvcrt.a(djpvbs01232.o)
 .data          0x00407018        0x0 c:/devenv/mingw/bin/../lib/gcc/mingw32/6.3.0/../../../libmsvcrt.a(djpvbs01229.o)
 .data          0x00407018        0x0 c:/devenv/mingw/bin/../lib/gcc/mingw32/6.3.0/../../../libmsvcrt.a(djpvbs01227.o)
 .data          0x00407018        0x0 c:/devenv/mingw/bin/../lib/gcc/mingw32/6.3.0/../../../libmsvcrt.a(djpvbs01220.o)
 .data          0x00407018        0x0 c:/devenv/mingw/bin/../lib/gcc/mingw32/6.3.0/../../../libmsvcrt.a(djpvbs01212.o)
 .data          0x00407018        0x0 c:/devenv/mingw/bin/../lib/gcc/mingw32/6.3.0/../../../libmsvcrt.a(djpvbs01208.o)
 .data          0x00407018        0x0 c:/devenv/mingw/bin/../lib/gcc/mingw32/6.3.0/../../../libmsvcrt.a(djpvbs01203.o)
 .data          0x00407018        0x0 c:/devenv/mingw/bin/../lib/gcc/mingw32/6.3.0/../../../libmsvcrt.a(djpvbs01199.o)
 .data          0x00407018        0x0 c:/devenv/mingw/bin/../lib/gcc/mingw32/6.3.0/../../../libmsvcrt.a(djpvbs01194.o)
 .data          0x00407018        0x0 c:/devenv/mingw/bin/../lib/gcc/mingw32/6.3.0/../../../libmsvcrt.a(djpvbs01187.o)
 .data          0x00407018        0x0 c:/devenv/mingw/bin/../lib/gcc/mingw32/6.3.0/../../../libmsvcrt.a(djpvbs01142.o)
 .data          0x00407018        0x0 c:/devenv/mingw/bin/../lib/gcc/mingw32/6.3.0/../../../libmsvcrt.a(djpvbs01139.o)
 .data          0x00407018        0x0 c:/devenv/mingw/bin/../lib/gcc/mingw32/6.3.0/../../../libmsvcrt.a(djpvbs01137.o)
 .data          0x00407018        0x0 c:/devenv/mingw/bin/../lib/gcc/mingw32/6.3.0/../../../libmsvcrt.a(djpvbs01131.o)
 .data          0x00407018        0x0 c:/devenv/mingw/bin/../lib/gcc/mingw32/6.3.0/../../../libmsvcrt.a(djpvbs01130.o)
 .data          0x00407018        0x0 c:/devenv/mingw/bin/../lib/gcc/mingw32/6.3.0/../../../libmsvcrt.a(djpvbs01122.o)
 .data          0x00407018        0x0 c:/devenv/mingw/bin/../lib/gcc/mingw32/6.3.0/../../../libmsvcrt.a(djpvbs01111.o)
 .data          0x00407018        0x0 c:/devenv/mingw/bin/../lib/gcc/mingw32/6.3.0/../../../libmsvcrt.a(djpvbs01098.o)
 .data          0x00407018        0x0 c:/devenv/mingw/bin/../lib/gcc/mingw32/6.3.0/../../../libmsvcrt.a(djpvbs01091.o)
 .data          0x00407018        0x0 c:/devenv/mingw/bin/../lib/gcc/mingw32/6.3.0/../../../libmsvcrt.a(djpvbs01083.o)
 .data          0x00407018        0x0 c:/devenv/mingw/bin/../lib/gcc/mingw32/6.3.0/../../../libmsvcrt.a(djpvbs00753.o)
 .data          0x00407018        0x0 c:/devenv/mingw/bin/../lib/gcc/mingw32/6.3.0/../../../libmsvcrt.a(djpvbs00698.o)
 .data          0x00407018        0x0 c:/devenv/mingw/bin/../lib/gcc/mingw32/6.3.0/../../../libmsvcrt.a(djpvbs00689.o)
 .data          0x00407018        0x0 c:/devenv/mingw/bin/../lib/gcc/mingw32/6.3.0/../../../libmsvcrt.a(djpvbs00422.o)
 .data          0x00407018        0x0 c:/devenv/mingw/bin/../lib/gcc/mingw32/6.3.0/../../../libmsvcrt.a(djpvbs00417.o)
 .data          0x00407018        0x0 c:/devenv/mingw/bin/../lib/gcc/mingw32/6.3.0/../../../libmsvcrt.a(djpvbs00350.o)
 .data          0x00407018        0x0 c:/devenv/mingw/bin/../lib/gcc/mingw32/6.3.0/../../../libmsvcrt.a(djpvbs00324.o)
 .data          0x00407018        0x0 c:/devenv/mingw/bin/../lib/gcc/mingw32/6.3.0/../../../libmsvcrt.a(djpvbs00285.o)
 .data          0x00407018        0x0 c:/devenv/mingw/bin/../lib/gcc/mingw32/6.3.0/../../../libmsvcrt.a(djpvbs00219.o)
 .data          0x00407018        0x0 c:/devenv/mingw/bin/../lib/gcc/mingw32/6.3.0/../../../libmsvcrt.a(djpvbs00153.o)
 .data          0x00407018        0x0 c:/devenv/mingw/bin/../lib/gcc/mingw32/6.3.0/../../../libmsvcrt.a(djpvbs00133.o)
 .data          0x00407018        0x0 c:/devenv/mingw/bin/../lib/gcc/mingw32/6.3.0/../../../libmsvcrt.a(djpvbs00131.o)
 .data          0x00407018        0x0 c:/devenv/mingw/bin/../lib/gcc/mingw32/6.3.0/../../../libmsvcrt.a(djpvbs00119.o)
 .data          0x00407018        0x0 c:/devenv/mingw/bin/../lib/gcc/mingw32/6.3.0/../../../libmsvcrt.a(djpvbs00088.o)
 .data          0x00407018        0x0 c:/devenv/mingw/bin/../lib/gcc/mingw32/6.3.0/../../../libmsvcrt.a(djpvbh.o)
 .data          0x00407018        0x0 c:/devenv/mingw/bin/../lib/gcc/mingw32/6.3.0/../../../libmsvcrt.a(djpvbt.o)
 .data          0x00407018        0x0 c:/devenv/mingw/bin/../lib/gcc/mingw32/6.3.0/../../../libkernel32.a(dujcs01215.o)
 .data          0x00407018        0x0 c:/devenv/mingw/bin/../lib/gcc/mingw32/6.3.0/../../../libkernel32.a(dujcs01213.o)
 .data          0x00407018        0x0 c:/devenv/mingw/bin/../lib/gcc/mingw32/6.3.0/../../../libkernel32.a(dujcs01173.o)
 .data          0x00407018        0x0 c:/devenv/mingw/bin/../lib/gcc/mingw32/6.3.0/../../../libkernel32.a(dujcs01140.o)
 .data          0x00407018        0x0 c:/devenv/mingw/bin/../lib/gcc/mingw32/6.3.0/../../../libkernel32.a(dujcs00817.o)
 .data          0x00407018        0x0 c:/devenv/mingw/bin/../lib/gcc/mingw32/6.3.0/../../../libkernel32.a(dujcs00814.o)
 .data          0x00407018        0x0 c:/devenv/mingw/bin/../lib/gcc/mingw32/6.3.0/../../../libkernel32.a(dujcs00734.o)
 .data          0x00407018        0x0 c:/devenv/mingw/bin/../lib/gcc/mingw32/6.3.0/../../../libkernel32.a(dujcs00577.o)
 .data          0x00407018        0x0 c:/devenv/mingw/bin/../lib/gcc/mingw32/6.3.0/../../../libkernel32.a(dujcs00529.o)
 .data          0x00407018        0x0 c:/devenv/mingw/bin/../lib/gcc/mingw32/6.3.0/../../../libkernel32.a(dujcs00510.o)
 .data          0x00407018        0x0 c:/devenv/mingw/bin/../lib/gcc/mingw32/6.3.0/../../../libkernel32.a(dujcs00388.o)
 .data          0x00407018        0x0 c:/devenv/mingw/bin/../lib/gcc/mingw32/6.3.0/../../../libkernel32.a(dujcs00352.o)
 .data          0x00407018        0x0 c:/devenv/mingw/bin/../lib/gcc/mingw32/6.3.0/../../../libkernel32.a(dujcs00321.o)
 .data          0x00407018        0x0 c:/devenv/mingw/bin/../lib/gcc/mingw32/6.3.0/../../../libkernel32.a(dujcs00304.o)
 .data          0x00407018        0x0 c:/devenv/mingw/bin/../lib/gcc/mingw32/6.3.0/../../../libkernel32.a(dujcs00300.o)
 .data          0x00407018        0x0 c:/devenv/mingw/bin/../lib/gcc/mingw32/6.3.0/../../../libkernel32.a(dujcs00279.o)
 .data          0x00407018        0x0 c:/devenv/mingw/bin/../lib/gcc/mingw32/6.3.0/../../../libkernel32.a(dujcs00236.o)
 .data          0x00407018        0x0 c:/devenv/mingw/bin/../lib/gcc/mingw32/6.3.0/../../../libkernel32.a(dujcs00207.o)
 .data          0x00407018        0x0 c:/devenv/mingw/bin/../lib/gcc/mingw32/6.3.0/../../../libkernel32.a(dujch.o)
 .data          0x00407018        0x0 c:/devenv/mingw/bin/../lib/gcc/mingw32/6.3.0/../../../libkernel32.a(dujct.o)
 .data          0x00407018        0x0 c:/devenv/mingw/bin/../lib/gcc/mingw32/6.3.0/../../../libmoldname.a(dagwbs00082.o)
 .data          0x00407018        0x0 c:/devenv/mingw/bin/../lib/gcc/mingw32/6.3.0/../../../libmoldname.a(dagwbs00080.o)
 .data          0x00407018        0x0 c:/devenv/mingw/bin/../lib/gcc/mingw32/6.3.0/../../../libmoldname.a(dagwbh.o)
 .data          0x00407018        0x0 c:/devenv/mingw/bin/../lib/gcc/mingw32/6.3.0/../../../libmoldname.a(dagwbt.o)
 .data          0x00407018        0x0 c:/devenv/mingw/bin/../lib/gcc/mingw32/6.3.0/crtend.o
 *(.data2)
 *(SORT(.data$*))
 *(.jcr)
 .jcr           0x00407018        0x0 c:/devenv/mingw/bin/../lib/gcc/mingw32/6.3.0/crtbegin.o
 .jcr           0x00407018        0x4 c:/devenv/mingw/bin/../lib/gcc/mingw32/6.3.0/crtend.o
                0x0040701c                __data_end__ = .
 *(.data_cygwin_nocopy)

.rdata          0x00408000      0xe00
 *(.rdata)
 .rdata         0x00408000       0x64 c:/devenv/mingw/bin/../lib/gcc/mingw32/6.3.0/crtbegin.o
 .rdata         0x00408064      0x874 ./obj/main.o
 *fill*         0x004088d8        0x8 
 .rdata         0x004088e0      0x200 ./obj/crc.o
 .rdata         0x00408ae0        0x4 c:/devenv/mingw/bin/../lib/gcc/mingw32/6.3.0/../../../libmingw32.a(tlssup.o)
                0x00408ae0                __dyn_tls_init_callback
 .rdata         0x00408ae4       0xac c:/devenv/mingw/bin/../lib/gcc/mingw32/6.3.0/../../../libmingw32.a(pseudo-reloc.o)
 .rdata         0x00408b90       0x14 c:/devenv/mingw/bin/../lib/gcc/mingw32/6.3.0/../../../libmingwex.a(glob.o)
 .rdata         0x00408ba4        0x8 c:/devenv/mingw/bin/../lib/gcc/mingw32/6.3.0/../../../libmingwex.a(dirname.o)
 *(SORT(.rdata$*))
 .rdata$zzz     0x00408bac       0x14 c:/devenv/mingw/bin/../lib/gcc/mingw32/6.3.0/../../../crt2.o
 .rdata$zzz     0x00408bc0       0x14 c:/devenv/mingw/bin/../lib/gcc/mingw32/6.3.0/crtbegin.o
 .rdata$zzz     0x00408bd4       0x24 ./obj/main.o
 .rdata$zzz     0x00408bf8       0x24 ./obj/crc.o
 .rdata$zzz     0x00408c1c       0x24 ./obj/lz.o
 .rdata$zzz     0x00408c40       0x14 c:/devenv/mingw/bin/../lib/gcc/mingw32/6.3.0/../../../libmingw32.a(CRTglob.o)
 .rdata$zzz     0x00408c54       0x14 c:/devenv/mingw/bin/../lib/gcc/mingw32/6.3.0/../../../libmingw32.a(setargv.o)
 .rdata$zzz     0x00408c68       0x14 c:/devenv/mingw/bin/../lib/gcc/mingw32/6.3.0/../../../libmingw32.a(CRTfmode.o)
 .rdata$zzz     0x00408c7c       0x14 c:/devenv/mingw/bin/../lib/gcc/mingw32/6.3.0/../../../libmingw32.a(CRT_fp10.o)
 .rdata$zzz     0x00408c90       0x14 c:/devenv/mingw/bin/../lib/gcc/mingw32/6.3.0/../../../libmingw32.a(txtmode.o)
 .rdata$zzz     0x00408ca4       0x14 c:/devenv/mingw/bin/../lib/gcc/mingw32/6.3.0/../../../libmingw32.a(gccmain.o)
 .rdata$zzz     0x00408cb8       0x14 c:/devenv/mingw/bin/../lib/gcc/mingw32/6.3.0/../../../libmingw32.a(tlssup.o)
 .rdata$zzz     0x00408ccc       0x14 c:/devenv/mingw/bin/../lib/gcc/mingw32/6.3.0/../../../libmingw32.a(tlsthrd.o)
 .rdata$zzz     0x00408ce0       0x14 c:/devenv/mingw/bin/../lib/gcc/mingw32/6.3.0/../../../libmingw32.a(pseudo-reloc.o)
 .rdata$zzz     0x00408cf4       0x14 c:/devenv/mingw/bin/../lib/gcc/mingw32/6.3.0/../../../libmingw32.a(pseudo-reloc-list.o)
 .rdata$zzz     0x00408d08       0x14 c:/devenv/mingw/bin/../lib/gcc/mingw32/6.3.0/../../../libmingw32.a(crtst.o)
 .rdata$zzz     0x00408d1c       0x14 c:/devenv/mingw/bin/../lib/gcc/mingw32/6.3.0/libgcc.a(_ctors.o)
 .rdata$zzz     0x00408d30       0x14 c:/devenv/mingw/bin/../lib/gcc/mingw32/6.3.0/../../../libmingwex.a(fesetenv.o)
 .rdata$zzz     0x00408d44       0x14 c:/devenv/mingw/bin/../lib/gcc/mingw32/6.3.0/../../../libmingwex.a(glob.o)
 .rdata$zzz     0x00408d58       0x14 c:/devenv/mingw/bin/../lib/gcc/mingw32/6.3.0/../../../libmingwex.a(dirname.o)
 .rdata$zzz     0x00408d6c       0x14 c:/devenv/mingw/bin/../lib/gcc/mingw32/6.3.0/../../../libmingwex.a(dirent.o)
 .rdata$zzz     0x00408d80       0x14 c:/devenv/mingw/bin/../lib/gcc/mingw32/6.3.0/crtend.o
                0x00408d94                __rt_psrelocs_start = .
 *(.rdata_runtime_pseudo_reloc)
                0x00408d94                __rt_psrelocs_end = .
                0x00000000                __rt_psrelocs_size = (__rt_psrelocs_end - __rt_psrelocs_start)
                0x00408d94                ___RUNTIME_PSEUDO_RELOC_LIST_END__ = .
                0x00408d94                __RUNTIME_PSEUDO_RELOC_LIST_END__ = .
                0x00408d94                ___RUNTIME_PSEUDO_RELOC_LIST__ = (. - __rt_psrelocs_size)
                0x00408d94                __RUNTIME_PSEUDO_RELOC_LIST__ = (. - __rt_psrelocs_size)

.eh_frame       0x00409000      0xc00
 *(.eh_frame*)
 .eh_frame      0x00409000       0xb8 c:/devenv/mingw/bin/../lib/gcc/mingw32/6.3.0/../../../crt2.o
 .eh_frame      0x004090b8       0x64 c:/devenv/mingw/bin/../lib/gcc/mingw32/6.3.0/crtbegin.o
                0x004090b8                __EH_FRAME_BEGIN__
 .eh_frame      0x0040911c       0xc8 ./obj/main.o
 .eh_frame      0x004091e4       0x8c ./obj/crc.o
 .eh_frame      0x00409270      0x130 ./obj/lz.o
 .eh_frame      0x004093a0       0x58 c:/devenv/mingw/bin/../lib/gcc/mingw32/6.3.0/../../../libmingw32.a(setargv.o)
 .eh_frame      0x004093f8       0x40 c:/devenv/mingw/bin/../lib/gcc/mingw32/6.3.0/../../../libmingw32.a(cpu_features.o)
 .eh_frame      0x00409438       0x68 c:/devenv/mingw/bin/../lib/gcc/mingw32/6.3.0/../../../libmingw32.a(gccmain.o)
 .eh_frame      0x004094a0       0x88 c:/devenv/mingw/bin/../lib/gcc/mingw32/6.3.0/../../../libmingw32.a(tlssup.o)
 .eh_frame      0x00409528      0x108 c:/devenv/mingw/bin/../lib/gcc/mingw32/6.3.0/../../../libmingw32.a(tlsthrd.o)
 .eh_frame      0x00409630       0xd8 c:/devenv/mingw/bin/../lib/gcc/mingw32/6.3.0/../../../libmingw32.a(pseudo-reloc.o)
 .eh_frame      0x00409708       0x34 c:/devenv/mingw/bin/../lib/gcc/mingw32/6.3.0/../../../libmingwex.a(fesetenv.o)
 .eh_frame      0x0040973c      0x25c c:/devenv/mingw/bin/../lib/gcc/mingw32/6.3.0/../../../libmingwex.a(glob.o)
 .eh_frame      0x00409998       0x58 c:/devenv/mingw/bin/../lib/gcc/mingw32/6.3.0/../../../libmingwex.a(dirname.o)
 .eh_frame      0x004099f0      0x1c4 c:/devenv/mingw/bin/../lib/gcc/mingw32/6.3.0/../../../libmingwex.a(dirent.o)
 .eh_frame      0x00409bb4       0x3c c:/devenv/mingw/bin/../lib/gcc/mingw32/6.3.0/crtend.o

.pdata
 *(.pdata*)

.bss            0x0040a000       0xa0
                0x0040a000                __bss_start__ = .
 *(.bss)
 .bss           0x0040a000        0x8 c:/devenv/mingw/bin/../lib/gcc/mingw32/6.3.0/../../../crt2.o
                0x0040a000                _argv
                0x0040a004                _argc
 .bss           0x0040a008       0x18 c:/devenv/mingw/bin/../lib/gcc/mingw32/6.3.0/crtbegin.o
 .bss           0x0040a020       0x30 ./obj/main.o
 .bss           0x0040a050        0x0 ./obj/crc.o
 .bss           0x0040a050        0x0 ./obj/lz.o
 .bss           0x0040a050        0x0 c:/devenv/mingw/bin/../lib/gcc/mingw32/6.3.0/../../../libmingw32.a(CRTglob.o)
 .bss           0x0040a050        0x0 c:/devenv/mingw/bin/../lib/gcc/mingw32/6.3.0/../../../libmingw32.a(setargv.o)
 .bss           0x0040a050        0x4 c:/devenv/mingw/bin/../lib/gcc/mingw32/6.3.0/../../../libmingw32.a(CRTfmode.o)
                0x0040a050                _CRT_fmode
 .bss           0x0040a054        0x4 c:/devenv/mingw/bin/../lib/gcc/mingw32/6.3.0/../../../libmingw32.a(cpu_features.o)
                0x0040a054                __cpu_features
 .bss           0x0040a058        0x0 c:/devenv/mingw/bin/../lib/gcc/mingw32/6.3.0/../../../libmingw32.a(CRT_fp10.o)
 .bss           0x0040a058        0x0 c:/devenv/mingw/bin/../lib/gcc/mingw32/6.3.0/../../../libmingw32.a(txtmode.o)
 .bss           0x0040a058        0x4 c:/devenv/mingw/bin/../lib/gcc/mingw32/6.3.0/../../../libmingw32.a(gccmain.o)
 .bss           0x0040a05c       0x10 c:/devenv/mingw/bin/../lib/gcc/mingw32/6.3.0/../../../libmingw32.a(tlssup.o)
                0x0040a05c                mingw_initltssuo_force
                0x0040a060                mingw_initltsdyn_force
                0x0040a064                mingw_initltsdrot_force
                0x0040a068                _tls_index
 .bss           0x0040a06c       0x20 c:/devenv/mingw/bin/../lib/gcc/mingw32/6.3.0/../../../libmingw32.a(tlsthrd.o)
 .bss           0x0040a08c        0x4 c:/devenv/mingw/bin/../lib/gcc/mingw32/6.3.0/../../../libmingw32.a(pseudo-reloc.o)
 .bss           0x0040a090        0x4 c:/devenv/mingw/bin/../lib/gcc/mingw32/6.3.0/../../../libmingw32.a(pseudo-reloc-list.o)
 .bss           0x0040a094        0x4 c:/devenv/mingw/bin/../lib/gcc/mingw32/6.3.0/../../../libmingw32.a(crtst.o)
                0x0040a094                _CRT_MT
 .bss           0x0040a098        0x0 c:/devenv/mingw/bin/../lib/gcc/mingw32/6.3.0/libgcc.a(_chkstk_ms.o)
 .bss           0x0040a098        0x0 c:/devenv/mingw/bin/../lib/gcc/mingw32/6.3.0/libgcc.a(_ctors.o)
 .bss           0x0040a098        0x0 c:/devenv/mingw/bin/../lib/gcc/mingw32/6.3.0/../../../libmingwex.a(fesetenv.o)
 .bss           0x0040a098        0x0 c:/devenv/mingw/bin/../lib/gcc/mingw32/6.3.0/../../../libmingwex.a(glob.o)
 .bss           0x0040a098        0x4 c:/devenv/mingw/bin/../lib/gcc/mingw32/6.3.0/../../../libmingwex.a(dirname.o)
 .bss           0x0040a09c        0x0 c:/devenv/mingw/bin/../lib/gcc/mingw32/6.3.0/../../../libmingwex.a(dirent.o)
 .bss           0x0040a09c        0x0 c:/devenv/mingw/bin/../lib/gcc/mingw32/6.3.0/../../../libmsvcrt.a(djpvbs01325.o)
 .bss           0x0040a09c        0x0 c:/devenv/mingw/bin/../lib/gcc/mingw32/6.3.0/../../../libmsvcrt.a(djpvbs01284.o)
 .bss           0x0040a09c        0x0 c:/devenv/mingw/bin/../lib/gcc/mingw32/6.3.0/../../../libmsvcrt.a(djpvbs01277.o)
 .bss           0x0040a09c        0x0 c:/devenv/mingw/bin/../lib/gcc/mingw32/6.3.0/../../../libmsvcrt.a(djpvbs01252.o)
 .bss           0x0040a09c        0x0 c:/devenv/mingw/bin/../lib/gcc/mingw32/6.3.0/../../../libmsvcrt.a(djpvbs01249.o)
 .bss           0x0040a09c        0x0 c:/devenv/mingw/bin/../lib/gcc/mingw32/6.3.0/../../../libmsvcrt.a(djpvbs01242.o)
 .bss           0x0040a09c        0x0 c:/devenv/mingw/bin/../lib/gcc/mingw32/6.3.0/../../../libmsvcrt.a(djpvbs01232.o)
 .bss           0x0040a09c        0x0 c:/devenv/mingw/bin/../lib/gcc/mingw32/6.3.0/../../../libmsvcrt.a(djpvbs01229.o)
 .bss           0x0040a09c        0x0 c:/devenv/mingw/bin/../lib/gcc/mingw32/6.3.0/../../../libmsvcrt.a(djpvbs01227.o)
 .bss           0x0040a09c        0x0 c:/devenv/mingw/bin/../lib/gcc/mingw32/6.3.0/../../../libmsvcrt.a(djpvbs01220.o)
 .bss           0x0040a09c        0x0 c:/devenv/mingw/bin/../lib/gcc/mingw32/6.3.0/../../../libmsvcrt.a(djpvbs01212.o)
 .bss           0x0040a09c        0x0 c:/devenv/mingw/bin/../lib/gcc/mingw32/6.3.0/../../../libmsvcrt.a(djpvbs01208.o)
 .bss           0x0040a09c        0x0 c:/devenv/mingw/bin/../lib/gcc/mingw32/6.3.0/../../../libmsvcrt.a(djpvbs01203.o)
 .bss           0x0040a09c        0x0 c:/devenv/mingw/bin/../lib/gcc/mingw32/6.3.0/../../../libmsvcrt.a(djpvbs01199.o)
 .bss           0x0040a09c        0x0 c:/devenv/mingw/bin/../lib/gcc/mingw32/6.3.0/../../../libmsvcrt.a(djpvbs01194.o)
 .bss           0x0040a09c        0x0 c:/devenv/mingw/bin/../lib/gcc/mingw32/6.3.0/../../../libmsvcrt.a(djpvbs01187.o)
 .bss           0x0040a09c        0x0 c:/devenv/mingw/bin/../lib/gcc/mingw32/6.3.0/../../../libmsvcrt.a(djpvbs01142.o)
 .bss           0x0040a09c        0x0 c:/devenv/mingw/bin/../lib/gcc/mingw32/6.3.0/../../../libmsvcrt.a(djpvbs01139.o)
 .bss           0x0040a09c        0x0 c:/devenv/mingw/bin/../lib/gcc/mingw32/6.3.0/../../../libmsvcrt.a(djpvbs01137.o)
 .bss           0x0040a09c        0x0 c:/devenv/mingw/bin/../lib/gcc/mingw32/6.3.0/../../../libmsvcrt.a(djpvbs01131.o)
 .bss           0x0040a09c        0x0 c:/devenv/mingw/bin/../lib/gcc/mingw32/6.3.0/../../../libmsvcrt.a(djpvbs01130.o)
 .bss           0x0040a09c        0x0 c:/devenv/mingw/bin/../lib/gcc/mingw32/6.3.0/../../../libmsvcrt.a(djpvbs01122.o)
 .bss           0x0040a09c        0x0 c:/devenv/mingw/bin/../lib/gcc/mingw32/6.3.0/../../../libmsvcrt.a(djpvbs01111.o)
 .bss           0x0040a09c        0x0 c:/devenv/mingw/bin/../lib/gcc/mingw32/6.3.0/../../../libmsvcrt.a(djpvbs01098.o)
 .bss           0x0040a09c        0x0 c:/devenv/mingw/bin/../lib/gcc/mingw32/6.3.0/../../../libmsvcrt.a(djpvbs01091.o)
 .bss           0x0040a09c        0x0 c:/devenv/mingw/bin/../lib/gcc/mingw32/6.3.0/../../../libmsvcrt.a(djpvbs01083.o)
 .bss           0x0040a09c        0x0 c:/devenv/mingw/bin/../lib/gcc/mingw32/6.3.0/../../../libmsvcrt.a(djpvbs00753.o)
 .bss           0x0040a09c        0x0 c:/devenv/mingw/bin/../lib/gcc/mingw32/6.3.0/../../../libmsvcrt.a(djpvbs00698.o)
 .bss           0x0040a09c        0x0 c:/devenv/mingw/bin/../lib/gcc/mingw32/6.3.0/../../../libmsvcrt.a(djpvbs00689.o)
 .bss           0x0040a09c        0x0 c:/devenv/mingw/bin/../lib/gcc/mingw32/6.3.0/../../../libmsvcrt.a(djpvbs00422.o)
 .bss           0x0040a09c        0x0 c:/devenv/mingw/bin/../lib/gcc/mingw32/6.3.0/../../../libmsvcrt.a(djpvbs00417.o)
 .bss           0x0040a09c        0x0 c:/devenv/mingw/bin/../lib/gcc/mingw32/6.3.0/../../../libmsvcrt.a(djpvbs00350.o)
 .bss           0x0040a09c        0x0 c:/devenv/mingw/bin/../lib/gcc/mingw32/6.3.0/../../../libmsvcrt.a(djpvbs00324.o)
 .bss           0x0040a09c        0x0 c:/devenv/mingw/bin/../lib/gcc/mingw32/6.3.0/../../../libmsvcrt.a(djpvbs00285.o)
 .bss           0x0040a09c        0x0 c:/devenv/mingw/bin/../lib/gcc/mingw32/6.3.0/../../../libmsvcrt.a(djpvbs00219.o)
 .bss           0x0040a09c        0x0 c:/devenv/mingw/bin/../lib/gcc/mingw32/6.3.0/../../../libmsvcrt.a(djpvbs00153.o)
 .bss           0x0040a09c        0x0 c:/devenv/mingw/bin/../lib/gcc/mingw32/6.3.0/../../../libmsvcrt.a(djpvbs00133.o)
 .bss           0x0040a09c        0x0 c:/devenv/mingw/bin/../lib/gcc/mingw32/6.3.0/../../../libmsvcrt.a(djpvbs00131.o)
 .bss           0x0040a09c        0x0 c:/devenv/mingw/bin/../lib/gcc/mingw32/6.3.0/../../../libmsvcrt.a(djpvbs00119.o)
 .bss           0x0040a09c        0x0 c:/devenv/mingw/bin/../lib/gcc/mingw32/6.3.0/../../../libmsvcrt.a(djpvbs00088.o)
 .bss           0x0040a09c        0x0 c:/devenv/mingw/bin/../lib/gcc/mingw32/6.3.0/../../../libmsvcrt.a(djpvbh.o)
 .bss           0x0040a09c        0x0 c:/devenv/mingw/bin/../lib/gcc/mingw32/6.3.0/../../../libmsvcrt.a(djpvbt.o)
 .bss           0x0040a09c        0x0 c:/devenv/mingw/bin/../lib/gcc/mingw32/6.3.0/../../../libkernel32.a(dujcs01215.o)
 .bss           0x0040a09c        0x0 c:/devenv/mingw/bin/../lib/gcc/mingw32/6.3.0/../../../libkernel32.a(dujcs01213.o)
 .bss           0x0040a09c        0x0 c:/devenv/mingw/bin/../lib/gcc/mingw32/6.3.0/../../../libkernel32.a(dujcs01173.o)
 .bss           0x0040a09c        0x0 c:/devenv/mingw/bin/../lib/gcc/mingw32/6.3.0/../../../libkernel32.a(dujcs01140.o)
 .bss           0x0040a09c        0x0 c:/devenv/mingw/bin/../lib/gcc/mingw32/6.3.0/../../../libkernel32.a(dujcs00817.o)
 .bss           0x0040a09c        0x0 c:/devenv/mingw/bin/../lib/gcc/mingw32/6.3.0/../../../libkernel32.a(dujcs00814.o)
 .bss           0x0040a09c        0x0 c:/devenv/mingw/bin/../lib/gcc/mingw32/6.3.0/../../../libkernel32.a(dujcs00734.o)
 .bss           0x0040a09c        0x0 c:/devenv/mingw/bin/../lib/gcc/mingw32/6.3.0/../../../libkernel32.a(dujcs00577.o)
 .bss           0x0040a09c        0x0 c:/devenv/mingw/bin/../lib/gcc/mingw32/6.3.0/../../../libkernel32.a(dujcs00529.o)
 .bss           0x0040a09c        0x0 c:/devenv/mingw/bin/../lib/gcc/mingw32/6.3.0/../../../libkernel32.a(dujcs00510.o)
 .bss           0x0040a09c        0x0 c:/devenv/mingw/bin/../lib/gcc/mingw32/6.3.0/../../../libkernel32.a(dujcs00388.o)
 .bss           0x0040a09c        0x0 c:/devenv/mingw/bin/../lib/gcc/mingw32/6.3.0/../../../libkernel32.a(dujcs00352.o)
 .bss           0x0040a09c        0x0 c:/devenv/mingw/bin/../lib/gcc/mingw32/6.3.0/../../../libkernel32.a(dujcs00321.o)
 .bss           0x0040a09c        0x0 c:/devenv/mingw/bin/../lib/gcc/mingw32/6.3.0/../../../libkernel32.a(dujcs00304.o)
 .bss           0x0040a09c        0x0 c:/devenv/mingw/bin/../lib/gcc/mingw32/6.3.0/../../../libkernel32.a(dujcs00300.o)
 .bss           0x0040a09c        0x0 c:/devenv/mingw/bin/../lib/gcc/mingw32/6.3.0/../../../libkernel32.a(dujcs00279.o)
 .bss           0x0040a09c        0x0 c:/devenv/mingw/bin/../lib/gcc/mingw32/6.3.0/../../../libkernel32.a(dujcs00236.o)
 .bss           0x0040a09c        0x0 c:/devenv/mingw/bin/../lib/gcc/mingw32/6.3.0/../../../libkernel32.a(dujcs00207.o)
 .bss           0x0040a09c        0x0 c:/devenv/mingw/bin/../lib/gcc/mingw32/6.3.0/../../../libkernel32.a(dujch.o)
 .bss           0x0040a09c        0x0 c:/devenv/mingw/bin/../lib/gcc/mingw32/6.3.0/../../../libkernel32.a(dujct.o)
 .bss           0x0040a09c        0x0 c:/devenv/mingw/bin/../lib/gcc/mingw32/6.3.0/../../../libmoldname.a(dagwbs00082.o)
 .bss           0x0040a09c        0x0 c:/devenv/mingw/bin/../lib/gcc/mingw32/6.3.0/../../../libmoldname.a(dagwbs00080.o)
 .bss           0x0040a09c        0x0 c:/devenv/mingw/bin/../lib/gcc/mingw32/6.3.0/../../../libmoldname.a(dagwbh.o)
 .bss           0x0040a09c        0x0 c:/devenv/mingw/bin/../lib/gcc/mingw32/6.3.0/../../../libmoldname.a(dagwbt.o)
 .bss           0x0040a09c        0x0 c:/devenv/mingw/bin/../lib/gcc/mingw32/6.3.0/crtend.o
 *(COMMON)
 COMMON         0x0040a09c        0x4 c:/devenv/mingw/bin/../lib/gcc/mingw32/6.3.0/crtbegin.o
                0x0040a09c                hmod_libgcc
 COMMON         0x0040a0a0        0x0 c:/devenv/mingw/bin/../lib/gcc/mingw32/6.3.0/libgcc.a(_ctors.o)
                0x0040a0a0                __bss_end__ = .

.edata
 *(.edata)

/DISCARD/
 *(.debug$S)
 *(.debug$T)
 *(.debug$F)
 *(.drectve)
 *(.note.GNU-stack)
 *(.gnu.lto_*)

.idata          0x0040b000      0x800
 SORT(*)(.idata$2)
 .idata$2       0x0040b000       0x14 c:/devenv/mingw/bin/../lib/gcc/mingw32/6.3.0/../../../libkernel32.a(dujch.o)
                0x0040b000                _head_libkernel32_a
 .idata$2       0x0040b014       0x14 c:/devenv/mingw/bin/../lib/gcc/mingw32/6.3.0/../../../libmoldname.a(dagwbh.o)
                0x0040b014                _head_libmoldname_a
 .idata$2       0x0040b028       0x14 c:/devenv/mingw/bin/../lib/gcc/mingw32/6.3.0/../../../libmsvcrt.a(djpvbh.o)
                0x0040b028                _head_libmsvcrt_a
 SORT(*)(.idata$3)
                0x0040b03c        0x4 LONG 0x0
                0x0040b040        0x4 LONG 0x0
                0x0040b044        0x4 LONG 0x0
                0x0040b048        0x4 LONG 0x0
                0x0040b04c        0x4 LONG 0x0
 SORT(*)(.idata$4)
 .idata$4       0x0040b050        0x0 c:/devenv/mingw/bin/../lib/gcc/mingw32/6.3.0/../../../libkernel32.a(dujch.o)
 .idata$4       0x0040b050        0x4 c:/devenv/mingw/bin/../lib/gcc/mingw32/6.3.0/../../../libkernel32.a(dujcs00207.o)
 .idata$4       0x0040b054        0x4 c:/devenv/mingw/bin/../lib/gcc/mingw32/6.3.0/../../../libkernel32.a(dujcs00236.o)
 .idata$4       0x0040b058        0x4 c:/devenv/mingw/bin/../lib/gcc/mingw32/6.3.0/../../../libkernel32.a(dujcs00279.o)
 .idata$4       0x0040b05c        0x4 c:/devenv/mingw/bin/../lib/gcc/mingw32/6.3.0/../../../libkernel32.a(dujcs00300.o)
 .idata$4       0x0040b060        0x4 c:/devenv/mingw/bin/../lib/gcc/mingw32/6.3.0/../../../libkernel32.a(dujcs00304.o)
 .idata$4       0x0040b064        0x4 c:/devenv/mingw/bin/../lib/gcc/mingw32/6.3.0/../../../libkernel32.a(dujcs00321.o)
 .idata$4       0x0040b068        0x4 c:/devenv/mingw/bin/../lib/gcc/mingw32/6.3.0/../../../libkernel32.a(dujcs00352.o)
 .idata$4       0x0040b06c        0x4 c:/devenv/mingw/bin/../lib/gcc/mingw32/6.3.0/../../../libkernel32.a(dujcs00388.o)
 .idata$4       0x0040b070        0x4 c:/devenv/mingw/bin/../lib/gcc/mingw32/6.3.0/../../../libkernel32.a(dujcs00510.o)
 .idata$4       0x0040b074        0x4 c:/devenv/mingw/bin/../lib/gcc/mingw32/6.3.0/../../../libkernel32.a(dujcs00529.o)
 .idata$4       0x0040b078        0x4 c:/devenv/mingw/bin/../lib/gcc/mingw32/6.3.0/../../../libkernel32.a(dujcs00577.o)
 .idata$4       0x0040b07c        0x4 c:/devenv/mingw/bin/../lib/gcc/mingw32/6.3.0/../../../libkernel32.a(dujcs00734.o)
 .idata$4       0x0040b080        0x4 c:/devenv/mingw/bin/../lib/gcc/mingw32/6.3.0/../../../libkernel32.a(dujcs00814.o)
 .idata$4       0x0040b084        0x4 c:/devenv/mingw/bin/../lib/gcc/mingw32/6.3.0/../../../libkernel32.a(dujcs00817.o)
 .idata$4       0x0040b088        0x4 c:/devenv/mingw/bin/../lib/gcc/mingw32/6.3.0/../../../libkernel32.a(dujcs01140.o)
 .idata$4       0x0040b08c        0x4 c:/devenv/mingw/bin/../lib/gcc/mingw32/6.3.0/../../../libkernel32.a(dujcs01173.o)
 .idata$4       0x0040b090        0x4 c:/devenv/mingw/bin/../lib/gcc/mingw32/6.3.0/../../../libkernel32.a(dujcs01213.o)
 .idata$4       0x0040b094        0x4 c:/devenv/mingw/bin/../lib/gcc/mingw32/6.3.0/../../../libkernel32.a(dujcs01215.o)
 .idata$4       0x0040b098        0x4 c:/devenv/mingw/bin/../lib/gcc/mingw32/6.3.0/../../../libkernel32.a(dujct.o)
 .idata$4       0x0040b09c        0x0 c:/devenv/mingw/bin/../lib/gcc/mingw32/6.3.0/../../../libmoldname.a(dagwbh.o)
 .idata$4       0x0040b09c        0x4 c:/devenv/mingw/bin/../lib/gcc/mingw32/6.3.0/../../../libmoldname.a(dagwbs00080.o)
 .idata$4       0x0040b0a0        0x4 c:/devenv/mingw/bin/../lib/gcc/mingw32/6.3.0/../../../libmoldname.a(dagwbs00082.o)
 .idata$4       0x0040b0a4        0x4 c:/devenv/mingw/bin/../lib/gcc/mingw32/6.3.0/../../../libmoldname.a(dagwbt.o)
 .idata$4       0x0040b0a8        0x0 c:/devenv/mingw/bin/../lib/gcc/mingw32/6.3.0/../../../libmsvcrt.a(djpvbh.o)
 .idata$4       0x0040b0a8        0x4 c:/devenv/mingw/bin/../lib/gcc/mingw32/6.3.0/../../../libmsvcrt.a(djpvbs00088.o)
 .idata$4       0x0040b0ac        0x4 c:/devenv/mingw/bin/../lib/gcc/mingw32/6.3.0/../../../libmsvcrt.a(djpvbs00119.o)
 .idata$4       0x0040b0b0        0x4 c:/devenv/mingw/bin/../lib/gcc/mingw32/6.3.0/../../../libmsvcrt.a(djpvbs00131.o)
 .idata$4       0x0040b0b4        0x4 c:/devenv/mingw/bin/../lib/gcc/mingw32/6.3.0/../../../libmsvcrt.a(djpvbs00133.o)
 .idata$4       0x0040b0b8        0x4 c:/devenv/mingw/bin/../lib/gcc/mingw32/6.3.0/../../../libmsvcrt.a(djpvbs00153.o)
 .idata$4       0x0040b0bc        0x4 c:/devenv/mingw/bin/../lib/gcc/mingw32/6.3.0/../../../libmsvcrt.a(djpvbs00219.o)
 .idata$4       0x0040b0c0        0x4 c:/devenv/mingw/bin/../lib/gcc/mingw32/6.3.0/../../../libmsvcrt.a(djpvbs00285.o)
 .idata$4       0x0040b0c4        0x4 c:/devenv/mingw/bin/../lib/gcc/mingw32/6.3.0/../../../libmsvcrt.a(djpvbs00324.o)
 .idata$4       0x0040b0c8        0x4 c:/devenv/mingw/bin/../lib/gcc/mingw32/6.3.0/../../../libmsvcrt.a(djpvbs00350.o)
 .idata$4       0x0040b0cc        0x4 c:/devenv/mingw/bin/../lib/gcc/mingw32/6.3.0/../../../libmsvcrt.a(djpvbs00417.o)
 .idata$4       0x0040b0d0        0x4 c:/devenv/mingw/bin/../lib/gcc/mingw32/6.3.0/../../../libmsvcrt.a(djpvbs00422.o)
 .idata$4       0x0040b0d4        0x4 c:/devenv/mingw/bin/../lib/gcc/mingw32/6.3.0/../../../libmsvcrt.a(djpvbs00689.o)
 .idata$4       0x0040b0d8        0x4 c:/devenv/mingw/bin/../lib/gcc/mingw32/6.3.0/../../../libmsvcrt.a(djpvbs00698.o)
 .idata$4       0x0040b0dc        0x4 c:/devenv/mingw/bin/../lib/gcc/mingw32/6.3.0/../../../libmsvcrt.a(djpvbs00753.o)
 .idata$4       0x0040b0e0        0x4 c:/devenv/mingw/bin/../lib/gcc/mingw32/6.3.0/../../../libmsvcrt.a(djpvbs01083.o)
 .idata$4       0x0040b0e4        0x4 c:/devenv/mingw/bin/../lib/gcc/mingw32/6.3.0/../../../libmsvcrt.a(djpvbs01091.o)
 .idata$4       0x0040b0e8        0x4 c:/devenv/mingw/bin/../lib/gcc/mingw32/6.3.0/../../../libmsvcrt.a(djpvbs01098.o)
 .idata$4       0x0040b0ec        0x4 c:/devenv/mingw/bin/../lib/gcc/mingw32/6.3.0/../../../libmsvcrt.a(djpvbs01111.o)
 .idata$4       0x0040b0f0        0x4 c:/devenv/mingw/bin/../lib/gcc/mingw32/6.3.0/../../../libmsvcrt.a(djpvbs01122.o)
 .idata$4       0x0040b0f4        0x4 c:/devenv/mingw/bin/../lib/gcc/mingw32/6.3.0/../../../libmsvcrt.a(djpvbs01130.o)
 .idata$4       0x0040b0f8        0x4 c:/devenv/mingw/bin/../lib/gcc/mingw32/6.3.0/../../../libmsvcrt.a(djpvbs01131.o)
 .idata$4       0x0040b0fc        0x4 c:/devenv/mingw/bin/../lib/gcc/mingw32/6.3.0/../../../libmsvcrt.a(djpvbs01137.o)
 .idata$4       0x0040b100        0x4 c:/devenv/mingw/bin/../lib/gcc/mingw32/6.3.0/../../../libmsvcrt.a(djpvbs01139.o)
 .idata$4       0x0040b104        0x4 c:/devenv/mingw/bin/../lib/gcc/mingw32/6.3.0/../../../libmsvcrt.a(djpvbs01142.o)
 .idata$4       0x0040b108        0x4 c:/devenv/mingw/bin/../lib/gcc/mingw32/6.3.0/../../../libmsvcrt.a(djpvbs01187.o)
 .idata$4       0x0040b10c        0x4 c:/devenv/mingw/bin/../lib/gcc/mingw32/6.3.0/../../../libmsvcrt.a(djpvbs01194.o)
 .idata$4       0x0040b110        0x4 c:/devenv/mingw/bin/../lib/gcc/mingw32/6.3.0/../../../libmsvcrt.a(djpvbs01199.o)
 .idata$4       0x0040b114        0x4 c:/devenv/mingw/bin/../lib/gcc/mingw32/6.3.0/../../../libmsvcrt.a(djpvbs01203.o)
 .idata$4       0x0040b118        0x4 c:/devenv/mingw/bin/../lib/gcc/mingw32/6.3.0/../../../libmsvcrt.a(djpvbs01208.o)
 .idata$4       0x0040b11c        0x4 c:/devenv/mingw/bin/../lib/gcc/mingw32/6.3.0/../../../libmsvcrt.a(djpvbs01212.o)
 .idata$4       0x0040b120        0x4 c:/devenv/mingw/bin/../lib/gcc/mingw32/6.3.0/../../../libmsvcrt.a(djpvbs01220.o)
 .idata$4       0x0040b124        0x4 c:/devenv/mingw/bin/../lib/gcc/mingw32/6.3.0/../../../libmsvcrt.a(djpvbs01227.o)
 .idata$4       0x0040b128        0x4 c:/devenv/mingw/bin/../lib/gcc/mingw32/6.3.0/../../../libmsvcrt.a(djpvbs01229.o)
 .idata$4       0x0040b12c        0x4 c:/devenv/mingw/bin/../lib/gcc/mingw32/6.3.0/../../../libmsvcrt.a(djpvbs01232.o)
 .idata$4       0x0040b130        0x4 c:/devenv/mingw/bin/../lib/gcc/mingw32/6.3.0/../../../libmsvcrt.a(djpvbs01242.o)
 .idata$4       0x0040b134        0x4 c:/devenv/mingw/bin/../lib/gcc/mingw32/6.3.0/../../../libmsvcrt.a(djpvbs01249.o)
 .idata$4       0x0040b138        0x4 c:/devenv/mingw/bin/../lib/gcc/mingw32/6.3.0/../../../libmsvcrt.a(djpvbs01252.o)
 .idata$4       0x0040b13c        0x4 c:/devenv/mingw/bin/../lib/gcc/mingw32/6.3.0/../../../libmsvcrt.a(djpvbs01277.o)
 .idata$4       0x0040b140        0x4 c:/devenv/mingw/bin/../lib/gcc/mingw32/6.3.0/../../../libmsvcrt.a(djpvbs01284.o)
 .idata$4       0x0040b144        0x4 c:/devenv/mingw/bin/../lib/gcc/mingw32/6.3.0/../../../libmsvcrt.a(djpvbs01325.o)
 .idata$4       0x0040b148        0x4 c:/devenv/mingw/bin/../lib/gcc/mingw32/6.3.0/../../../libmsvcrt.a(djpvbt.o)
                0x0040b14c                __IAT_start__ = .
 SORT(*)(.idata$5)
 .idata$5       0x0040b14c        0x0 c:/devenv/mingw/bin/../lib/gcc/mingw32/6.3.0/../../../libkernel32.a(dujch.o)
 .idata$5       0x0040b14c        0x4 c:/devenv/mingw/bin/../lib/gcc/mingw32/6.3.0/../../../libkernel32.a(dujcs00207.o)
                0x0040b14c                _imp__DeleteCriticalSection@4
 .idata$5       0x0040b150        0x4 c:/devenv/mingw/bin/../lib/gcc/mingw32/6.3.0/../../../libkernel32.a(dujcs00236.o)
                0x0040b150                _imp__EnterCriticalSection@4
 .idata$5       0x0040b154        0x4 c:/devenv/mingw/bin/../lib/gcc/mingw32/6.3.0/../../../libkernel32.a(dujcs00279.o)
                0x0040b154                _imp__ExitProcess@4
 .idata$5       0x0040b158        0x4 c:/devenv/mingw/bin/../lib/gcc/mingw32/6.3.0/../../../libkernel32.a(dujcs00300.o)
                0x0040b158                _imp__FindClose@4
 .idata$5       0x0040b15c        0x4 c:/devenv/mingw/bin/../lib/gcc/mingw32/6.3.0/../../../libkernel32.a(dujcs00304.o)
                0x0040b15c                _imp__FindFirstFileA@8
 .idata$5       0x0040b160        0x4 c:/devenv/mingw/bin/../lib/gcc/mingw32/6.3.0/../../../libkernel32.a(dujcs00321.o)
                0x0040b160                _imp__FindNextFileA@8
 .idata$5       0x0040b164        0x4 c:/devenv/mingw/bin/../lib/gcc/mingw32/6.3.0/../../../libkernel32.a(dujcs00352.o)
                0x0040b164                _imp__FreeLibrary@4
 .idata$5       0x0040b168        0x4 c:/devenv/mingw/bin/../lib/gcc/mingw32/6.3.0/../../../libkernel32.a(dujcs00388.o)
                0x0040b168                _imp__GetCommandLineA@0
 .idata$5       0x0040b16c        0x4 c:/devenv/mingw/bin/../lib/gcc/mingw32/6.3.0/../../../libkernel32.a(dujcs00510.o)
                0x0040b16c                _imp__GetLastError@0
 .idata$5       0x0040b170        0x4 c:/devenv/mingw/bin/../lib/gcc/mingw32/6.3.0/../../../libkernel32.a(dujcs00529.o)
                0x0040b170                _imp__GetModuleHandleA@4
 .idata$5       0x0040b174        0x4 c:/devenv/mingw/bin/../lib/gcc/mingw32/6.3.0/../../../libkernel32.a(dujcs00577.o)
                0x0040b174                _imp__GetProcAddress@8
 .idata$5       0x0040b178        0x4 c:/devenv/mingw/bin/../lib/gcc/mingw32/6.3.0/../../../libkernel32.a(dujcs00734.o)
                0x0040b178                _imp__InitializeCriticalSection@4
 .idata$5       0x0040b17c        0x4 c:/devenv/mingw/bin/../lib/gcc/mingw32/6.3.0/../../../libkernel32.a(dujcs00814.o)
                0x0040b17c                _imp__LeaveCriticalSection@4
 .idata$5       0x0040b180        0x4 c:/devenv/mingw/bin/../lib/gcc/mingw32/6.3.0/../../../libkernel32.a(dujcs00817.o)
                0x0040b180                _imp__LoadLibraryA@4
 .idata$5       0x0040b184        0x4 c:/devenv/mingw/bin/../lib/gcc/mingw32/6.3.0/../../../libkernel32.a(dujcs01140.o)
                0x0040b184                _imp__SetUnhandledExceptionFilter@4
 .idata$5       0x0040b188        0x4 c:/devenv/mingw/bin/../lib/gcc/mingw32/6.3.0/../../../libkernel32.a(dujcs01173.o)
                0x0040b188                _imp__TlsGetValue@4
 .idata$5       0x0040b18c        0x4 c:/devenv/mingw/bin/../lib/gcc/mingw32/6.3.0/../../../libkernel32.a(dujcs01213.o)
                0x0040b18c                _imp__VirtualProtect@16
 .idata$5       0x0040b190        0x4 c:/devenv/mingw/bin/../lib/gcc/mingw32/6.3.0/../../../libkernel32.a(dujcs01215.o)
                0x0040b190                _imp__VirtualQuery@12
 .idata$5       0x0040b194        0x4 c:/devenv/mingw/bin/../lib/gcc/mingw32/6.3.0/../../../libkernel32.a(dujct.o)
 .idata$5       0x0040b198        0x0 c:/devenv/mingw/bin/../lib/gcc/mingw32/6.3.0/../../../libmoldname.a(dagwbh.o)
 .idata$5       0x0040b198        0x4 c:/devenv/mingw/bin/../lib/gcc/mingw32/6.3.0/../../../libmoldname.a(dagwbs00080.o)
                0x0040b198                _imp__strdup
 .idata$5       0x0040b19c        0x4 c:/devenv/mingw/bin/../lib/gcc/mingw32/6.3.0/../../../libmoldname.a(dagwbs00082.o)
                0x0040b19c                _imp__stricoll
 .idata$5       0x0040b1a0        0x4 c:/devenv/mingw/bin/../lib/gcc/mingw32/6.3.0/../../../libmoldname.a(dagwbt.o)
 .idata$5       0x0040b1a4        0x0 c:/devenv/mingw/bin/../lib/gcc/mingw32/6.3.0/../../../libmsvcrt.a(djpvbh.o)
 .idata$5       0x0040b1a4        0x4 c:/devenv/mingw/bin/../lib/gcc/mingw32/6.3.0/../../../libmsvcrt.a(djpvbs00088.o)
                0x0040b1a4                _imp____getmainargs
 .idata$5       0x0040b1a8        0x4 c:/devenv/mingw/bin/../lib/gcc/mingw32/6.3.0/../../../libmsvcrt.a(djpvbs00119.o)
                0x0040b1a8                _imp____mb_cur_max
 .idata$5       0x0040b1ac        0x4 c:/devenv/mingw/bin/../lib/gcc/mingw32/6.3.0/../../../libmsvcrt.a(djpvbs00131.o)
                0x0040b1ac                _imp____p__environ
 .idata$5       0x0040b1b0        0x4 c:/devenv/mingw/bin/../lib/gcc/mingw32/6.3.0/../../../libmsvcrt.a(djpvbs00133.o)
                0x0040b1b0                _imp____p__fmode
 .idata$5       0x0040b1b4        0x4 c:/devenv/mingw/bin/../lib/gcc/mingw32/6.3.0/../../../libmsvcrt.a(djpvbs00153.o)
                0x0040b1b4                _imp____set_app_type
 .idata$5       0x0040b1b8        0x4 c:/devenv/mingw/bin/../lib/gcc/mingw32/6.3.0/../../../libmsvcrt.a(djpvbs00219.o)
                0x0040b1b8                _imp___cexit
 .idata$5       0x0040b1bc        0x4 c:/devenv/mingw/bin/../lib/gcc/mingw32/6.3.0/../../../libmsvcrt.a(djpvbs00285.o)
                0x0040b1bc                _imp___errno
 .idata$5       0x0040b1c0        0x4 c:/devenv/mingw/bin/../lib/gcc/mingw32/6.3.0/../../../libmsvcrt.a(djpvbs00324.o)
                0x0040b1c0                _imp___fpreset
 .idata$5       0x0040b1c4        0x4 c:/devenv/mingw/bin/../lib/gcc/mingw32/6.3.0/../../../libmsvcrt.a(djpvbs00350.o)
                0x0040b1c4                _imp___fullpath
 .idata$5       0x0040b1c8        0x4 c:/devenv/mingw/bin/../lib/gcc/mingw32/6.3.0/../../../libmsvcrt.a(djpvbs00417.o)
                0x0040b1c8                _imp___iob
 .idata$5       0x0040b1cc        0x4 c:/devenv/mingw/bin/../lib/gcc/mingw32/6.3.0/../../../libmsvcrt.a(djpvbs00422.o)
                0x0040b1cc                _imp___isctype
 .idata$5       0x0040b1d0        0x4 c:/devenv/mingw/bin/../lib/gcc/mingw32/6.3.0/../../../libmsvcrt.a(djpvbs00689.o)
                0x0040b1d0                _imp___onexit
 .idata$5       0x0040b1d4        0x4 c:/devenv/mingw/bin/../lib/gcc/mingw32/6.3.0/../../../libmsvcrt.a(djpvbs00698.o)
                0x0040b1d4                _imp___pctype
 .idata$5       0x0040b1d8        0x4 c:/devenv/mingw/bin/../lib/gcc/mingw32/6.3.0/../../../libmsvcrt.a(djpvbs00753.o)
                0x0040b1d8                _imp___setmode
 .idata$5       0x0040b1dc        0x4 c:/devenv/mingw/bin/../lib/gcc/mingw32/6.3.0/../../../libmsvcrt.a(djpvbs01083.o)
                0x0040b1dc                _imp__abort
 .idata$5       0x0040b1e0        0x4 c:/devenv/mingw/bin/../lib/gcc/mingw32/6.3.0/../../../libmsvcrt.a(djpvbs01091.o)
                0x0040b1e0                _imp__atexit
 .idata$5       0x0040b1e4        0x4 c:/devenv/mingw/bin/../lib/gcc/mingw32/6.3.0/../../../libmsvcrt.a(djpvbs01098.o)
                0x0040b1e4                _imp__calloc
 .idata$5       0x0040b1e8        0x4 c:/devenv/mingw/bin/../lib/gcc/mingw32/6.3.0/../../../libmsvcrt.a(djpvbs01111.o)
                0x0040b1e8                _imp__fclose
 .idata$5       0x0040b1ec        0x4 c:/devenv/mingw/bin/../lib/gcc/mingw32/6.3.0/../../../libmsvcrt.a(djpvbs01122.o)
                0x0040b1ec                _imp__fopen
 .idata$5       0x0040b1f0        0x4 c:/devenv/mingw/bin/../lib/gcc/mingw32/6.3.0/../../../libmsvcrt.a(djpvbs01130.o)
                0x0040b1f0                _imp__fread
 .idata$5       0x0040b1f4        0x4 c:/devenv/mingw/bin/../lib/gcc/mingw32/6.3.0/../../../libmsvcrt.a(djpvbs01131.o)
                0x0040b1f4                _imp__free
 .idata$5       0x0040b1f8        0x4 c:/devenv/mingw/bin/../lib/gcc/mingw32/6.3.0/../../../libmsvcrt.a(djpvbs01137.o)
                0x0040b1f8                _imp__fseek
 .idata$5       0x0040b1fc        0x4 c:/devenv/mingw/bin/../lib/gcc/mingw32/6.3.0/../../../libmsvcrt.a(djpvbs01139.o)
                0x0040b1fc                _imp__ftell
 .idata$5       0x0040b200        0x4 c:/devenv/mingw/bin/../lib/gcc/mingw32/6.3.0/../../../libmsvcrt.a(djpvbs01142.o)
                0x0040b200                _imp__fwrite
 .idata$5       0x0040b204        0x4 c:/devenv/mingw/bin/../lib/gcc/mingw32/6.3.0/../../../libmsvcrt.a(djpvbs01187.o)
                0x0040b204                _imp__malloc
 .idata$5       0x0040b208        0x4 c:/devenv/mingw/bin/../lib/gcc/mingw32/6.3.0/../../../libmsvcrt.a(djpvbs01194.o)
                0x0040b208                _imp__mbstowcs
 .idata$5       0x0040b20c        0x4 c:/devenv/mingw/bin/../lib/gcc/mingw32/6.3.0/../../../libmsvcrt.a(djpvbs01199.o)
                0x0040b20c                _imp__memcpy
 .idata$5       0x0040b210        0x4 c:/devenv/mingw/bin/../lib/gcc/mingw32/6.3.0/../../../libmsvcrt.a(djpvbs01203.o)
                0x0040b210                _imp__memset
 .idata$5       0x0040b214        0x4 c:/devenv/mingw/bin/../lib/gcc/mingw32/6.3.0/../../../libmsvcrt.a(djpvbs01208.o)
                0x0040b214                _imp__printf
 .idata$5       0x0040b218        0x4 c:/devenv/mingw/bin/../lib/gcc/mingw32/6.3.0/../../../libmsvcrt.a(djpvbs01212.o)
                0x0040b218                _imp__puts
 .idata$5       0x0040b21c        0x4 c:/devenv/mingw/bin/../lib/gcc/mingw32/6.3.0/../../../libmsvcrt.a(djpvbs01220.o)
                0x0040b21c                _imp__realloc
 .idata$5       0x0040b220        0x4 c:/devenv/mingw/bin/../lib/gcc/mingw32/6.3.0/../../../libmsvcrt.a(djpvbs01227.o)
                0x0040b220                _imp__setlocale
 .idata$5       0x0040b224        0x4 c:/devenv/mingw/bin/../lib/gcc/mingw32/6.3.0/../../../libmsvcrt.a(djpvbs01229.o)
                0x0040b224                _imp__signal
 .idata$5       0x0040b228        0x4 c:/devenv/mingw/bin/../lib/gcc/mingw32/6.3.0/../../../libmsvcrt.a(djpvbs01232.o)
                0x0040b228                _imp__sprintf
 .idata$5       0x0040b22c        0x4 c:/devenv/mingw/bin/../lib/gcc/mingw32/6.3.0/../../../libmsvcrt.a(djpvbs01242.o)
                0x0040b22c                _imp__strcoll
 .idata$5       0x0040b230        0x4 c:/devenv/mingw/bin/../lib/gcc/mingw32/6.3.0/../../../libmsvcrt.a(djpvbs01249.o)
                0x0040b230                _imp__strlen
 .idata$5       0x0040b234        0x4 c:/devenv/mingw/bin/../lib/gcc/mingw32/6.3.0/../../../libmsvcrt.a(djpvbs01252.o)
                0x0040b234                _imp__strncmp
 .idata$5       0x0040b238        0x4 c:/devenv/mingw/bin/../lib/gcc/mingw32/6.3.0/../../../libmsvcrt.a(djpvbs01277.o)
                0x0040b238                _imp__tolower
 .idata$5       0x0040b23c        0x4 c:/devenv/mingw/bin/../lib/gcc/mingw32/6.3.0/../../../libmsvcrt.a(djpvbs01284.o)
                0x0040b23c                _imp__vfprintf
 .idata$5       0x0040b240        0x4 c:/devenv/mingw/bin/../lib/gcc/mingw32/6.3.0/../../../libmsvcrt.a(djpvbs01325.o)
                0x0040b240                _imp__wcstombs
 .idata$5       0x0040b244        0x4 c:/devenv/mingw/bin/../lib/gcc/mingw32/6.3.0/../../../libmsvcrt.a(djpvbt.o)
                0x0040b248                __IAT_end__ = .
 SORT(*)(.idata$6)
 .idata$6       0x0040b248       0x18 c:/devenv/mingw/bin/../lib/gcc/mingw32/6.3.0/../../../libkernel32.a(dujcs00207.o)
 .idata$6       0x0040b260       0x18 c:/devenv/mingw/bin/../lib/gcc/mingw32/6.3.0/../../../libkernel32.a(dujcs00236.o)
 .idata$6       0x0040b278        0xe c:/devenv/mingw/bin/../lib/gcc/mingw32/6.3.0/../../../libkernel32.a(dujcs00279.o)
 .idata$6       0x0040b286        0xc c:/devenv/mingw/bin/../lib/gcc/mingw32/6.3.0/../../../libkernel32.a(dujcs00300.o)
 .idata$6       0x0040b292       0x12 c:/devenv/mingw/bin/../lib/gcc/mingw32/6.3.0/../../../libkernel32.a(dujcs00304.o)
 .idata$6       0x0040b2a4       0x10 c:/devenv/mingw/bin/../lib/gcc/mingw32/6.3.0/../../../libkernel32.a(dujcs00321.o)
 .idata$6       0x0040b2b4        0xe c:/devenv/mingw/bin/../lib/gcc/mingw32/6.3.0/../../../libkernel32.a(dujcs00352.o)
 .idata$6       0x0040b2c2       0x12 c:/devenv/mingw/bin/../lib/gcc/mingw32/6.3.0/../../../libkernel32.a(dujcs00388.o)
 .idata$6       0x0040b2d4       0x10 c:/devenv/mingw/bin/../lib/gcc/mingw32/6.3.0/../../../libkernel32.a(dujcs00510.o)
 .idata$6       0x0040b2e4       0x14 c:/devenv/mingw/bin/../lib/gcc/mingw32/6.3.0/../../../libkernel32.a(dujcs00529.o)
 .idata$6       0x0040b2f8       0x12 c:/devenv/mingw/bin/../lib/gcc/mingw32/6.3.0/../../../libkernel32.a(dujcs00577.o)
 .idata$6       0x0040b30a       0x1c c:/devenv/mingw/bin/../lib/gcc/mingw32/6.3.0/../../../libkernel32.a(dujcs00734.o)
 .idata$6       0x0040b326       0x18 c:/devenv/mingw/bin/../lib/gcc/mingw32/6.3.0/../../../libkernel32.a(dujcs00814.o)
 .idata$6       0x0040b33e       0x10 c:/devenv/mingw/bin/../lib/gcc/mingw32/6.3.0/../../../libkernel32.a(dujcs00817.o)
 .idata$6       0x0040b34e       0x1e c:/devenv/mingw/bin/../lib/gcc/mingw32/6.3.0/../../../libkernel32.a(dujcs01140.o)
 .idata$6       0x0040b36c        0xe c:/devenv/mingw/bin/../lib/gcc/mingw32/6.3.0/../../../libkernel32.a(dujcs01173.o)
 .idata$6       0x0040b37a       0x12 c:/devenv/mingw/bin/../lib/gcc/mingw32/6.3.0/../../../libkernel32.a(dujcs01213.o)
 .idata$6       0x0040b38c       0x10 c:/devenv/mingw/bin/../lib/gcc/mingw32/6.3.0/../../../libkernel32.a(dujcs01215.o)
 .idata$6       0x0040b39c        0xa c:/devenv/mingw/bin/../lib/gcc/mingw32/6.3.0/../../../libmoldname.a(dagwbs00080.o)
 .idata$6       0x0040b3a6        0xc c:/devenv/mingw/bin/../lib/gcc/mingw32/6.3.0/../../../libmoldname.a(dagwbs00082.o)
 .idata$6       0x0040b3b2       0x10 c:/devenv/mingw/bin/../lib/gcc/mingw32/6.3.0/../../../libmsvcrt.a(djpvbs00088.o)
 .idata$6       0x0040b3c2       0x10 c:/devenv/mingw/bin/../lib/gcc/mingw32/6.3.0/../../../libmsvcrt.a(djpvbs00119.o)
 .idata$6       0x0040b3d2       0x10 c:/devenv/mingw/bin/../lib/gcc/mingw32/6.3.0/../../../libmsvcrt.a(djpvbs00131.o)
 .idata$6       0x0040b3e2        0xe c:/devenv/mingw/bin/../lib/gcc/mingw32/6.3.0/../../../libmsvcrt.a(djpvbs00133.o)
 .idata$6       0x0040b3f0       0x12 c:/devenv/mingw/bin/../lib/gcc/mingw32/6.3.0/../../../libmsvcrt.a(djpvbs00153.o)
 .idata$6       0x0040b402        0xa c:/devenv/mingw/bin/../lib/gcc/mingw32/6.3.0/../../../libmsvcrt.a(djpvbs00219.o)
 .idata$6       0x0040b40c        0xa c:/devenv/mingw/bin/../lib/gcc/mingw32/6.3.0/../../../libmsvcrt.a(djpvbs00285.o)
 .idata$6       0x0040b416        0xc c:/devenv/mingw/bin/../lib/gcc/mingw32/6.3.0/../../../libmsvcrt.a(djpvbs00324.o)
 .idata$6       0x0040b422        0xc c:/devenv/mingw/bin/../lib/gcc/mingw32/6.3.0/../../../libmsvcrt.a(djpvbs00350.o)
 .idata$6       0x0040b42e        0x8 c:/devenv/mingw/bin/../lib/gcc/mingw32/6.3.0/../../../libmsvcrt.a(djpvbs00417.o)
 .idata$6       0x0040b436        0xc c:/devenv/mingw/bin/../lib/gcc/mingw32/6.3.0/../../../libmsvcrt.a(djpvbs00422.o)
 .idata$6       0x0040b442        0xa c:/devenv/mingw/bin/../lib/gcc/mingw32/6.3.0/../../../libmsvcrt.a(djpvbs00689.o)
 .idata$6       0x0040b44c        0xa c:/devenv/mingw/bin/../lib/gcc/mingw32/6.3.0/../../../libmsvcrt.a(djpvbs00698.o)
 .idata$6       0x0040b456        0xc c:/devenv/mingw/bin/../lib/gcc/mingw32/6.3.0/../../../libmsvcrt.a(djpvbs00753.o)
 .idata$6       0x0040b462        0x8 c:/devenv/mingw/bin/../lib/gcc/mingw32/6.3.0/../../../libmsvcrt.a(djpvbs01083.o)
 .idata$6       0x0040b46a        0xa c:/devenv/mingw/bin/../lib/gcc/mingw32/6.3.0/../../../libmsvcrt.a(djpvbs01091.o)
 .idata$6       0x0040b474        0xa c:/devenv/mingw/bin/../lib/gcc/mingw32/6.3.0/../../../libmsvcrt.a(djpvbs01098.o)
 .idata$6       0x0040b47e        0xa c:/devenv/mingw/bin/../lib/gcc/mingw32/6.3.0/../../../libmsvcrt.a(djpvbs01111.o)
 .idata$6       0x0040b488        0x8 c:/devenv/mingw/bin/../lib/gcc/mingw32/6.3.0/../../../libmsvcrt.a(djpvbs01122.o)
 .idata$6       0x0040b490        0x8 c:/devenv/mingw/bin/../lib/gcc/mingw32/6.3.0/../../../libmsvcrt.a(djpvbs01130.o)
 .idata$6       0x0040b498        0x8 c:/devenv/mingw/bin/../lib/gcc/mingw32/6.3.0/../../../libmsvcrt.a(djpvbs01131.o)
 .idata$6       0x0040b4a0        0x8 c:/devenv/mingw/bin/../lib/gcc/mingw32/6.3.0/../../../libmsvcrt.a(djpvbs01137.o)
 .idata$6       0x0040b4a8        0x8 c:/devenv/mingw/bin/../lib/gcc/mingw32/6.3.0/../../../libmsvcrt.a(djpvbs01139.o)
 .idata$6       0x0040b4b0        0xa c:/devenv/mingw/bin/../lib/gcc/mingw32/6.3.0/../../../libmsvcrt.a(djpvbs01142.o)
 .idata$6       0x0040b4ba        0xa c:/devenv/mingw/bin/../lib/gcc/mingw32/6.3.0/../../../libmsvcrt.a(djpvbs01187.o)
 .idata$6       0x0040b4c4        0xc c:/devenv/mingw/bin/../lib/gcc/mingw32/6.3.0/../../../libmsvcrt.a(djpvbs01194.o)
 .idata$6       0x0040b4d0        0xa c:/devenv/mingw/bin/../lib/gcc/mingw32/6.3.0/../../../libmsvcrt.a(djpvbs01199.o)
 .idata$6       0x0040b4da        0xa c:/devenv/mingw/bin/../lib/gcc/mingw32/6.3.0/../../../libmsvcrt.a(djpvbs01203.o)
 .idata$6       0x0040b4e4        0xa c:/devenv/mingw/bin/../lib/gcc/mingw32/6.3.0/../../../libmsvcrt.a(djpvbs01208.o)
 .idata$6       0x0040b4ee        0x8 c:/devenv/mingw/bin/../lib/gcc/mingw32/6.3.0/../../../libmsvcrt.a(djpvbs01212.o)
 .idata$6       0x0040b4f6        0xa c:/devenv/mingw/bin/../lib/gcc/mingw32/6.3.0/../../../libmsvcrt.a(djpvbs01220.o)
 .idata$6       0x0040b500        0xc c:/devenv/mingw/bin/../lib/gcc/mingw32/6.3.0/../../../libmsvcrt.a(djpvbs01227.o)
 .idata$6       0x0040b50c        0xa c:/devenv/mingw/bin/../lib/gcc/mingw32/6.3.0/../../../libmsvcrt.a(djpvbs01229.o)
 .idata$6       0x0040b516        0xa c:/devenv/mingw/bin/../lib/gcc/mingw32/6.3.0/../../../libmsvcrt.a(djpvbs01232.o)
 .idata$6       0x0040b520        0xa c:/devenv/mingw/bin/../lib/gcc/mingw32/6.3.0/../../../libmsvcrt.a(djpvbs01242.o)
 .idata$6       0x0040b52a        0xa c:/devenv/mingw/bin/../lib/gcc/mingw32/6.3.0/../../../libmsvcrt.a(djpvbs01249.o)
 .idata$6       0x0040b534        0xa c:/devenv/mingw/bin/../lib/gcc/mingw32/6.3.0/../../../libmsvcrt.a(djpvbs01252.o)
 .idata$6       0x0040b53e        0xa c:/devenv/mingw/bin/../lib/gcc/mingw32/6.3.0/../../../libmsvcrt.a(djpvbs01277.o)
 .idata$6       0x0040b548        0xc c:/devenv/mingw/bin/../lib/gcc/mingw32/6.3.0/../../../libmsvcrt.a(djpvbs01284.o)
 .idata$6       0x0040b554        0xc c:/devenv/mingw/bin/../lib/gcc/mingw32/6.3.0/../../../libmsvcrt.a(djpvbs01325.o)
 SORT(*)(.idata$7)
 .idata$7       0x0040b560        0x4 c:/devenv/mingw/bin/../lib/gcc/mingw32/6.3.0/../../../libkernel32.a(dujcs00207.o)
 .idata$7       0x0040b564        0x4 c:/devenv/mingw/bin/../lib/gcc/mingw32/6.3.0/../../../libkernel32.a(dujcs00236.o)
 .idata$7       0x0040b568        0x4 c:/devenv/mingw/bin/../lib/gcc/mingw32/6.3.0/../../../libkernel32.a(dujcs00279.o)
 .idata$7       0x0040b56c        0x4 c:/devenv/mingw/bin/../lib/gcc/mingw32/6.3.0/../../../libkernel32.a(dujcs00300.o)
 .idata$7       0x0040b570        0x4 c:/devenv/mingw/bin/../lib/gcc/mingw32/6.3.0/../../../libkernel32.a(dujcs00304.o)
 .idata$7       0x0040b574        0x4 c:/devenv/mingw/bin/../lib/gcc/mingw32/6.3.0/../../../libkernel32.a(dujcs00321.o)
 .idata$7       0x0040b578        0x4 c:/devenv/mingw/bin/../lib/gcc/mingw32/6.3.0/../../../libkernel32.a(dujcs00352.o)
 .idata$7       0x0040b57c        0x4 c:/devenv/mingw/bin/../lib/gcc/mingw32/6.3.0/../../../libkernel32.a(dujcs00388.o)
 .idata$7       0x0040b580        0x4 c:/devenv/mingw/bin/../lib/gcc/mingw32/6.3.0/../../../libkernel32.a(dujcs00510.o)
 .idata$7       0x0040b584        0x4 c:/devenv/mingw/bin/../lib/gcc/mingw32/6.3.0/../../../libkernel32.a(dujcs00529.o)
 .idata$7       0x0040b588        0x4 c:/devenv/mingw/bin/../lib/gcc/mingw32/6.3.0/../../../libkernel32.a(dujcs00577.o)
 .idata$7       0x0040b58c        0x4 c:/devenv/mingw/bin/../lib/gcc/mingw32/6.3.0/../../../libkernel32.a(dujcs00734.o)
 .idata$7       0x0040b590        0x4 c:/devenv/mingw/bin/../lib/gcc/mingw32/6.3.0/../../../libkernel32.a(dujcs00814.o)
 .idata$7       0x0040b594        0x4 c:/devenv/mingw/bin/../lib/gcc/mingw32/6.3.0/../../../libkernel32.a(dujcs00817.o)
 .idata$7       0x0040b598        0x4 c:/devenv/mingw/bin/../lib/gcc/mingw32/6.3.0/../../../libkernel32.a(dujcs01140.o)
 .idata$7       0x0040b59c        0x4 c:/devenv/mingw/bin/../lib/gcc/mingw32/6.3.0/../../../libkernel32.a(dujcs01173.o)
 .idata$7       0x0040b5a0        0x4 c:/devenv/mingw/bin/../lib/gcc/mingw32/6.3.0/../../../libkernel32.a(dujcs01213.o)
 .idata$7       0x0040b5a4        0x4 c:/devenv/mingw/bin/../lib/gcc/mingw32/6.3.0/../../../libkernel32.a(dujcs01215.o)
 .idata$7       0x0040b5a8       0x10 c:/devenv/mingw/bin/../lib/gcc/mingw32/6.3.0/../../../libkernel32.a(dujct.o)
                0x0040b5a8                _libkernel32_a_iname
 .idata$7       0x0040b5b8        0x4 c:/devenv/mingw/bin/../lib/gcc/mingw32/6.3.0/../../../libmoldname.a(dagwbs00080.o)
 .idata$7       0x0040b5bc        0x4 c:/devenv/mingw/bin/../lib/gcc/mingw32/6.3.0/../../../libmoldname.a(dagwbs00082.o)
 .idata$7       0x0040b5c0        0xc c:/devenv/mingw/bin/../lib/gcc/mingw32/6.3.0/../../../libmoldname.a(dagwbt.o)
                0x0040b5c0                _libmoldname_a_iname
 .idata$7       0x0040b5cc        0x4 c:/devenv/mingw/bin/../lib/gcc/mingw32/6.3.0/../../../libmsvcrt.a(djpvbs00088.o)
 .idata$7       0x0040b5d0        0x4 c:/devenv/mingw/bin/../lib/gcc/mingw32/6.3.0/../../../libmsvcrt.a(djpvbs00119.o)
 .idata$7       0x0040b5d4        0x4 c:/devenv/mingw/bin/../lib/gcc/mingw32/6.3.0/../../../libmsvcrt.a(djpvbs00131.o)
 .idata$7       0x0040b5d8        0x4 c:/devenv/mingw/bin/../lib/gcc/mingw32/6.3.0/../../../libmsvcrt.a(djpvbs00133.o)
 .idata$7       0x0040b5dc        0x4 c:/devenv/mingw/bin/../lib/gcc/mingw32/6.3.0/../../../libmsvcrt.a(djpvbs00153.o)
 .idata$7       0x0040b5e0        0x4 c:/devenv/mingw/bin/../lib/gcc/mingw32/6.3.0/../../../libmsvcrt.a(djpvbs00219.o)
 .idata$7       0x0040b5e4        0x4 c:/devenv/mingw/bin/../lib/gcc/mingw32/6.3.0/../../../libmsvcrt.a(djpvbs00285.o)
 .idata$7       0x0040b5e8        0x4 c:/devenv/mingw/bin/../lib/gcc/mingw32/6.3.0/../../../libmsvcrt.a(djpvbs00324.o)
 .idata$7       0x0040b5ec        0x4 c:/devenv/mingw/bin/../lib/gcc/mingw32/6.3.0/../../../libmsvcrt.a(djpvbs00350.o)
 .idata$7       0x0040b5f0        0x4 c:/devenv/mingw/bin/../lib/gcc/mingw32/6.3.0/../../../libmsvcrt.a(djpvbs00417.o)
 .idata$7       0x0040b5f4        0x4 c:/devenv/mingw/bin/../lib/gcc/mingw32/6.3.0/../../../libmsvcrt.a(djpvbs00422.o)
 .idata$7       0x0040b5f8        0x4 c:/devenv/mingw/bin/../lib/gcc/mingw32/6.3.0/../../../libmsvcrt.a(djpvbs00689.o)
 .idata$7       0x0040b5fc        0x4 c:/devenv/mingw/bin/../lib/gcc/mingw32/6.3.0/../../../libmsvcrt.a(djpvbs00698.o)
 .idata$7       0x0040b600        0x4 c:/devenv/mingw/bin/../lib/gcc/mingw32/6.3.0/../../../libmsvcrt.a(djpvbs00753.o)
 .idata$7       0x0040b604        0x4 c:/devenv/mingw/bin/../lib/gcc/mingw32/6.3.0/../../../libmsvcrt.a(djpvbs01083.o)
 .idata$7       0x0040b608        0x4 c:/devenv/mingw/bin/../lib/gcc/mingw32/6.3.0/../../../libmsvcrt.a(djpvbs01091.o)
 .idata$7       0x0040b60c        0x4 c:/devenv/mingw/bin/../lib/gcc/mingw32/6.3.0/../../../libmsvcrt.a(djpvbs01098.o)
 .idata$7       0x0040b610        0x4 c:/devenv/mingw/bin/../lib/gcc/mingw32/6.3.0/../../../libmsvcrt.a(djpvbs01111.o)
 .idata$7       0x0040b614        0x4 c:/devenv/mingw/bin/../lib/gcc/mingw32/6.3.0/../../../libmsvcrt.a(djpvbs01122.o)
 .idata$7       0x0040b618        0x4 c:/devenv/mingw/bin/../lib/gcc/mingw32/6.3.0/../../../libmsvcrt.a(djpvbs01130.o)
 .idata$7       0x0040b61c        0x4 c:/devenv/mingw/bin/../lib/gcc/mingw32/6.3.0/../../../libmsvcrt.a(djpvbs01131.o)
 .idata$7       0x0040b620        0x4 c:/devenv/mingw/bin/../lib/gcc/mingw32/6.3.0/../../../libmsvcrt.a(djpvbs01137.o)
 .idata$7       0x0040b624        0x4 c:/devenv/mingw/bin/../lib/gcc/mingw32/6.3.0/../../../libmsvcrt.a(djpvbs01139.o)
 .idata$7       0x0040b628        0x4 c:/devenv/mingw/bin/../lib/gcc/mingw32/6.3.0/../../../libmsvcrt.a(djpvbs01142.o)
 .idata$7       0x0040b62c        0x4 c:/devenv/mingw/bin/../lib/gcc/mingw32/6.3.0/../../../libmsvcrt.a(djpvbs01187.o)
 .idata$7       0x0040b630        0x4 c:/devenv/mingw/bin/../lib/gcc/mingw32/6.3.0/../../../libmsvcrt.a(djpvbs01194.o)
 .idata$7       0x0040b634        0x4 c:/devenv/mingw/bin/../lib/gcc/mingw32/6.3.0/../../../libmsvcrt.a(djpvbs01199.o)
 .idata$7       0x0040b638        0x4 c:/devenv/mingw/bin/../lib/gcc/mingw32/6.3.0/../../../libmsvcrt.a(djpvbs01203.o)
 .idata$7       0x0040b63c        0x4 c:/devenv/mingw/bin/../lib/gcc/mingw32/6.3.0/../../../libmsvcrt.a(djpvbs01208.o)
 .idata$7       0x0040b640        0x4 c:/devenv/mingw/bin/../lib/gcc/mingw32/6.3.0/../../../libmsvcrt.a(djpvbs01212.o)
 .idata$7       0x0040b644        0x4 c:/devenv/mingw/bin/../lib/gcc/mingw32/6.3.0/../../../libmsvcrt.a(djpvbs01220.o)
 .idata$7       0x0040b648        0x4 c:/devenv/mingw/bin/../lib/gcc/mingw32/6.3.0/../../../libmsvcrt.a(djpvbs01227.o)
 .idata$7       0x0040b64c        0x4 c:/devenv/mingw/bin/../lib/gcc/mingw32/6.3.0/../../../libmsvcrt.a(djpvbs01229.o)
 .idata$7       0x0040b650        0x4 c:/devenv/mingw/bin/../lib/gcc/mingw32/6.3.0/../../../libmsvcrt.a(djpvbs01232.o)
 .idata$7       0x0040b654        0x4 c:/devenv/mingw/bin/../lib/gcc/mingw32/6.3.0/../../../libmsvcrt.a(djpvbs01242.o)
 .idata$7       0x0040b658        0x4 c:/devenv/mingw/bin/../lib/gcc/mingw32/6.3.0/../../../libmsvcrt.a(djpvbs01249.o)
 .idata$7       0x0040b65c        0x4 c:/devenv/mingw/bin/../lib/gcc/mingw32/6.3.0/../../../libmsvcrt.a(djpvbs01252.o)
 .idata$7       0x0040b660        0x4 c:/devenv/mingw/bin/../lib/gcc/mingw32/6.3.0/../../../libmsvcrt.a(djpvbs01277.o)
 .idata$7       0x0040b664        0x4 c:/devenv/mingw/bin/../lib/gcc/mingw32/6.3.0/../../../libmsvcrt.a(djpvbs01284.o)
 .idata$7       0x0040b668        0x4 c:/devenv/mingw/bin/../lib/gcc/mingw32/6.3.0/../../../libmsvcrt.a(djpvbs01325.o)
 .idata$7       0x0040b66c        0xc c:/devenv/mingw/bin/../lib/gcc/mingw32/6.3.0/../../../libmsvcrt.a(djpvbt.o)
                0x0040b66c                _libmsvcrt_a_iname

.CRT            0x0040c000      0x200
                0x0040c000                ___crt_xc_start__ = .
 *(SORT(.CRT$XC*))
                0x0040c000                ___crt_xc_end__ = .
                0x0040c000                ___crt_xi_start__ = .
 *(SORT(.CRT$XI*))
                0x0040c000                ___crt_xi_end__ = .
                0x0040c000                ___crt_xl_start__ = .
 *(SORT(.CRT$XL*))
 .CRT$XLA       0x0040c000        0x4 c:/devenv/mingw/bin/../lib/gcc/mingw32/6.3.0/../../../libmingw32.a(tlssup.o)
                0x0040c000                __xl_a
 .CRT$XLC       0x0040c004        0x4 c:/devenv/mingw/bin/../lib/gcc/mingw32/6.3.0/../../../libmingw32.a(tlssup.o)
                0x0040c004                __xl_c
 .CRT$XLD       0x0040c008        0x4 c:/devenv/mingw/bin/../lib/gcc/mingw32/6.3.0/../../../libmingw32.a(tlssup.o)
                0x0040c008                __xl_d
 .CRT$XLZ       0x0040c00c        0x4 c:/devenv/mingw/bin/../lib/gcc/mingw32/6.3.0/../../../libmingw32.a(tlssup.o)
                0x0040c00c                __xl_z
                0x0040c010                ___crt_xp_start__ = .
 *(SORT(.CRT$XP*))
                0x0040c010                ___crt_xp_end__ = .
                0x0040c010                ___crt_xt_start__ = .
 *(SORT(.CRT$XT*))
                0x0040c010                ___crt_xt_end__ = .
 .CRT$XDA       0x0040c010        0x4 c:/devenv/mingw/bin/../lib/gcc/mingw32/6.3.0/../../../libmingw32.a(tlssup.o)
 .CRT$XDZ       0x0040c014        0x4 c:/devenv/mingw/bin/../lib/gcc/mingw32/6.3.0/../../../libmingw32.a(tlssup.o)

.tls            0x0040d000      0x200
                0x0040d000                ___tls_start__ = .
 *(.tls$AAA)
 .tls$AAA       0x0040d000        0x4 c:/devenv/mingw/bin/../lib/gcc/mingw32/6.3.0/../../../libmingw32.a(tlssup.o)
                0x0040d000                _tls_start
 *(.tls)
 .tls           0x0040d004       0x18 c:/devenv/mingw/bin/../lib/gcc/mingw32/6.3.0/../../../libmingw32.a(tlssup.o)
                0x0040d004                _tls_used
 *(.tls$)
 *(SORT(.tls$*))
 .tls$ZZZ       0x0040d01c        0x4 c:/devenv/mingw/bin/../lib/gcc/mingw32/6.3.0/../../../libmingw32.a(tlssup.o)
                0x0040d01c                _tls_end
 *(.tls$ZZZ)
                0x0040d020                ___tls_end__ = .

.endjunk        0x0040e000        0x0
                [!provide]                PROVIDE (end, .)
                [!provide]                PROVIDE (_end, .)
                0x0040e000                __end__ = .

.rsrc
 *(.rsrc)
 *(.rsrc$*)

.reloc
 *(.reloc)

.stab
 *(.stab)

.stabstr
 *(.stabstr)

.debug_aranges  0x0040e000      0x200
 *(.debug_aranges)
 .debug_aranges
                0x0040e000       0x20 c:/devenv/mingw/bin/../lib/gcc/mingw32/6.3.0/libgcc.a(_chkstk_ms.o)
 .debug_aranges
                0x0040e020       0x18 c:/devenv/mingw/bin/../lib/gcc/mingw32/6.3.0/libgcc.a(_ctors.o)

.zdebug_aranges
 *(.zdebug_aranges)

.debug_pubnames
 *(.debug_pubnames)

.zdebug_pubnames
 *(.zdebug_pubnames)

.debug_pubtypes
 *(.debug_pubtypes)

.zdebug_pubtypes
 *(.zdebug_pubtypes)

.debug_info     0x0040f000     0x1e00
 *(.debug_info .gnu.linkonce.wi.*)
 .debug_info    0x0040f000       0xa7 c:/devenv/mingw/bin/../lib/gcc/mingw32/6.3.0/libgcc.a(_chkstk_ms.o)
 .debug_info    0x0040f0a7     0x1c58 c:/devenv/mingw/bin/../lib/gcc/mingw32/6.3.0/libgcc.a(_ctors.o)

.zdebug_info
 *(.zdebug_info .zdebug.gnu.linkonce.wi.*)

.debug_abbrev   0x00411000      0x200
 *(.debug_abbrev)
 .debug_abbrev  0x00411000       0x14 c:/devenv/mingw/bin/../lib/gcc/mingw32/6.3.0/libgcc.a(_chkstk_ms.o)
 .debug_abbrev  0x00411014      0x11b c:/devenv/mingw/bin/../lib/gcc/mingw32/6.3.0/libgcc.a(_ctors.o)

.zdebug_abbrev
 *(.zdebug_abbrev)

.debug_line     0x00412000      0x200
 *(.debug_line)
 .debug_line    0x00412000       0x71 c:/devenv/mingw/bin/../lib/gcc/mingw32/6.3.0/libgcc.a(_chkstk_ms.o)
 .debug_line    0x00412071      0x157 c:/devenv/mingw/bin/../lib/gcc/mingw32/6.3.0/libgcc.a(_ctors.o)

.zdebug_line
 *(.zdebug_line)

.debug_frame    0x00413000      0x200
 *(.debug_frame*)
 .debug_frame   0x00413000       0x38 c:/devenv/mingw/bin/../lib/gcc/mingw32/6.3.0/libgcc.a(_chkstk_ms.o)

.zdebug_frame
 *(.zdebug_frame*)

.debug_str      0x00414000        0x0
 *(.debug_str)
 .debug_str     0x00414000        0x0 c:/devenv/mingw/bin/../lib/gcc/mingw32/6.3.0/libgcc.a(_ctors.o)

.zdebug_str
 *(.zdebug_str)

.debug_loc
 *(.debug_loc)

.zdebug_loc
 *(.zdebug_loc)

.debug_macinfo
 *(.debug_macinfo)

.zdebug_macinfo
 *(.zdebug_macinfo)

.debug_weaknames
 *(.debug_weaknames)

.zdebug_weaknames
 *(.zdebug_weaknames)

.debug_funcnames
 *(.debug_funcnames)

.zdebug_funcnames
 *(.zdebug_funcnames)

.debug_typenames
 *(.debug_typenames)

.zdebug_typenames
 *(.zdebug_typenames)

.debug_varnames
 *(.debug_varnames)

.zdebug_varnames
 *(.zdebug_varnames)

.debug_macro
 *(.debug_macro)

.zdebug_macro
 *(.zdebug_macro)

.debug_ranges
 *(.debug_ranges)

.zdebug_ranges
 *(.zdebug_ranges)

.debug_types
 *(.debug_types .gnu.linkonce.wt.*)

.zdebug_types
 *(.zdebug_types .gnu.linkonce.wt.*)
OUTPUT(./obj/bin_tool.exe pei-i386)
