<html>
<body>
<pre>
<h1>킮ision Build Log</h1>
<h2>Tool Versions:</h2>
IDE-Version: μVision V5.23.0.0
Copyright (C) 2017 ARM Ltd and ARM Germany GmbH. All rights reserved.
License Information: LX Semicon LX Semicon, LX Semicon Co., Ltd., LIC=8WSNR-KWL6M-MWI2L-YV1JX-47UGM-XLR9Z
 
Tool Versions:
Toolchain:       MDK-ARM Standard Cortex-M only  Version: 5.23
Toolchain Path:  C:\Keil_v5\ARM\ARMCC\Bin
C Compiler:      Armcc.exe V5.06 update 4 (build 422)
Assembler:       Armasm.exe V5.06 update 4 (build 422)
Linker/Locator:  ArmLink.exe V5.06 update 4 (build 422)
Library Manager: ArmAr.exe V5.06 update 4 (build 422)
Hex Converter:   FromElf.exe V5.06 update 4 (build 422)
CPU DLL:         SARMCM3.DLL V5.23
Dialog DLL:      DCM.DLL V1.15.0.0
Target DLL:      UL2CM3.DLL V1.159.7.0
Dialog DLL:      TCM.DLL V1.27.0.0
 
<h2>Project:</h2>
C:\Users\heon2\Desktop\work\git\27inch_QHD\SW42101M_MNT_2700QHD_LX98405_Core_v0009_App_v0009\KeilProjects\APPLICATION_USEBOOT_16KB\APPLICATION_USEBOOT_16KB.uvprojx
Project File Date:  06/12/2023

<h2>Output:</h2>
*** Using Compiler 'V5.06 update 4 (build 422)', folder: 'C:\Keil_v5\ARM\ARMCC\Bin'
Build Project 'APPLICATION_USEBOOT_16KB' - Target 'MFTP FPGA'
compiling app_info.c...
compiling app.c...
compiling app_main.c...
compiling app_test_main.c...
compiling app_test_sirc.c...
compiling app_test_pwm.c...
compiling app_dfup.c...
C:\Users\heon2\Desktop\work\git\27inch_QHD\SW42101M_MNT_2700QHD_LX98405_Core_v0009_App_v0009\App\app_dfup.c(65): warning:  #111-D: statement is unreachable
  	return eRegMainState;
..\..\App\app_dfup.c: 1 warning, 0 errors
compiling app_conf.c...
compiling app_test_func.c...
compiling app_normal.c...
C:\Users\heon2\Desktop\work\git\27inch_QHD\SW42101M_MNT_2700QHD_LX98405_Core_v0009_App_v0009\App\app_normal.c(318): warning:  #223-D: function "algorithm_PendTouchEvent" declared implicitly
  					algorithm_PendTouchEvent();
..\..\App\app_normal.c: 1 warning, 0 errors
compiling app_diag.c...
C:\Users\heon2\Desktop\work\git\27inch_QHD\SW42101M_MNT_2700QHD_LX98405_Core_v0009_App_v0009\App\app_diag.c(95): warning:  #223-D: function "LX98405_EvenOdd_Short_Setting" declared implicitly
  	LX98405_EvenOdd_Short_Setting(index);  // Even Short...
C:\Users\heon2\Desktop\work\git\27inch_QHD\SW42101M_MNT_2700QHD_LX98405_Core_v0009_App_v0009\App\app_diag.c(97): warning:  #223-D: function "LX98405_Short_Local_Global_Tune" declared implicitly
  	LX98405_Short_Local_Global_Tune();
C:\Users\heon2\Desktop\work\git\27inch_QHD\SW42101M_MNT_2700QHD_LX98405_Core_v0009_App_v0009\App\app_diag.c(160): warning:  #223-D: function "LX98405_OpenShort_SourceGnd_Setting" declared implicitly
  	LX98405_OpenShort_SourceGnd_Setting();
C:\Users\heon2\Desktop\work\git\27inch_QHD\SW42101M_MNT_2700QHD_LX98405_Core_v0009_App_v0009\App\app_diag.c(162): warning:  #223-D: function "LX98405_OpenShort_Local_Global_Tune" declared implicitly
  	LX98405_OpenShort_Local_Global_Tune();
C:\Users\heon2\Desktop\work\git\27inch_QHD\SW42101M_MNT_2700QHD_LX98405_Core_v0009_App_v0009\App\app_diag.c(165): warning:  #223-D: function "LX98405_OpenShort_Mux_Low_En" declared implicitly
  		LX98405_OpenShort_Mux_Low_En(1);
C:\Users\heon2\Desktop\work\git\27inch_QHD\SW42101M_MNT_2700QHD_LX98405_Core_v0009_App_v0009\App\app_diag.c(167): warning:  #223-D: function "LX98405_OpenShort_Mux_Low_En" declared implicitly
  		LX98405_OpenShort_Mux_Low_En(2);
C:\Users\heon2\Desktop\work\git\27inch_QHD\SW42101M_MNT_2700QHD_LX98405_Core_v0009_App_v0009\App\app_diag.c(169): warning:  #223-D: function "LX98405_OpenShort_Mux_Low_En" declared implicitly
  		LX98405_OpenShort_Mux_Low_En(4);
C:\Users\heon2\Desktop\work\git\27inch_QHD\SW42101M_MNT_2700QHD_LX98405_Core_v0009_App_v0009\App\app_diag.c(171): warning:  #223-D: function "LX98405_OpenShort_Mux_Low_En" declared implicitly
  		LX98405_OpenShort_Mux_Low_En(8);
C:\Users\heon2\Desktop\work\git\27inch_QHD\SW42101M_MNT_2700QHD_LX98405_Core_v0009_App_v0009\App\app_diag.c(173): warning:  #223-D: function "LX98405_OpenShort_Mux_Low_En" declared implicitly
  		LX98405_OpenShort_Mux_Low_En(16);
C:\Users\heon2\Desktop\work\git\27inch_QHD\SW42101M_MNT_2700QHD_LX98405_Core_v0009_App_v0009\App\app_diag.c(215): warning:  #223-D: function "LX98405_Reg_Restore_Setting" declared implicitly
  	LX98405_Reg_Restore_Setting(index);
C:\Users\heon2\Desktop\work\git\27inch_QHD\SW42101M_MNT_2700QHD_LX98405_Core_v0009_App_v0009\App\app_diag.c(410): warning:  #177-D: variable "err_flag"  was declared but never referenced
  						uint8_t err_flag = 0;
C:\Users\heon2\Desktop\work\git\27inch_QHD\SW42101M_MNT_2700QHD_LX98405_Core_v0009_App_v0009\App\app_diag.c(236): warning:  #177-D: variable "k"  was declared but never referenced
      int k, j;
C:\Users\heon2\Desktop\work\git\27inch_QHD\SW42101M_MNT_2700QHD_LX98405_Core_v0009_App_v0009\App\app_diag.c(236): warning:  #177-D: variable "j"  was declared but never referenced
      int k, j;
C:\Users\heon2\Desktop\work\git\27inch_QHD\SW42101M_MNT_2700QHD_LX98405_Core_v0009_App_v0009\App\app_diag.c(237): warning:  #177-D: variable "tcnt"  was declared but never referenced
      int tcnt = 1;
C:\Users\heon2\Desktop\work\git\27inch_QHD\SW42101M_MNT_2700QHD_LX98405_Core_v0009_App_v0009\App\app_diag.c(67): warning:  #177-D: function "app_diag_CMuxOFF_Control"  was declared but never referenced
  static void app_diag_CMuxOFF_Control(bool_t bIsEn)
..\..\App\app_diag.c: 15 warnings, 0 errors
compiling algorithm_conf.c...
assembling startup.s...
compiling hal_fnc.c...
compiling hal_conf.c...
compiling algorithm_noise.c...
compiling interrupt.c...
compiling algorithm_baseline.c...
C:\Users\heon2\Desktop\work\git\27inch_QHD\SW42101M_MNT_2700QHD_LX98405_Core_v0009_App_v0009\App\Algorithm\Baseline\algorithm_baseline.c(214): warning:  #177-D: variable "traking_en"  was declared but never referenced
  	static bool_t traking_en = 0;
C:\Users\heon2\Desktop\work\git\27inch_QHD\SW42101M_MNT_2700QHD_LX98405_Core_v0009_App_v0009\App\Algorithm\Baseline\algorithm_baseline.c(393): warning:  #177-D: variable "idx"  was declared but never referenced
  	int r, c,idx;
..\..\App\Algorithm\Baseline\algorithm_baseline.c: 2 warnings, 0 errors
compiling algorithm.c...
C:\Users\heon2\Desktop\work\git\27inch_QHD\SW42101M_MNT_2700QHD_LX98405_Core_v0009_App_v0009\App\Algorithm\algorithm.c(226): warning:  #223-D: function "algorithm_label_init_param" declared implicitly
  	algorithm_label_init_param();
..\..\App\Algorithm\algorithm.c: 1 warning, 0 errors
compiling hal.c...
C:\Users\heon2\Desktop\work\git\27inch_QHD\SW42101M_MNT_2700QHD_LX98405_Core_v0009_App_v0009\Hal\hal.c(301): warning:  #177-D: variable "InitFail"  was declared but never referenced
  	int InitFail;
C:\Users\heon2\Desktop\work\git\27inch_QHD\SW42101M_MNT_2700QHD_LX98405_Core_v0009_App_v0009\Hal\hal.c(302): warning:  #177-D: variable "fail"  was declared but never referenced
  	static int fail; 
..\..\Hal\hal.c: 2 warnings, 0 errors
compiling memory_pool.c...
compiling gpio.c...
compiling algorithm_label.c...
compiling i2c.c...
compiling dspA.c...
compiling systick.c...
compiling wdgt.c...
compiling pwmdrv.c...
compiling DSP_B.c...
compiling DSP_B_code.c...
compiling mspi.c...
C:\Users\heon2\Desktop\work\git\27inch_QHD\SW42101M_MNT_2700QHD_LX98405_Core_v0009_App_v0009\Hal\spi\mspi.c(645): warning:  #550-D: variable "pLengthAddr"  was set but never used
  	uint32_t *pLengthAddr, *pMisoAddr, *pMosiAddr;
C:\Users\heon2\Desktop\work\git\27inch_QHD\SW42101M_MNT_2700QHD_LX98405_Core_v0009_App_v0009\Hal\spi\mspi.c(645): warning:  #550-D: variable "pMisoAddr"  was set but never used
  	uint32_t *pLengthAddr, *pMisoAddr, *pMosiAddr;
C:\Users\heon2\Desktop\work\git\27inch_QHD\SW42101M_MNT_2700QHD_LX98405_Core_v0009_App_v0009\Hal\spi\mspi.c(645): warning:  #550-D: variable "pMosiAddr"  was set but never used
  	uint32_t *pLengthAddr, *pMisoAddr, *pMosiAddr;
C:\Users\heon2\Desktop\work\git\27inch_QHD\SW42101M_MNT_2700QHD_LX98405_Core_v0009_App_v0009\Hal\spi\mspi.c(827): warning:  #177-D: variable "pLengthAddr"  was declared but never referenced
  	uint32_t *pLengthAddr, *pMisoAddr, *pMosiAddr;
C:\Users\heon2\Desktop\work\git\27inch_QHD\SW42101M_MNT_2700QHD_LX98405_Core_v0009_App_v0009\Hal\spi\mspi.c(827): warning:  #177-D: variable "pMisoAddr"  was declared but never referenced
  	uint32_t *pLengthAddr, *pMisoAddr, *pMosiAddr;
C:\Users\heon2\Desktop\work\git\27inch_QHD\SW42101M_MNT_2700QHD_LX98405_Core_v0009_App_v0009\Hal\spi\mspi.c(827): warning:  #177-D: variable "pMosiAddr"  was declared but never referenced
  	uint32_t *pLengthAddr, *pMisoAddr, *pMosiAddr;
..\..\Hal\spi\mspi.c: 6 warnings, 0 errors
compiling algorithm_coord.c...
C:\Users\heon2\Desktop\work\git\27inch_QHD\SW42101M_MNT_2700QHD_LX98405_Core_v0009_App_v0009\App\Algorithm\Coord\algorithm_coord.c(276): warning:  #177-D: variable "i"  was declared but never referenced
  	int l,i,cl,pl,match_cl,match_pl;
C:\Users\heon2\Desktop\work\git\27inch_QHD\SW42101M_MNT_2700QHD_LX98405_Core_v0009_App_v0009\App\Algorithm\Coord\algorithm_coord.c(276): warning:  #177-D: variable "cl"  was declared but never referenced
  	int l,i,cl,pl,match_cl,match_pl;
C:\Users\heon2\Desktop\work\git\27inch_QHD\SW42101M_MNT_2700QHD_LX98405_Core_v0009_App_v0009\App\Algorithm\Coord\algorithm_coord.c(276): warning:  #177-D: variable "pl"  was declared but never referenced
  	int l,i,cl,pl,match_cl,match_pl;
C:\Users\heon2\Desktop\work\git\27inch_QHD\SW42101M_MNT_2700QHD_LX98405_Core_v0009_App_v0009\App\Algorithm\Coord\algorithm_coord.c(276): warning:  #177-D: variable "match_cl"  was declared but never referenced
  	int l,i,cl,pl,match_cl,match_pl;
C:\Users\heon2\Desktop\work\git\27inch_QHD\SW42101M_MNT_2700QHD_LX98405_Core_v0009_App_v0009\App\Algorithm\Coord\algorithm_coord.c(276): warning:  #177-D: variable "match_pl"  was declared but never referenced
  	int l,i,cl,pl,match_cl,match_pl;
C:\Users\heon2\Desktop\work\git\27inch_QHD\SW42101M_MNT_2700QHD_LX98405_Core_v0009_App_v0009\App\Algorithm\Coord\algorithm_coord.c(277): warning:  #177-D: variable "r"  was declared but never referenced
  	int r,c,_d;
C:\Users\heon2\Desktop\work\git\27inch_QHD\SW42101M_MNT_2700QHD_LX98405_Core_v0009_App_v0009\App\Algorithm\Coord\algorithm_coord.c(277): warning:  #177-D: variable "c"  was declared but never referenced
  	int r,c,_d;
C:\Users\heon2\Desktop\work\git\27inch_QHD\SW42101M_MNT_2700QHD_LX98405_Core_v0009_App_v0009\App\Algorithm\Coord\algorithm_coord.c(277): warning:  #177-D: variable "_d"  was declared but never referenced
  	int r,c,_d;
C:\Users\heon2\Desktop\work\git\27inch_QHD\SW42101M_MNT_2700QHD_LX98405_Core_v0009_App_v0009\App\Algorithm\Coord\algorithm_coord.c(278): warning:  #177-D: variable "ulStrength"  was declared but never referenced
  	uint32_t ulStrength = 0;
C:\Users\heon2\Desktop\work\git\27inch_QHD\SW42101M_MNT_2700QHD_LX98405_Core_v0009_App_v0009\App\Algorithm\Coord\algorithm_coord.c(279): warning:  #177-D: variable "PrevFinger_"  was declared but never referenced
  	uint8_t PrevFinger_ = 0;
C:\Users\heon2\Desktop\work\git\27inch_QHD\SW42101M_MNT_2700QHD_LX98405_Core_v0009_App_v0009\App\Algorithm\Coord\algorithm_coord.c(280): warning:  #177-D: variable "MaxDist"  was declared but never referenced
  	int MaxDist = 0, dist = 0, MinDist = 0;
C:\Users\heon2\Desktop\work\git\27inch_QHD\SW42101M_MNT_2700QHD_LX98405_Core_v0009_App_v0009\App\Algorithm\Coord\algorithm_coord.c(280): warning:  #177-D: variable "dist"  was declared but never referenced
  	int MaxDist = 0, dist = 0, MinDist = 0;
C:\Users\heon2\Desktop\work\git\27inch_QHD\SW42101M_MNT_2700QHD_LX98405_Core_v0009_App_v0009\App\Algorithm\Coord\algorithm_coord.c(280): warning:  #177-D: variable "MinDist"  was declared but never referenced
  	int MaxDist = 0, dist = 0, MinDist = 0;
C:\Users\heon2\Desktop\work\git\27inch_QHD\SW42101M_MNT_2700QHD_LX98405_Core_v0009_App_v0009\App\Algorithm\Coord\algorithm_coord.c(282): warning:  #177-D: variable "MaxTouchNum"  was declared but never referenced
  	uint8_t MaxTouchNum = 0;
C:\Users\heon2\Desktop\work\git\27inch_QHD\SW42101M_MNT_2700QHD_LX98405_Core_v0009_App_v0009\App\Algorithm\Coord\algorithm_coord.c(988): warning:  #177-D: variable "Dist"  was declared but never referenced
  		int Dist = 0, MaxDist = 0, MinDist = 0, BetDist = 480;
C:\Users\heon2\Desktop\work\git\27inch_QHD\SW42101M_MNT_2700QHD_LX98405_Core_v0009_App_v0009\App\Algorithm\Coord\algorithm_coord.c(988): warning:  #177-D: variable "MaxDist"  was declared but never referenced
  		int Dist = 0, MaxDist = 0, MinDist = 0, BetDist = 480;
C:\Users\heon2\Desktop\work\git\27inch_QHD\SW42101M_MNT_2700QHD_LX98405_Core_v0009_App_v0009\App\Algorithm\Coord\algorithm_coord.c(988): warning:  #177-D: variable "MinDist"  was declared but never referenced
  		int Dist = 0, MaxDist = 0, MinDist = 0, BetDist = 480;
C:\Users\heon2\Desktop\work\git\27inch_QHD\SW42101M_MNT_2700QHD_LX98405_Core_v0009_App_v0009\App\Algorithm\Coord\algorithm_coord.c(988): warning:  #177-D: variable "BetDist"  was declared but never referenced
  		int Dist = 0, MaxDist = 0, MinDist = 0, BetDist = 480;
C:\Users\heon2\Desktop\work\git\27inch_QHD\SW42101M_MNT_2700QHD_LX98405_Core_v0009_App_v0009\App\Algorithm\Coord\algorithm_coord.c(989): warning:  #177-D: variable "TempIdx"  was declared but never referenced
  		int8_t ThumbIdx = 0,TempIdx = 0;
C:\Users\heon2\Desktop\work\git\27inch_QHD\SW42101M_MNT_2700QHD_LX98405_Core_v0009_App_v0009\App\Algorithm\Coord\algorithm_coord.c(990): warning:  #177-D: variable "BitFlag"  was declared but never referenced
  		uint16_t BitFlag = 0;
C:\Users\heon2\Desktop\work\git\27inch_QHD\SW42101M_MNT_2700QHD_LX98405_Core_v0009_App_v0009\App\Algorithm\Coord\algorithm_coord.c(2643): warning:  #177-D: variable "ProjectionVector"  was declared but never referenced
  							tXY_t ProjectionVector, PrevVector, CurrVector, PredPos, P[3],V1,V2;
C:\Users\heon2\Desktop\work\git\27inch_QHD\SW42101M_MNT_2700QHD_LX98405_Core_v0009_App_v0009\App\Algorithm\Coord\algorithm_coord.c(2643): warning:  #177-D: variable "PrevVector"  was declared but never referenced
  							tXY_t ProjectionVector, PrevVector, CurrVector, PredPos, P[3],V1,V2;
C:\Users\heon2\Desktop\work\git\27inch_QHD\SW42101M_MNT_2700QHD_LX98405_Core_v0009_App_v0009\App\Algorithm\Coord\algorithm_coord.c(2643): warning:  #177-D: variable "CurrVector"  was declared but never referenced
  							tXY_t ProjectionVector, PrevVector, CurrVector, PredPos, P[3],V1,V2;
C:\Users\heon2\Desktop\work\git\27inch_QHD\SW42101M_MNT_2700QHD_LX98405_Core_v0009_App_v0009\App\Algorithm\Coord\algorithm_coord.c(2643): warning:  #177-D: variable "PredPos"  was declared but never referenced
  							tXY_t ProjectionVector, PrevVector, CurrVector, PredPos, P[3],V1,V2;
C:\Users\heon2\Desktop\work\git\27inch_QHD\SW42101M_MNT_2700QHD_LX98405_Core_v0009_App_v0009\App\Algorithm\Coord\algorithm_coord.c(2770): warning:  #177-D: variable "InnerProduct"  was declared but never referenced
  									int InnerProduct;
C:\Users\heon2\Desktop\work\git\27inch_QHD\SW42101M_MNT_2700QHD_LX98405_Core_v0009_App_v0009\App\Algorithm\Coord\algorithm_coord.c(2447): warning:  #177-D: variable "coord_array"  was declared but never referenced
  			tXY_t coord_array[7];
..\..\App\Algorithm\Coord\algorithm_coord.c: 26 warnings, 0 errors
compiling Pe_my_usbtable.c...
compiling misc.c...
compiling timer.c...
compiling scrb.c...
compiling module_conf.c...
compiling flitf.c...
compiling sric.c...
C:\Users\heon2\Desktop\work\git\27inch_QHD\SW42101M_MNT_2700QHD_LX98405_Core_v0009_App_v0009\Module\SRIC\sric.c(519): warning:  #177-D: variable "k"  was declared but never referenced
  	int i, k;
C:\Users\heon2\Desktop\work\git\27inch_QHD\SW42101M_MNT_2700QHD_LX98405_Core_v0009_App_v0009\Module\SRIC\sric.c(521): warning:  #177-D: variable "pR1_Reg"  was declared but never referenced
  	uint16_t * pR1_Reg;
C:\Users\heon2\Desktop\work\git\27inch_QHD\SW42101M_MNT_2700QHD_LX98405_Core_v0009_App_v0009\Module\SRIC\sric.c(522): warning:  #177-D: variable "chkcnt"  was declared but never referenced
  	int chkcnt = 3;
C:\Users\heon2\Desktop\work\git\27inch_QHD\SW42101M_MNT_2700QHD_LX98405_Core_v0009_App_v0009\Module\SRIC\sric.c(754): warning:  #111-D: statement is unreachable
  			SRIC_Run();
C:\Users\heon2\Desktop\work\git\27inch_QHD\SW42101M_MNT_2700QHD_LX98405_Core_v0009_App_v0009\Module\SRIC\sric.c(805): warning:  #223-D: function "LX98405_RegisterInit" declared implicitly
  	LX98405_RegisterInit(eSensingMode);
..\..\Module\SRIC\sric.c: 5 warnings, 0 errors
compiling module.c...
C:\Users\heon2\Desktop\work\git\27inch_QHD\SW42101M_MNT_2700QHD_LX98405_Core_v0009_App_v0009\Module\module.c(828): warning:  #550-D: variable "eSensingMode"  was set but never used
  	eSENSING_MODE_t eSensingMode;
..\..\Module\module.c: 1 warning, 0 errors
compiling crc.c...
compiling protocol.c...
compiling protocol_conf.c...
compiling Pe_usb.c...
C:\Users\heon2\Desktop\work\git\27inch_QHD\SW42101M_MNT_2700QHD_LX98405_Core_v0009_App_v0009\Hal\usb\FWOTG210_F000\Pe_usb.c(1017): warning:  #177-D: label "SENDTOUCHDATA__GOTO_END"  was declared but never referenced
  SENDTOUCHDATA__GOTO_END:
..\..\Hal\usb\FWOTG210_F000\Pe_usb.c: 1 warning, 0 errors
compiling roic_ctrl_lx98405.c...
C:\Users\heon2\Desktop\work\git\27inch_QHD\SW42101M_MNT_2700QHD_LX98405_Core_v0009_App_v0009\Module\SRIC\lx98405\roic_ctrl_lx98405.c(26): warning:  #177-D: variable "ulBuf_w"  was declared but never referenced
      uint32_t ulBuf_w[8];
..\..\Module\SRIC\lx98405\roic_ctrl_lx98405.c: 1 warning, 0 errors
compiling protocol_dfup.c...
compiling protocol_log.c...
compiling param.c...
compiling param_config_fixed.c...
compiling protocol_swip.c...
compiling param_config_preset.c...
linking...
Program Size: Code=48180 RO-data=1020 RW-data=24780 ZI-data=112340  
FromELF: creating hex file...
After Build - User command #1: app_Build_post_process.bat
C:\Users\heon2\Desktop\work\git\27inch_QHD\SW42101M_MNT_2700QHD_LX98405_Core_v0009_App_v0009\KeilProjects\APPLICATION_USEBOOT_16KB>C:\Keil_v5\ARM\ARMCC\bin\fromelf.exe --bin "bin\MFTP.axf" -o "bin\Binary\APP.bin" 
C:\Users\heon2\Desktop\work\git\27inch_QHD\SW42101M_MNT_2700QHD_LX98405_Core_v0009_App_v0009\KeilProjects\APPLICATION_USEBOOT_16KB>copy "bin\MFTP.axf" "bin\Binary\APP.axf" 
        1개 파일이 복사되었습니다.
C:\Users\heon2\Desktop\work\git\27inch_QHD\SW42101M_MNT_2700QHD_LX98405_Core_v0009_App_v0009\KeilProjects\APPLICATION_USEBOOT_16KB>copy "bin\MFTP.hex" "bin\Binary\APP.hex" 
        1개 파일이 복사되었습니다.
C:\Users\heon2\Desktop\work\git\27inch_QHD\SW42101M_MNT_2700QHD_LX98405_Core_v0009_App_v0009\KeilProjects\APPLICATION_USEBOOT_16KB>copy "list\MFTP.map" "bin\Binary\APP.map" 
        1개 파일이 복사되었습니다.
C:\Users\heon2\Desktop\work\git\27inch_QHD\SW42101M_MNT_2700QHD_LX98405_Core_v0009_App_v0009\KeilProjects\APPLICATION_USEBOOT_16KB>fromelf -c -d -o "bin\Binary\APP.lst" "bin\Binary\APP.axf" 
C:\Users\heon2\Desktop\work\git\27inch_QHD\SW42101M_MNT_2700QHD_LX98405_Core_v0009_App_v0009\KeilProjects\APPLICATION_USEBOOT_16KB>..\tool\Bin_Tool_Firmware_Boot_16KB.exe "..\APPLICATION_USEBOOT_16KB\bin\Binary\APP.bin" "..\APPLICATION_USEBOOT_16KB\bin\Binary\SW42101_VBS_140FHD_APP_vxx.xx.img" 
<< SW42101 Firmware Tool version 00.01 >>
==================================
ECC Block Number : 432
ECC Size : 00000510(1296)
==================================
Firmware Code Size : 0000ECD0(60624)
Firmware CRC : 6593E03D
==================================
C:\Users\heon2\Desktop\work\git\27inch_QHD\SW42101M_MNT_2700QHD_LX98405_Core_v0009_App_v0009\KeilProjects\APPLICATION_USEBOOT_16KB>copy /b "..\tool\ECC_BOOT_x_xx.img" + "..\APPLICATION_USEBOOT_16KB\bin\Binary\SW42101_VBS_140FHD_APP_vxx.xx.img" "..\APPLICATION_USEBOOT_16KB\bin\Binary\SW42101_VBS_140FHD_TOTAL_vxx.xx.img" 
..\tool\ECC_BOOT_x_xx.img
..\APPLICATION_USEBOOT_16KB\bin\Binary\SW42101_VBS_140FHD_APP_vxx.xx.img
        1개 파일이 복사되었습니다.
".\bin\MFTP.axf" - 0 Error(s), 62 Warning(s).

<h2>Collection of Component include folders:</h2>
  .\RTE\_MFTP_FPGA
  C:\Keil_v5\ARM\PACK\ARM\CMSIS\5.0.1\Device\ARM\ARMCM3\Include

<h2>Collection of Component Files used:</h2>
Build Time Elapsed:  00:00:06
</pre>
</body>
</html>
